Using run: /home/omo26/Non-Rev-Owen/mcmaze/runs/20260805_165929_d128_h256_dep2_bs64_ep150_lr5e-04_lxp0.0_lbt0.0_lcca10.0_sig10.0_s3
Using checkpoint: /home/omo26/Non-Rev-Owen/mcmaze/runs/20260805_165929_d128_h256_dep2_bs64_ep150_lr5e-04_lxp0.0_lbt0.0_lcca10.0_sig10.0_s3/checkpoints/best.pt
Embedder initialization: pretrained
Loaded checkpoint from epoch 80
Loading MC Maze data and computing neural windows...
Trials: train=1722 val=573  channels=137  input_window=150 bins  target_window=90 bins  context=30 bins/side
Loading hand velocity and building future targets...
Target: hand_vel +100 ms (10 bins), units=stored NWB values
Valid future samples: 206,550/206,550
Computing pretrained-init frozen hidden features on cuda for feature statistics...
Decoder samples: train=154,980 val=51,570  features=d512
Training pretrained-init frozen-embedding MLP baseline...
MLP epoch   1/200  train mse(z)=0.3099  val mse(z)=0.1519
MLP epoch   2/200  train mse(z)=0.1583  val mse(z)=0.1348
MLP epoch   3/200  train mse(z)=0.1411  val mse(z)=0.1281
MLP epoch   4/200  train mse(z)=0.1327  val mse(z)=0.1246
MLP epoch   5/200  train mse(z)=0.1283  val mse(z)=0.1223
MLP epoch   6/200  train mse(z)=0.1243  val mse(z)=0.1215
MLP epoch   7/200  train mse(z)=0.1216  val mse(z)=0.1202
MLP epoch   8/200  train mse(z)=0.1189  val mse(z)=0.1187
MLP epoch   9/200  train mse(z)=0.1169  val mse(z)=0.1188
MLP epoch  10/200  train mse(z)=0.1157  val mse(z)=0.1179
MLP epoch  11/200  train mse(z)=0.1138  val mse(z)=0.1172
MLP epoch  12/200  train mse(z)=0.1125  val mse(z)=0.1167
MLP epoch  13/200  train mse(z)=0.1110  val mse(z)=0.1172
MLP epoch  14/200  train mse(z)=0.1104  val mse(z)=0.1160
MLP epoch  15/200  train mse(z)=0.1092  val mse(z)=0.1164
MLP epoch  16/200  train mse(z)=0.1082  val mse(z)=0.1159
MLP epoch  17/200  train mse(z)=0.1074  val mse(z)=0.1158
MLP epoch  18/200  train mse(z)=0.1066  val mse(z)=0.1158
MLP epoch  19/200  train mse(z)=0.1055  val mse(z)=0.1150
MLP epoch  20/200  train mse(z)=0.1046  val mse(z)=0.1160
MLP epoch  21/200  train mse(z)=0.1038  val mse(z)=0.1161
MLP epoch  22/200  train mse(z)=0.1039  val mse(z)=0.1159
MLP epoch  23/200  train mse(z)=0.1023  val mse(z)=0.1153
MLP epoch  24/200  train mse(z)=0.1021  val mse(z)=0.1159
MLP epoch  25/200  train mse(z)=0.1015  val mse(z)=0.1156
MLP epoch  26/200  train mse(z)=0.1010  val mse(z)=0.1160
MLP epoch  27/200  train mse(z)=0.1003  val mse(z)=0.1158
MLP epoch  28/200  train mse(z)=0.0997  val mse(z)=0.1153
MLP epoch  29/200  train mse(z)=0.0989  val mse(z)=0.1164
MLP epoch  30/200  train mse(z)=0.0988  val mse(z)=0.1160
MLP epoch  31/200  train mse(z)=0.0984  val mse(z)=0.1168
MLP epoch  32/200  train mse(z)=0.0978  val mse(z)=0.1163
MLP epoch  33/200  train mse(z)=0.0974  val mse(z)=0.1168
MLP epoch  34/200  train mse(z)=0.0964  val mse(z)=0.1150
MLP epoch  35/200  train mse(z)=0.0960  val mse(z)=0.1163
MLP epoch  36/200  train mse(z)=0.0960  val mse(z)=0.1171
MLP epoch  37/200  train mse(z)=0.0948  val mse(z)=0.1181
MLP epoch  38/200  train mse(z)=0.0957  val mse(z)=0.1168
MLP epoch  39/200  train mse(z)=0.0949  val mse(z)=0.1175
MLP epoch  40/200  train mse(z)=0.0949  val mse(z)=0.1157
MLP epoch  41/200  train mse(z)=0.0944  val mse(z)=0.1153
MLP epoch  42/200  train mse(z)=0.0938  val mse(z)=0.1168
MLP epoch  43/200  train mse(z)=0.0943  val mse(z)=0.1169
MLP epoch  44/200  train mse(z)=0.0939  val mse(z)=0.1181
MLP epoch  45/200  train mse(z)=0.0934  val mse(z)=0.1181
MLP epoch  46/200  train mse(z)=0.0928  val mse(z)=0.1178
MLP epoch  47/200  train mse(z)=0.0931  val mse(z)=0.1174
MLP epoch  48/200  train mse(z)=0.0917  val mse(z)=0.1171
MLP epoch  49/200  train mse(z)=0.0915  val mse(z)=0.1183
MLP epoch  50/200  train mse(z)=0.0914  val mse(z)=0.1180
MLP epoch  51/200  train mse(z)=0.0912  val mse(z)=0.1169
MLP epoch  52/200  train mse(z)=0.0912  val mse(z)=0.1178
MLP epoch  53/200  train mse(z)=0.0912  val mse(z)=0.1172
MLP epoch  54/200  train mse(z)=0.0914  val mse(z)=0.1184
MLP epoch  55/200  train mse(z)=0.0906  val mse(z)=0.1186
MLP epoch  56/200  train mse(z)=0.0900  val mse(z)=0.1183
MLP epoch  57/200  train mse(z)=0.0903  val mse(z)=0.1173
MLP epoch  58/200  train mse(z)=0.0892  val mse(z)=0.1196
MLP epoch  59/200  train mse(z)=0.0894  val mse(z)=0.1203
MLP epoch  60/200  train mse(z)=0.0898  val mse(z)=0.1179
MLP epoch  61/200  train mse(z)=0.0894  val mse(z)=0.1197
MLP epoch  62/200  train mse(z)=0.0892  val mse(z)=0.1187
MLP epoch  63/200  train mse(z)=0.0888  val mse(z)=0.1183
MLP epoch  64/200  train mse(z)=0.0888  val mse(z)=0.1180
MLP epoch  65/200  train mse(z)=0.0879  val mse(z)=0.1215
MLP epoch  66/200  train mse(z)=0.0879  val mse(z)=0.1185
MLP epoch  67/200  train mse(z)=0.0883  val mse(z)=0.1197
MLP epoch  68/200  train mse(z)=0.0877  val mse(z)=0.1182
MLP epoch  69/200  train mse(z)=0.0877  val mse(z)=0.1188
MLP epoch  70/200  train mse(z)=0.0873  val mse(z)=0.1204
MLP epoch  71/200  train mse(z)=0.0879  val mse(z)=0.1197
MLP epoch  72/200  train mse(z)=0.0884  val mse(z)=0.1193
MLP epoch  73/200  train mse(z)=0.0873  val mse(z)=0.1194
MLP epoch  74/200  train mse(z)=0.0874  val mse(z)=0.1201
MLP epoch  75/200  train mse(z)=0.0871  val mse(z)=0.1197
MLP epoch  76/200  train mse(z)=0.0864  val mse(z)=0.1195
MLP epoch  77/200  train mse(z)=0.0858  val mse(z)=0.1196
MLP epoch  78/200  train mse(z)=0.0866  val mse(z)=0.1203
MLP epoch  79/200  train mse(z)=0.0866  val mse(z)=0.1190
MLP epoch  80/200  train mse(z)=0.0862  val mse(z)=0.1197
MLP epoch  81/200  train mse(z)=0.0861  val mse(z)=0.1205
MLP epoch  82/200  train mse(z)=0.0862  val mse(z)=0.1202
MLP epoch  83/200  train mse(z)=0.0862  val mse(z)=0.1212
MLP epoch  84/200  train mse(z)=0.0857  val mse(z)=0.1212
MLP epoch  85/200  train mse(z)=0.0860  val mse(z)=0.1205
MLP epoch  86/200  train mse(z)=0.0854  val mse(z)=0.1203
MLP epoch  87/200  train mse(z)=0.0853  val mse(z)=0.1192
MLP epoch  88/200  train mse(z)=0.0855  val mse(z)=0.1198
MLP epoch  89/200  train mse(z)=0.0853  val mse(z)=0.1235
MLP epoch  90/200  train mse(z)=0.0855  val mse(z)=0.1210
MLP epoch  91/200  train mse(z)=0.0852  val mse(z)=0.1215
MLP epoch  92/200  train mse(z)=0.0846  val mse(z)=0.1217
MLP epoch  93/200  train mse(z)=0.0848  val mse(z)=0.1214
MLP epoch  94/200  train mse(z)=0.0850  val mse(z)=0.1231
MLP epoch  95/200  train mse(z)=0.0845  val mse(z)=0.1210
MLP epoch  96/200  train mse(z)=0.0846  val mse(z)=0.1217
MLP epoch  97/200  train mse(z)=0.0843  val mse(z)=0.1215
MLP epoch  98/200  train mse(z)=0.0841  val mse(z)=0.1206
MLP epoch  99/200  train mse(z)=0.0845  val mse(z)=0.1212
MLP epoch 100/200  train mse(z)=0.0838  val mse(z)=0.1199
MLP epoch 101/200  train mse(z)=0.0847  val mse(z)=0.1220
MLP epoch 102/200  train mse(z)=0.0838  val mse(z)=0.1209
MLP epoch 103/200  train mse(z)=0.0834  val mse(z)=0.1223
MLP epoch 104/200  train mse(z)=0.0837  val mse(z)=0.1216
MLP epoch 105/200  train mse(z)=0.0835  val mse(z)=0.1228
MLP epoch 106/200  train mse(z)=0.0838  val mse(z)=0.1231
MLP epoch 107/200  train mse(z)=0.0835  val mse(z)=0.1212
MLP epoch 108/200  train mse(z)=0.0831  val mse(z)=0.1227
MLP epoch 109/200  train mse(z)=0.0838  val mse(z)=0.1223
MLP epoch 110/200  train mse(z)=0.0833  val mse(z)=0.1222
MLP epoch 111/200  train mse(z)=0.0835  val mse(z)=0.1222
MLP epoch 112/200  train mse(z)=0.0834  val mse(z)=0.1241
MLP epoch 113/200  train mse(z)=0.0825  val mse(z)=0.1236
MLP epoch 114/200  train mse(z)=0.0825  val mse(z)=0.1230
MLP epoch 115/200  train mse(z)=0.0825  val mse(z)=0.1228
MLP epoch 116/200  train mse(z)=0.0833  val mse(z)=0.1229
MLP epoch 117/200  train mse(z)=0.0826  val mse(z)=0.1233
MLP epoch 118/200  train mse(z)=0.0832  val mse(z)=0.1220
MLP epoch 119/200  train mse(z)=0.0830  val mse(z)=0.1232
MLP epoch 120/200  train mse(z)=0.0825  val mse(z)=0.1238
MLP epoch 121/200  train mse(z)=0.0822  val mse(z)=0.1223
MLP epoch 122/200  train mse(z)=0.0824  val mse(z)=0.1217
MLP epoch 123/200  train mse(z)=0.0821  val mse(z)=0.1238
MLP epoch 124/200  train mse(z)=0.0820  val mse(z)=0.1227
MLP epoch 125/200  train mse(z)=0.0817  val mse(z)=0.1225
MLP epoch 126/200  train mse(z)=0.0816  val mse(z)=0.1223
MLP epoch 127/200  train mse(z)=0.0824  val mse(z)=0.1221
MLP epoch 128/200  train mse(z)=0.0816  val mse(z)=0.1235
MLP epoch 129/200  train mse(z)=0.0815  val mse(z)=0.1238
MLP epoch 130/200  train mse(z)=0.0817  val mse(z)=0.1240
MLP epoch 131/200  train mse(z)=0.0825  val mse(z)=0.1255
MLP epoch 132/200  train mse(z)=0.0816  val mse(z)=0.1230
MLP epoch 133/200  train mse(z)=0.0820  val mse(z)=0.1240
MLP epoch 134/200  train mse(z)=0.0808  val mse(z)=0.1242
MLP epoch 135/200  train mse(z)=0.0811  val mse(z)=0.1253
MLP epoch 136/200  train mse(z)=0.0815  val mse(z)=0.1219
MLP epoch 137/200  train mse(z)=0.0810  val mse(z)=0.1227
MLP epoch 138/200  train mse(z)=0.0809  val mse(z)=0.1235
MLP epoch 139/200  train mse(z)=0.0813  val mse(z)=0.1235
MLP epoch 140/200  train mse(z)=0.0812  val mse(z)=0.1237
MLP epoch 141/200  train mse(z)=0.0809  val mse(z)=0.1241
MLP epoch 142/200  train mse(z)=0.0813  val mse(z)=0.1245
MLP epoch 143/200  train mse(z)=0.0811  val mse(z)=0.1232
MLP epoch 144/200  train mse(z)=0.0814  val mse(z)=0.1231
MLP epoch 145/200  train mse(z)=0.0807  val mse(z)=0.1246
MLP epoch 146/200  train mse(z)=0.0801  val mse(z)=0.1240
MLP epoch 147/200  train mse(z)=0.0809  val mse(z)=0.1237
MLP epoch 148/200  train mse(z)=0.0810  val mse(z)=0.1242
MLP epoch 149/200  train mse(z)=0.0806  val mse(z)=0.1239
MLP epoch 150/200  train mse(z)=0.0806  val mse(z)=0.1231
MLP epoch 151/200  train mse(z)=0.0810  val mse(z)=0.1249
MLP epoch 152/200  train mse(z)=0.0806  val mse(z)=0.1249
MLP epoch 153/200  train mse(z)=0.0801  val mse(z)=0.1246
MLP epoch 154/200  train mse(z)=0.0811  val mse(z)=0.1248
MLP epoch 155/200  train mse(z)=0.0804  val mse(z)=0.1246
MLP epoch 156/200  train mse(z)=0.0799  val mse(z)=0.1254
MLP epoch 157/200  train mse(z)=0.0802  val mse(z)=0.1237
MLP epoch 158/200  train mse(z)=0.0798  val mse(z)=0.1246
MLP epoch 159/200  train mse(z)=0.0796  val mse(z)=0.1248
MLP epoch 160/200  train mse(z)=0.0804  val mse(z)=0.1245
MLP epoch 161/200  train mse(z)=0.0799  val mse(z)=0.1244
MLP epoch 162/200  train mse(z)=0.0800  val mse(z)=0.1259
MLP epoch 163/200  train mse(z)=0.0798  val mse(z)=0.1245
MLP epoch 164/200  train mse(z)=0.0806  val mse(z)=0.1252
MLP epoch 165/200  train mse(z)=0.0799  val mse(z)=0.1268
MLP epoch 166/200  train mse(z)=0.0797  val mse(z)=0.1254
MLP epoch 167/200  train mse(z)=0.0791  val mse(z)=0.1247
MLP epoch 168/200  train mse(z)=0.0800  val mse(z)=0.1244
MLP epoch 169/200  train mse(z)=0.0793  val mse(z)=0.1244
MLP epoch 170/200  train mse(z)=0.0794  val mse(z)=0.1248
MLP epoch 171/200  train mse(z)=0.0793  val mse(z)=0.1245
MLP epoch 172/200  train mse(z)=0.0797  val mse(z)=0.1263
MLP epoch 173/200  train mse(z)=0.0802  val mse(z)=0.1279
MLP epoch 174/200  train mse(z)=0.0799  val mse(z)=0.1255
MLP epoch 175/200  train mse(z)=0.0792  val mse(z)=0.1266
MLP epoch 176/200  train mse(z)=0.0789  val mse(z)=0.1254
MLP epoch 177/200  train mse(z)=0.0792  val mse(z)=0.1263
MLP epoch 178/200  train mse(z)=0.0789  val mse(z)=0.1262
MLP epoch 179/200  train mse(z)=0.0789  val mse(z)=0.1269
MLP epoch 180/200  train mse(z)=0.0792  val mse(z)=0.1271
MLP epoch 181/200  train mse(z)=0.0793  val mse(z)=0.1250
MLP epoch 182/200  train mse(z)=0.0796  val mse(z)=0.1251
MLP epoch 183/200  train mse(z)=0.0790  val mse(z)=0.1276
MLP epoch 184/200  train mse(z)=0.0791  val mse(z)=0.1254
MLP epoch 185/200  train mse(z)=0.0792  val mse(z)=0.1263
MLP epoch 186/200  train mse(z)=0.0790  val mse(z)=0.1256
MLP epoch 187/200  train mse(z)=0.0786  val mse(z)=0.1278
MLP epoch 188/200  train mse(z)=0.0788  val mse(z)=0.1259
MLP epoch 189/200  train mse(z)=0.0783  val mse(z)=0.1251
MLP epoch 190/200  train mse(z)=0.0785  val mse(z)=0.1251
MLP epoch 191/200  train mse(z)=0.0791  val mse(z)=0.1266
MLP epoch 192/200  train mse(z)=0.0790  val mse(z)=0.1261
MLP epoch 193/200  train mse(z)=0.0783  val mse(z)=0.1251
MLP epoch 194/200  train mse(z)=0.0792  val mse(z)=0.1259
MLP epoch 195/200  train mse(z)=0.0778  val mse(z)=0.1272
MLP epoch 196/200  train mse(z)=0.0784  val mse(z)=0.1274
MLP epoch 197/200  train mse(z)=0.0780  val mse(z)=0.1266
MLP epoch 198/200  train mse(z)=0.0778  val mse(z)=0.1274
MLP epoch 199/200  train mse(z)=0.0784  val mse(z)=0.1272
MLP epoch 200/200  train mse(z)=0.0785  val mse(z)=0.1265
Saved decoder loss curve: /home/omo26/Non-Rev-Owen/mcmaze/runs/20260805_165929_d128_h256_dep2_bs64_ep150_lr5e-04_lxp0.0_lbt0.0_lcca10.0_sig10.0_s3/outputs/velocity_prediction_finetune_100ms_hidden/frozen_mlp_loss_curve.png
Saved decoder loss log: /home/omo26/Non-Rev-Owen/mcmaze/runs/20260805_165929_d128_h256_dep2_bs64_ep150_lr5e-04_lxp0.0_lbt0.0_lcca10.0_sig10.0_s3/outputs/velocity_prediction_finetune_100ms_hidden/frozen_mlp_loss_curve.csv
Fine-tuning pretrained-init embedder + MLP decoder...
Initialized fine-tune decoder from the trained frozen-embedding decoder.
Fine-tune epoch   1/200  train mse(z)=0.1763  val mse(z)=0.1171
Fine-tune epoch   2/200  train mse(z)=0.1300  val mse(z)=0.1078
Fine-tune epoch   3/200  train mse(z)=0.1128  val mse(z)=0.1045
Fine-tune epoch   4/200  train mse(z)=0.1035  val mse(z)=0.1031
Fine-tune epoch   5/200  train mse(z)=0.0961  val mse(z)=0.1021
Fine-tune epoch   6/200  train mse(z)=0.0896  val mse(z)=0.1025
Fine-tune epoch   7/200  train mse(z)=0.0849  val mse(z)=0.1009
Fine-tune epoch   8/200  train mse(z)=0.0795  val mse(z)=0.1001
Fine-tune epoch   9/200  train mse(z)=0.0760  val mse(z)=0.1037
Fine-tune epoch  10/200  train mse(z)=0.0729  val mse(z)=0.1000
Fine-tune epoch  11/200  train mse(z)=0.0690  val mse(z)=0.1029
Fine-tune epoch  12/200  train mse(z)=0.0672  val mse(z)=0.1030
Fine-tune epoch  13/200  train mse(z)=0.0643  val mse(z)=0.1029
Fine-tune epoch  14/200  train mse(z)=0.0620  val mse(z)=0.1053
Fine-tune epoch  15/200  train mse(z)=0.0599  val mse(z)=0.1068
Fine-tune epoch  16/200  train mse(z)=0.0588  val mse(z)=0.1063
Fine-tune epoch  17/200  train mse(z)=0.0577  val mse(z)=0.1066
Fine-tune epoch  18/200  train mse(z)=0.0562  val mse(z)=0.1062
Fine-tune epoch  19/200  train mse(z)=0.0558  val mse(z)=0.1044
Fine-tune epoch  20/200  train mse(z)=0.0553  val mse(z)=0.1086
Fine-tune epoch  21/200  train mse(z)=0.0538  val mse(z)=0.1092
Fine-tune epoch  22/200  train mse(z)=0.0527  val mse(z)=0.1099
Fine-tune epoch  23/200  train mse(z)=0.0521  val mse(z)=0.1120
Fine-tune epoch  24/200  train mse(z)=0.0524  val mse(z)=0.1068
Fine-tune epoch  25/200  train mse(z)=0.0508  val mse(z)=0.1068
Fine-tune epoch  26/200  train mse(z)=0.0497  val mse(z)=0.1064
Fine-tune epoch  27/200  train mse(z)=0.0496  val mse(z)=0.1076
Fine-tune epoch  28/200  train mse(z)=0.0488  val mse(z)=0.1070
Fine-tune epoch  29/200  train mse(z)=0.0486  val mse(z)=0.1084
Fine-tune epoch  30/200  train mse(z)=0.0477  val mse(z)=0.1085
Fine-tune epoch  31/200  train mse(z)=0.0471  val mse(z)=0.1088
Fine-tune epoch  32/200  train mse(z)=0.0465  val mse(z)=0.1100
Fine-tune epoch  33/200  train mse(z)=0.0463  val mse(z)=0.1094
Fine-tune epoch  34/200  train mse(z)=0.0457  val mse(z)=0.1094
Fine-tune epoch  35/200  train mse(z)=0.0459  val mse(z)=0.1084
Fine-tune epoch  36/200  train mse(z)=0.0455  val mse(z)=0.1099
Fine-tune epoch  37/200  train mse(z)=0.0454  val mse(z)=0.1070
Fine-tune epoch  38/200  train mse(z)=0.0453  val mse(z)=0.1108
Fine-tune epoch  39/200  train mse(z)=0.0445  val mse(z)=0.1092
Fine-tune epoch  40/200  train mse(z)=0.0440  val mse(z)=0.1090
Fine-tune epoch  41/200  train mse(z)=0.0439  val mse(z)=0.1090
Fine-tune epoch  42/200  train mse(z)=0.0437  val mse(z)=0.1120
Fine-tune epoch  43/200  train mse(z)=0.0434  val mse(z)=0.1098
Fine-tune epoch  44/200  train mse(z)=0.0434  val mse(z)=0.1098
Fine-tune epoch  45/200  train mse(z)=0.0430  val mse(z)=0.1096
Fine-tune epoch  46/200  train mse(z)=0.0430  val mse(z)=0.1085
Fine-tune epoch  47/200  train mse(z)=0.0429  val mse(z)=0.1109
Fine-tune epoch  48/200  train mse(z)=0.0426  val mse(z)=0.1107
Fine-tune epoch  49/200  train mse(z)=0.0430  val mse(z)=0.1139
Fine-tune epoch  50/200  train mse(z)=0.0427  val mse(z)=0.1099
Fine-tune epoch  51/200  train mse(z)=0.0420  val mse(z)=0.1090
Fine-tune epoch  52/200  train mse(z)=0.0423  val mse(z)=0.1102
Fine-tune epoch  53/200  train mse(z)=0.0420  val mse(z)=0.1110
Fine-tune epoch  54/200  train mse(z)=0.0419  val mse(z)=0.1114
Fine-tune epoch  55/200  train mse(z)=0.0421  val mse(z)=0.1092
Fine-tune epoch  56/200  train mse(z)=0.0411  val mse(z)=0.1098
Fine-tune epoch  57/200  train mse(z)=0.0408  val mse(z)=0.1115
Fine-tune epoch  58/200  train mse(z)=0.0404  val mse(z)=0.1120
Fine-tune epoch  59/200  train mse(z)=0.0408  val mse(z)=0.1122
Fine-tune epoch  60/200  train mse(z)=0.0408  val mse(z)=0.1104
Fine-tune epoch  61/200  train mse(z)=0.0399  val mse(z)=0.1102
Fine-tune epoch  62/200  train mse(z)=0.0394  val mse(z)=0.1119
Fine-tune epoch  63/200  train mse(z)=0.0400  val mse(z)=0.1132
Fine-tune epoch  64/200  train mse(z)=0.0398  val mse(z)=0.1134
Fine-tune epoch  65/200  train mse(z)=0.0397  val mse(z)=0.1122
Fine-tune epoch  66/200  train mse(z)=0.0391  val mse(z)=0.1121
Fine-tune epoch  67/200  train mse(z)=0.0389  val mse(z)=0.1113
Fine-tune epoch  68/200  train mse(z)=0.0394  val mse(z)=0.1158
Fine-tune epoch  69/200  train mse(z)=0.0396  val mse(z)=0.1146
Fine-tune epoch  70/200  train mse(z)=0.0392  val mse(z)=0.1119
Fine-tune epoch  71/200  train mse(z)=0.0397  val mse(z)=0.1133
Fine-tune epoch  72/200  train mse(z)=0.0390  val mse(z)=0.1115
Fine-tune epoch  73/200  train mse(z)=0.0388  val mse(z)=0.1119
Fine-tune epoch  74/200  train mse(z)=0.0389  val mse(z)=0.1114
Fine-tune epoch  75/200  train mse(z)=0.0387  val mse(z)=0.1122
Fine-tune epoch  76/200  train mse(z)=0.0387  val mse(z)=0.1143
Fine-tune epoch  77/200  train mse(z)=0.0389  val mse(z)=0.1123
Fine-tune epoch  78/200  train mse(z)=0.0387  val mse(z)=0.1117
Fine-tune epoch  79/200  train mse(z)=0.0380  val mse(z)=0.1148
Fine-tune epoch  80/200  train mse(z)=0.0380  val mse(z)=0.1134
Fine-tune epoch  81/200  train mse(z)=0.0374  val mse(z)=0.1145
Fine-tune epoch  82/200  train mse(z)=0.0380  val mse(z)=0.1157
Fine-tune epoch  83/200  train mse(z)=0.0385  val mse(z)=0.1120
Fine-tune epoch  84/200  train mse(z)=0.0378  val mse(z)=0.1152
Fine-tune epoch  85/200  train mse(z)=0.0377  val mse(z)=0.1159
Fine-tune epoch  86/200  train mse(z)=0.0377  val mse(z)=0.1131
Fine-tune epoch  87/200  train mse(z)=0.0381  val mse(z)=0.1160
Fine-tune epoch  88/200  train mse(z)=0.0375  val mse(z)=0.1149
Fine-tune epoch  89/200  train mse(z)=0.0377  val mse(z)=0.1140
Fine-tune epoch  90/200  train mse(z)=0.0374  val mse(z)=0.1133
Fine-tune epoch  91/200  train mse(z)=0.0374  val mse(z)=0.1121
Fine-tune epoch  92/200  train mse(z)=0.0378  val mse(z)=0.1140
Fine-tune epoch  93/200  train mse(z)=0.0373  val mse(z)=0.1131
Fine-tune epoch  94/200  train mse(z)=0.0373  val mse(z)=0.1150
Fine-tune epoch  95/200  train mse(z)=0.0366  val mse(z)=0.1126
Fine-tune epoch  96/200  train mse(z)=0.0368  val mse(z)=0.1189
Fine-tune epoch  97/200  train mse(z)=0.0373  val mse(z)=0.1134
Fine-tune epoch  98/200  train mse(z)=0.0371  val mse(z)=0.1141
Fine-tune epoch  99/200  train mse(z)=0.0366  val mse(z)=0.1152
Fine-tune epoch 100/200  train mse(z)=0.0364  val mse(z)=0.1140
Fine-tune epoch 101/200  train mse(z)=0.0368  val mse(z)=0.1149
Fine-tune epoch 102/200  train mse(z)=0.0366  val mse(z)=0.1164
Fine-tune epoch 103/200  train mse(z)=0.0370  val mse(z)=0.1166
Fine-tune epoch 104/200  train mse(z)=0.0369  val mse(z)=0.1119
Fine-tune epoch 105/200  train mse(z)=0.0370  val mse(z)=0.1165
Fine-tune epoch 106/200  train mse(z)=0.0368  val mse(z)=0.1138
Fine-tune epoch 107/200  train mse(z)=0.0364  val mse(z)=0.1152
Fine-tune epoch 108/200  train mse(z)=0.0361  val mse(z)=0.1172
Fine-tune epoch 109/200  train mse(z)=0.0361  val mse(z)=0.1148
Fine-tune epoch 110/200  train mse(z)=0.0361  val mse(z)=0.1162
Fine-tune epoch 111/200  train mse(z)=0.0360  val mse(z)=0.1146
Fine-tune epoch 112/200  train mse(z)=0.0357  val mse(z)=0.1156
Fine-tune epoch 113/200  train mse(z)=0.0362  val mse(z)=0.1125
Fine-tune epoch 114/200  train mse(z)=0.0366  val mse(z)=0.1165
Fine-tune epoch 115/200  train mse(z)=0.0357  val mse(z)=0.1155
Fine-tune epoch 116/200  train mse(z)=0.0355  val mse(z)=0.1143
Fine-tune epoch 117/200  train mse(z)=0.0353  val mse(z)=0.1150
Fine-tune epoch 118/200  train mse(z)=0.0354  val mse(z)=0.1171
Fine-tune epoch 119/200  train mse(z)=0.0355  val mse(z)=0.1157
Fine-tune epoch 120/200  train mse(z)=0.0357  val mse(z)=0.1142
Fine-tune epoch 121/200  train mse(z)=0.0352  val mse(z)=0.1172
Fine-tune epoch 122/200  train mse(z)=0.0358  val mse(z)=0.1151
Fine-tune epoch 123/200  train mse(z)=0.0354  val mse(z)=0.1178
Fine-tune epoch 124/200  train mse(z)=0.0357  val mse(z)=0.1146
Fine-tune epoch 125/200  train mse(z)=0.0358  val mse(z)=0.1160
Fine-tune epoch 126/200  train mse(z)=0.0353  val mse(z)=0.1135
Fine-tune epoch 127/200  train mse(z)=0.0353  val mse(z)=0.1157
Fine-tune epoch 128/200  train mse(z)=0.0354  val mse(z)=0.1170
Fine-tune epoch 129/200  train mse(z)=0.0347  val mse(z)=0.1161
Fine-tune epoch 130/200  train mse(z)=0.0346  val mse(z)=0.1159
Fine-tune epoch 131/200  train mse(z)=0.0346  val mse(z)=0.1159
Fine-tune epoch 132/200  train mse(z)=0.0347  val mse(z)=0.1145
Fine-tune epoch 133/200  train mse(z)=0.0350  val mse(z)=0.1171
Fine-tune epoch 134/200  train mse(z)=0.0352  val mse(z)=0.1161
Fine-tune epoch 135/200  train mse(z)=0.0345  val mse(z)=0.1152
Fine-tune epoch 136/200  train mse(z)=0.0349  val mse(z)=0.1175
Fine-tune epoch 137/200  train mse(z)=0.0354  val mse(z)=0.1166
Fine-tune epoch 138/200  train mse(z)=0.0352  val mse(z)=0.1160
Fine-tune epoch 139/200  train mse(z)=0.0349  val mse(z)=0.1168
Fine-tune epoch 140/200  train mse(z)=0.0351  val mse(z)=0.1178
Fine-tune epoch 141/200  train mse(z)=0.0354  val mse(z)=0.1171
Fine-tune epoch 142/200  train mse(z)=0.0352  val mse(z)=0.1139
Fine-tune epoch 143/200  train mse(z)=0.0344  val mse(z)=0.1167
Fine-tune epoch 144/200  train mse(z)=0.0344  val mse(z)=0.1147
Fine-tune epoch 145/200  train mse(z)=0.0347  val mse(z)=0.1158
Fine-tune epoch 146/200  train mse(z)=0.0345  val mse(z)=0.1157
Fine-tune epoch 147/200  train mse(z)=0.0343  val mse(z)=0.1134
Fine-tune epoch 148/200  train mse(z)=0.0349  val mse(z)=0.1149
Fine-tune epoch 149/200  train mse(z)=0.0348  val mse(z)=0.1177
Fine-tune epoch 150/200  train mse(z)=0.0344  val mse(z)=0.1166
Fine-tune epoch 151/200  train mse(z)=0.0343  val mse(z)=0.1169
Fine-tune epoch 152/200  train mse(z)=0.0342  val mse(z)=0.1178
Fine-tune epoch 153/200  train mse(z)=0.0340  val mse(z)=0.1146
Fine-tune epoch 154/200  train mse(z)=0.0338  val mse(z)=0.1155
Fine-tune epoch 155/200  train mse(z)=0.0335  val mse(z)=0.1161
Fine-tune epoch 156/200  train mse(z)=0.0341  val mse(z)=0.1175
Fine-tune epoch 157/200  train mse(z)=0.0346  val mse(z)=0.1198
Fine-tune epoch 158/200  train mse(z)=0.0344  val mse(z)=0.1170
Fine-tune epoch 159/200  train mse(z)=0.0343  val mse(z)=0.1181
Fine-tune epoch 160/200  train mse(z)=0.0344  val mse(z)=0.1152
Fine-tune epoch 161/200  train mse(z)=0.0343  val mse(z)=0.1178
Fine-tune epoch 162/200  train mse(z)=0.0345  val mse(z)=0.1156
Fine-tune epoch 163/200  train mse(z)=0.0342  val mse(z)=0.1151
Fine-tune epoch 164/200  train mse(z)=0.0336  val mse(z)=0.1178
Fine-tune epoch 165/200  train mse(z)=0.0337  val mse(z)=0.1151
Fine-tune epoch 166/200  train mse(z)=0.0335  val mse(z)=0.1175
Fine-tune epoch 167/200  train mse(z)=0.0338  val mse(z)=0.1171
Fine-tune epoch 168/200  train mse(z)=0.0335  val mse(z)=0.1164
Fine-tune epoch 169/200  train mse(z)=0.0339  val mse(z)=0.1175
Fine-tune epoch 170/200  train mse(z)=0.0340  val mse(z)=0.1174
Fine-tune epoch 171/200  train mse(z)=0.0339  val mse(z)=0.1154
Fine-tune epoch 172/200  train mse(z)=0.0341  val mse(z)=0.1185
Fine-tune epoch 173/200  train mse(z)=0.0336  val mse(z)=0.1158
Fine-tune epoch 174/200  train mse(z)=0.0333  val mse(z)=0.1158
Fine-tune epoch 175/200  train mse(z)=0.0330  val mse(z)=0.1149
Fine-tune epoch 176/200  train mse(z)=0.0337  val mse(z)=0.1181
Fine-tune epoch 177/200  train mse(z)=0.0337  val mse(z)=0.1179
Fine-tune epoch 178/200  train mse(z)=0.0338  val mse(z)=0.1213
Fine-tune epoch 179/200  train mse(z)=0.0336  val mse(z)=0.1171
Fine-tune epoch 180/200  train mse(z)=0.0332  val mse(z)=0.1196
Fine-tune epoch 181/200  train mse(z)=0.0329  val mse(z)=0.1172
Fine-tune epoch 182/200  train mse(z)=0.0330  val mse(z)=0.1169
Fine-tune epoch 183/200  train mse(z)=0.0333  val mse(z)=0.1178
Fine-tune epoch 184/200  train mse(z)=0.0335  val mse(z)=0.1161
Fine-tune epoch 185/200  train mse(z)=0.0334  val mse(z)=0.1207
Fine-tune epoch 186/200  train mse(z)=0.0339  val mse(z)=0.1179
Fine-tune epoch 187/200  train mse(z)=0.0337  val mse(z)=0.1167
Fine-tune epoch 188/200  train mse(z)=0.0336  val mse(z)=0.1188
Fine-tune epoch 189/200  train mse(z)=0.0332  val mse(z)=0.1174
Fine-tune epoch 190/200  train mse(z)=0.0334  val mse(z)=0.1177
Fine-tune epoch 191/200  train mse(z)=0.0327  val mse(z)=0.1163
Fine-tune epoch 192/200  train mse(z)=0.0329  val mse(z)=0.1184
Fine-tune epoch 193/200  train mse(z)=0.0334  val mse(z)=0.1211
Fine-tune epoch 194/200  train mse(z)=0.0330  val mse(z)=0.1186
Fine-tune epoch 195/200  train mse(z)=0.0337  val mse(z)=0.1164
Fine-tune epoch 196/200  train mse(z)=0.0336  val mse(z)=0.1182
Fine-tune epoch 197/200  train mse(z)=0.0335  val mse(z)=0.1213
Fine-tune epoch 198/200  train mse(z)=0.0328  val mse(z)=0.1168
Fine-tune epoch 199/200  train mse(z)=0.0326  val mse(z)=0.1191
Fine-tune epoch 200/200  train mse(z)=0.0331  val mse(z)=0.1168
Saved decoder loss curve: /home/omo26/Non-Rev-Owen/mcmaze/runs/20260805_165929_d128_h256_dep2_bs64_ep150_lr5e-04_lxp0.0_lbt0.0_lcca10.0_sig10.0_s3/outputs/velocity_prediction_finetune_100ms_hidden/finetuned_mlp_loss_curve.png
Saved decoder loss log: /home/omo26/Non-Rev-Owen/mcmaze/runs/20260805_165929_d128_h256_dep2_bs64_ep150_lr5e-04_lxp0.0_lbt0.0_lcca10.0_sig10.0_s3/outputs/velocity_prediction_finetune_100ms_hidden/finetuned_mlp_loss_curve.csv
Saved metrics: /home/omo26/Non-Rev-Owen/mcmaze/runs/20260805_165929_d128_h256_dep2_bs64_ep150_lr5e-04_lxp0.0_lbt0.0_lcca10.0_sig10.0_s3/outputs/velocity_prediction_finetune_100ms_hidden/metrics.csv
Saved plot: /home/omo26/Non-Rev-Owen/mcmaze/runs/20260805_165929_d128_h256_dep2_bs64_ep150_lr5e-04_lxp0.0_lbt0.0_lcca10.0_sig10.0_s3/outputs/velocity_prediction_finetune_100ms_hidden/prediction_scatter.png
Saved fine-tuned model: /home/omo26/Non-Rev-Owen/mcmaze/runs/20260805_165929_d128_h256_dep2_bs64_ep150_lr5e-04_lxp0.0_lbt0.0_lcca10.0_sig10.0_s3/outputs/velocity_prediction_finetune_100ms_hidden/finetuned_model.pt

Validation metrics:
  frozen_mlp         R2 mean=0.8851  RMSE mean=81.5344  corr x/y=0.951/0.931
  finetuned_mlp      R2 mean=0.9000  RMSE mean=76.1226  corr x/y=0.957/0.941
