Using run: /home/omo26/Non-Rev-Owen/mcmaze/runs/20260730_180604_d128_h256_dep2_bs64_ep150_lr5e-04_lxp0.0_lbt0.0_lcca5.0_sig10.0_s2
Using checkpoint: /home/omo26/Non-Rev-Owen/mcmaze/runs/20260730_180604_d128_h256_dep2_bs64_ep150_lr5e-04_lxp0.0_lbt0.0_lcca5.0_sig10.0_s2/checkpoints/best.pt
Embedder initialization: pretrained
Loaded checkpoint from epoch 150
Loading MC Maze data and computing neural windows...
Trials: train=1722 val=573  channels=137  input_window=150 bins  target_window=90 bins  context=30 bins/side
Loading hand velocity and building future targets...
Target: hand_vel +100 ms (10 bins), units=stored NWB values
Valid future samples: 206,550/206,550
Computing pretrained-init frozen hidden features on cuda for feature statistics...
Decoder samples: train=154,980 val=51,570  features=d512
Training pretrained-init frozen-embedding MLP baseline...
MLP epoch   1/200  train mse(z)=0.3584  val mse(z)=0.1703
MLP epoch   2/200  train mse(z)=0.1683  val mse(z)=0.1402
MLP epoch   3/200  train mse(z)=0.1486  val mse(z)=0.1309
MLP epoch   4/200  train mse(z)=0.1398  val mse(z)=0.1268
MLP epoch   5/200  train mse(z)=0.1342  val mse(z)=0.1236
MLP epoch   6/200  train mse(z)=0.1309  val mse(z)=0.1220
MLP epoch   7/200  train mse(z)=0.1284  val mse(z)=0.1206
MLP epoch   8/200  train mse(z)=0.1270  val mse(z)=0.1195
MLP epoch   9/200  train mse(z)=0.1242  val mse(z)=0.1173
MLP epoch  10/200  train mse(z)=0.1223  val mse(z)=0.1175
MLP epoch  11/200  train mse(z)=0.1216  val mse(z)=0.1162
MLP epoch  12/200  train mse(z)=0.1207  val mse(z)=0.1167
MLP epoch  13/200  train mse(z)=0.1196  val mse(z)=0.1148
MLP epoch  14/200  train mse(z)=0.1184  val mse(z)=0.1144
MLP epoch  15/200  train mse(z)=0.1176  val mse(z)=0.1138
MLP epoch  16/200  train mse(z)=0.1163  val mse(z)=0.1138
MLP epoch  17/200  train mse(z)=0.1158  val mse(z)=0.1138
MLP epoch  18/200  train mse(z)=0.1155  val mse(z)=0.1128
MLP epoch  19/200  train mse(z)=0.1145  val mse(z)=0.1128
MLP epoch  20/200  train mse(z)=0.1147  val mse(z)=0.1115
MLP epoch  21/200  train mse(z)=0.1135  val mse(z)=0.1116
MLP epoch  22/200  train mse(z)=0.1129  val mse(z)=0.1117
MLP epoch  23/200  train mse(z)=0.1118  val mse(z)=0.1115
MLP epoch  24/200  train mse(z)=0.1114  val mse(z)=0.1104
MLP epoch  25/200  train mse(z)=0.1110  val mse(z)=0.1108
MLP epoch  26/200  train mse(z)=0.1109  val mse(z)=0.1118
MLP epoch  27/200  train mse(z)=0.1104  val mse(z)=0.1105
MLP epoch  28/200  train mse(z)=0.1099  val mse(z)=0.1109
MLP epoch  29/200  train mse(z)=0.1097  val mse(z)=0.1100
MLP epoch  30/200  train mse(z)=0.1092  val mse(z)=0.1095
MLP epoch  31/200  train mse(z)=0.1091  val mse(z)=0.1093
MLP epoch  32/200  train mse(z)=0.1084  val mse(z)=0.1103
MLP epoch  33/200  train mse(z)=0.1081  val mse(z)=0.1102
MLP epoch  34/200  train mse(z)=0.1081  val mse(z)=0.1099
MLP epoch  35/200  train mse(z)=0.1078  val mse(z)=0.1096
MLP epoch  36/200  train mse(z)=0.1071  val mse(z)=0.1104
MLP epoch  37/200  train mse(z)=0.1072  val mse(z)=0.1104
MLP epoch  38/200  train mse(z)=0.1069  val mse(z)=0.1093
MLP epoch  39/200  train mse(z)=0.1067  val mse(z)=0.1100
MLP epoch  40/200  train mse(z)=0.1065  val mse(z)=0.1102
MLP epoch  41/200  train mse(z)=0.1062  val mse(z)=0.1099
MLP epoch  42/200  train mse(z)=0.1058  val mse(z)=0.1102
MLP epoch  43/200  train mse(z)=0.1058  val mse(z)=0.1086
MLP epoch  44/200  train mse(z)=0.1055  val mse(z)=0.1096
MLP epoch  45/200  train mse(z)=0.1048  val mse(z)=0.1106
MLP epoch  46/200  train mse(z)=0.1054  val mse(z)=0.1097
MLP epoch  47/200  train mse(z)=0.1049  val mse(z)=0.1094
MLP epoch  48/200  train mse(z)=0.1046  val mse(z)=0.1101
MLP epoch  49/200  train mse(z)=0.1043  val mse(z)=0.1091
MLP epoch  50/200  train mse(z)=0.1038  val mse(z)=0.1101
MLP epoch  51/200  train mse(z)=0.1039  val mse(z)=0.1100
MLP epoch  52/200  train mse(z)=0.1035  val mse(z)=0.1088
MLP epoch  53/200  train mse(z)=0.1037  val mse(z)=0.1097
MLP epoch  54/200  train mse(z)=0.1032  val mse(z)=0.1101
MLP epoch  55/200  train mse(z)=0.1029  val mse(z)=0.1092
MLP epoch  56/200  train mse(z)=0.1034  val mse(z)=0.1096
MLP epoch  57/200  train mse(z)=0.1024  val mse(z)=0.1102
MLP epoch  58/200  train mse(z)=0.1032  val mse(z)=0.1097
MLP epoch  59/200  train mse(z)=0.1029  val mse(z)=0.1095
MLP epoch  60/200  train mse(z)=0.1023  val mse(z)=0.1094
MLP epoch  61/200  train mse(z)=0.1026  val mse(z)=0.1095
MLP epoch  62/200  train mse(z)=0.1022  val mse(z)=0.1093
MLP epoch  63/200  train mse(z)=0.1018  val mse(z)=0.1107
MLP epoch  64/200  train mse(z)=0.1018  val mse(z)=0.1100
MLP epoch  65/200  train mse(z)=0.1019  val mse(z)=0.1107
MLP epoch  66/200  train mse(z)=0.1016  val mse(z)=0.1103
MLP epoch  67/200  train mse(z)=0.1019  val mse(z)=0.1108
MLP epoch  68/200  train mse(z)=0.1015  val mse(z)=0.1123
MLP epoch  69/200  train mse(z)=0.1013  val mse(z)=0.1108
MLP epoch  70/200  train mse(z)=0.1008  val mse(z)=0.1106
MLP epoch  71/200  train mse(z)=0.1005  val mse(z)=0.1108
MLP epoch  72/200  train mse(z)=0.1011  val mse(z)=0.1104
MLP epoch  73/200  train mse(z)=0.1008  val mse(z)=0.1106
MLP epoch  74/200  train mse(z)=0.1005  val mse(z)=0.1113
MLP epoch  75/200  train mse(z)=0.1009  val mse(z)=0.1104
MLP epoch  76/200  train mse(z)=0.0996  val mse(z)=0.1107
MLP epoch  77/200  train mse(z)=0.1005  val mse(z)=0.1125
MLP epoch  78/200  train mse(z)=0.0999  val mse(z)=0.1113
MLP epoch  79/200  train mse(z)=0.1000  val mse(z)=0.1108
MLP epoch  80/200  train mse(z)=0.1001  val mse(z)=0.1122
MLP epoch  81/200  train mse(z)=0.1005  val mse(z)=0.1092
MLP epoch  82/200  train mse(z)=0.0996  val mse(z)=0.1104
MLP epoch  83/200  train mse(z)=0.0999  val mse(z)=0.1100
MLP epoch  84/200  train mse(z)=0.0994  val mse(z)=0.1110
MLP epoch  85/200  train mse(z)=0.1000  val mse(z)=0.1111
MLP epoch  86/200  train mse(z)=0.0995  val mse(z)=0.1114
MLP epoch  87/200  train mse(z)=0.0989  val mse(z)=0.1109
MLP epoch  88/200  train mse(z)=0.0994  val mse(z)=0.1105
MLP epoch  89/200  train mse(z)=0.0986  val mse(z)=0.1109
MLP epoch  90/200  train mse(z)=0.0988  val mse(z)=0.1116
MLP epoch  91/200  train mse(z)=0.0982  val mse(z)=0.1108
MLP epoch  92/200  train mse(z)=0.0989  val mse(z)=0.1110
MLP epoch  93/200  train mse(z)=0.0981  val mse(z)=0.1114
MLP epoch  94/200  train mse(z)=0.0988  val mse(z)=0.1119
MLP epoch  95/200  train mse(z)=0.0986  val mse(z)=0.1119
MLP epoch  96/200  train mse(z)=0.0983  val mse(z)=0.1114
MLP epoch  97/200  train mse(z)=0.0983  val mse(z)=0.1126
MLP epoch  98/200  train mse(z)=0.0985  val mse(z)=0.1116
MLP epoch  99/200  train mse(z)=0.0975  val mse(z)=0.1103
MLP epoch 100/200  train mse(z)=0.0982  val mse(z)=0.1115
MLP epoch 101/200  train mse(z)=0.0979  val mse(z)=0.1108
MLP epoch 102/200  train mse(z)=0.0978  val mse(z)=0.1123
MLP epoch 103/200  train mse(z)=0.0977  val mse(z)=0.1119
MLP epoch 104/200  train mse(z)=0.0983  val mse(z)=0.1110
MLP epoch 105/200  train mse(z)=0.0976  val mse(z)=0.1113
MLP epoch 106/200  train mse(z)=0.0974  val mse(z)=0.1117
MLP epoch 107/200  train mse(z)=0.0974  val mse(z)=0.1115
MLP epoch 108/200  train mse(z)=0.0974  val mse(z)=0.1129
MLP epoch 109/200  train mse(z)=0.0970  val mse(z)=0.1129
MLP epoch 110/200  train mse(z)=0.0977  val mse(z)=0.1116
MLP epoch 111/200  train mse(z)=0.0973  val mse(z)=0.1132
MLP epoch 112/200  train mse(z)=0.0973  val mse(z)=0.1112
MLP epoch 113/200  train mse(z)=0.0973  val mse(z)=0.1127
MLP epoch 114/200  train mse(z)=0.0972  val mse(z)=0.1122
MLP epoch 115/200  train mse(z)=0.0969  val mse(z)=0.1121
MLP epoch 116/200  train mse(z)=0.0970  val mse(z)=0.1129
MLP epoch 117/200  train mse(z)=0.0966  val mse(z)=0.1125
MLP epoch 118/200  train mse(z)=0.0964  val mse(z)=0.1139
MLP epoch 119/200  train mse(z)=0.0966  val mse(z)=0.1115
MLP epoch 120/200  train mse(z)=0.0965  val mse(z)=0.1132
MLP epoch 121/200  train mse(z)=0.0962  val mse(z)=0.1132
MLP epoch 122/200  train mse(z)=0.0964  val mse(z)=0.1130
MLP epoch 123/200  train mse(z)=0.0969  val mse(z)=0.1130
MLP epoch 124/200  train mse(z)=0.0969  val mse(z)=0.1141
MLP epoch 125/200  train mse(z)=0.0964  val mse(z)=0.1123
MLP epoch 126/200  train mse(z)=0.0963  val mse(z)=0.1124
MLP epoch 127/200  train mse(z)=0.0961  val mse(z)=0.1132
MLP epoch 128/200  train mse(z)=0.0958  val mse(z)=0.1123
MLP epoch 129/200  train mse(z)=0.0958  val mse(z)=0.1137
MLP epoch 130/200  train mse(z)=0.0960  val mse(z)=0.1133
MLP epoch 131/200  train mse(z)=0.0957  val mse(z)=0.1132
MLP epoch 132/200  train mse(z)=0.0963  val mse(z)=0.1117
MLP epoch 133/200  train mse(z)=0.0954  val mse(z)=0.1114
MLP epoch 134/200  train mse(z)=0.0955  val mse(z)=0.1117
MLP epoch 135/200  train mse(z)=0.0957  val mse(z)=0.1125
MLP epoch 136/200  train mse(z)=0.0958  val mse(z)=0.1127
MLP epoch 137/200  train mse(z)=0.0955  val mse(z)=0.1130
MLP epoch 138/200  train mse(z)=0.0953  val mse(z)=0.1135
MLP epoch 139/200  train mse(z)=0.0957  val mse(z)=0.1125
MLP epoch 140/200  train mse(z)=0.0951  val mse(z)=0.1133
MLP epoch 141/200  train mse(z)=0.0952  val mse(z)=0.1133
MLP epoch 142/200  train mse(z)=0.0947  val mse(z)=0.1129
MLP epoch 143/200  train mse(z)=0.0952  val mse(z)=0.1129
MLP epoch 144/200  train mse(z)=0.0950  val mse(z)=0.1120
MLP epoch 145/200  train mse(z)=0.0955  val mse(z)=0.1138
MLP epoch 146/200  train mse(z)=0.0953  val mse(z)=0.1139
MLP epoch 147/200  train mse(z)=0.0951  val mse(z)=0.1125
MLP epoch 148/200  train mse(z)=0.0949  val mse(z)=0.1129
MLP epoch 149/200  train mse(z)=0.0945  val mse(z)=0.1136
MLP epoch 150/200  train mse(z)=0.0950  val mse(z)=0.1126
MLP epoch 151/200  train mse(z)=0.0950  val mse(z)=0.1132
MLP epoch 152/200  train mse(z)=0.0952  val mse(z)=0.1134
MLP epoch 153/200  train mse(z)=0.0954  val mse(z)=0.1124
MLP epoch 154/200  train mse(z)=0.0937  val mse(z)=0.1145
MLP epoch 155/200  train mse(z)=0.0944  val mse(z)=0.1145
MLP epoch 156/200  train mse(z)=0.0944  val mse(z)=0.1136
MLP epoch 157/200  train mse(z)=0.0946  val mse(z)=0.1132
MLP epoch 158/200  train mse(z)=0.0946  val mse(z)=0.1130
MLP epoch 159/200  train mse(z)=0.0943  val mse(z)=0.1131
MLP epoch 160/200  train mse(z)=0.0949  val mse(z)=0.1128
MLP epoch 161/200  train mse(z)=0.0944  val mse(z)=0.1122
MLP epoch 162/200  train mse(z)=0.0945  val mse(z)=0.1135
MLP epoch 163/200  train mse(z)=0.0937  val mse(z)=0.1135
MLP epoch 164/200  train mse(z)=0.0942  val mse(z)=0.1138
MLP epoch 165/200  train mse(z)=0.0944  val mse(z)=0.1144
MLP epoch 166/200  train mse(z)=0.0938  val mse(z)=0.1135
MLP epoch 167/200  train mse(z)=0.0939  val mse(z)=0.1135
MLP epoch 168/200  train mse(z)=0.0938  val mse(z)=0.1135
MLP epoch 169/200  train mse(z)=0.0940  val mse(z)=0.1135
MLP epoch 170/200  train mse(z)=0.0944  val mse(z)=0.1151
MLP epoch 171/200  train mse(z)=0.0938  val mse(z)=0.1148
MLP epoch 172/200  train mse(z)=0.0942  val mse(z)=0.1140
MLP epoch 173/200  train mse(z)=0.0941  val mse(z)=0.1135
MLP epoch 174/200  train mse(z)=0.0942  val mse(z)=0.1145
MLP epoch 175/200  train mse(z)=0.0940  val mse(z)=0.1148
MLP epoch 176/200  train mse(z)=0.0936  val mse(z)=0.1138
MLP epoch 177/200  train mse(z)=0.0938  val mse(z)=0.1146
MLP epoch 178/200  train mse(z)=0.0938  val mse(z)=0.1138
MLP epoch 179/200  train mse(z)=0.0933  val mse(z)=0.1139
MLP epoch 180/200  train mse(z)=0.0936  val mse(z)=0.1150
MLP epoch 181/200  train mse(z)=0.0934  val mse(z)=0.1153
MLP epoch 182/200  train mse(z)=0.0936  val mse(z)=0.1155
MLP epoch 183/200  train mse(z)=0.0935  val mse(z)=0.1151
MLP epoch 184/200  train mse(z)=0.0937  val mse(z)=0.1144
MLP epoch 185/200  train mse(z)=0.0942  val mse(z)=0.1150
MLP epoch 186/200  train mse(z)=0.0936  val mse(z)=0.1141
MLP epoch 187/200  train mse(z)=0.0927  val mse(z)=0.1161
MLP epoch 188/200  train mse(z)=0.0939  val mse(z)=0.1155
MLP epoch 189/200  train mse(z)=0.0930  val mse(z)=0.1138
MLP epoch 190/200  train mse(z)=0.0935  val mse(z)=0.1159
MLP epoch 191/200  train mse(z)=0.0934  val mse(z)=0.1140
MLP epoch 192/200  train mse(z)=0.0933  val mse(z)=0.1155
MLP epoch 193/200  train mse(z)=0.0934  val mse(z)=0.1146
MLP epoch 194/200  train mse(z)=0.0931  val mse(z)=0.1158
MLP epoch 195/200  train mse(z)=0.0935  val mse(z)=0.1151
MLP epoch 196/200  train mse(z)=0.0932  val mse(z)=0.1139
MLP epoch 197/200  train mse(z)=0.0932  val mse(z)=0.1142
MLP epoch 198/200  train mse(z)=0.0931  val mse(z)=0.1145
MLP epoch 199/200  train mse(z)=0.0926  val mse(z)=0.1147
MLP epoch 200/200  train mse(z)=0.0939  val mse(z)=0.1139
Saved decoder loss curve: /home/omo26/Non-Rev-Owen/mcmaze/runs/20260730_180604_d128_h256_dep2_bs64_ep150_lr5e-04_lxp0.0_lbt0.0_lcca5.0_sig10.0_s2/outputs/velocity_prediction_finetune_100ms_hidden/frozen_mlp_loss_curve.png
Saved decoder loss log: /home/omo26/Non-Rev-Owen/mcmaze/runs/20260730_180604_d128_h256_dep2_bs64_ep150_lr5e-04_lxp0.0_lbt0.0_lcca5.0_sig10.0_s2/outputs/velocity_prediction_finetune_100ms_hidden/frozen_mlp_loss_curve.csv
Fine-tuning pretrained-init embedder + MLP decoder...
Initialized fine-tune decoder from the trained frozen-embedding decoder.
Fine-tune epoch   1/200  train mse(z)=0.1689  val mse(z)=0.1026
Fine-tune epoch   2/200  train mse(z)=0.1266  val mse(z)=0.0913
Fine-tune epoch   3/200  train mse(z)=0.1090  val mse(z)=0.0892
Fine-tune epoch   4/200  train mse(z)=0.0993  val mse(z)=0.0893
Fine-tune epoch   5/200  train mse(z)=0.0915  val mse(z)=0.0859
Fine-tune epoch   6/200  train mse(z)=0.0851  val mse(z)=0.0901
Fine-tune epoch   7/200  train mse(z)=0.0805  val mse(z)=0.0847
Fine-tune epoch   8/200  train mse(z)=0.0766  val mse(z)=0.0860
Fine-tune epoch   9/200  train mse(z)=0.0726  val mse(z)=0.0849
Fine-tune epoch  10/200  train mse(z)=0.0703  val mse(z)=0.0877
Fine-tune epoch  11/200  train mse(z)=0.0676  val mse(z)=0.0892
Fine-tune epoch  12/200  train mse(z)=0.0656  val mse(z)=0.0876
Fine-tune epoch  13/200  train mse(z)=0.0630  val mse(z)=0.0879
Fine-tune epoch  14/200  train mse(z)=0.0617  val mse(z)=0.0868
Fine-tune epoch  15/200  train mse(z)=0.0602  val mse(z)=0.0875
Fine-tune epoch  16/200  train mse(z)=0.0579  val mse(z)=0.0898
Fine-tune epoch  17/200  train mse(z)=0.0569  val mse(z)=0.0890
Fine-tune epoch  18/200  train mse(z)=0.0552  val mse(z)=0.0886
Fine-tune epoch  19/200  train mse(z)=0.0545  val mse(z)=0.0881
Fine-tune epoch  20/200  train mse(z)=0.0541  val mse(z)=0.0881
Fine-tune epoch  21/200  train mse(z)=0.0526  val mse(z)=0.0882
Fine-tune epoch  22/200  train mse(z)=0.0520  val mse(z)=0.0887
Fine-tune epoch  23/200  train mse(z)=0.0505  val mse(z)=0.0890
Fine-tune epoch  24/200  train mse(z)=0.0499  val mse(z)=0.0905
Fine-tune epoch  25/200  train mse(z)=0.0489  val mse(z)=0.0919
Fine-tune epoch  26/200  train mse(z)=0.0486  val mse(z)=0.0896
Fine-tune epoch  27/200  train mse(z)=0.0481  val mse(z)=0.0909
Fine-tune epoch  28/200  train mse(z)=0.0474  val mse(z)=0.0912
Fine-tune epoch  29/200  train mse(z)=0.0473  val mse(z)=0.0906
Fine-tune epoch  30/200  train mse(z)=0.0467  val mse(z)=0.0905
Fine-tune epoch  31/200  train mse(z)=0.0457  val mse(z)=0.0926
Fine-tune epoch  32/200  train mse(z)=0.0450  val mse(z)=0.0914
Fine-tune epoch  33/200  train mse(z)=0.0452  val mse(z)=0.0946
Fine-tune epoch  34/200  train mse(z)=0.0445  val mse(z)=0.0899
Fine-tune epoch  35/200  train mse(z)=0.0445  val mse(z)=0.0902
Fine-tune epoch  36/200  train mse(z)=0.0436  val mse(z)=0.0915
Fine-tune epoch  37/200  train mse(z)=0.0427  val mse(z)=0.0921
Fine-tune epoch  38/200  train mse(z)=0.0429  val mse(z)=0.0911
Fine-tune epoch  39/200  train mse(z)=0.0433  val mse(z)=0.0946
Fine-tune epoch  40/200  train mse(z)=0.0426  val mse(z)=0.0899
Fine-tune epoch  41/200  train mse(z)=0.0424  val mse(z)=0.0919
Fine-tune epoch  42/200  train mse(z)=0.0417  val mse(z)=0.0945
Fine-tune epoch  43/200  train mse(z)=0.0418  val mse(z)=0.0911
Fine-tune epoch  44/200  train mse(z)=0.0414  val mse(z)=0.0927
Fine-tune epoch  45/200  train mse(z)=0.0411  val mse(z)=0.0935
Fine-tune epoch  46/200  train mse(z)=0.0408  val mse(z)=0.0936
Fine-tune epoch  47/200  train mse(z)=0.0405  val mse(z)=0.0913
Fine-tune epoch  48/200  train mse(z)=0.0407  val mse(z)=0.0936
Fine-tune epoch  49/200  train mse(z)=0.0402  val mse(z)=0.0946
Fine-tune epoch  50/200  train mse(z)=0.0398  val mse(z)=0.0959
Fine-tune epoch  51/200  train mse(z)=0.0400  val mse(z)=0.0919
Fine-tune epoch  52/200  train mse(z)=0.0391  val mse(z)=0.0927
Fine-tune epoch  53/200  train mse(z)=0.0387  val mse(z)=0.0942
Fine-tune epoch  54/200  train mse(z)=0.0388  val mse(z)=0.0952
Fine-tune epoch  55/200  train mse(z)=0.0390  val mse(z)=0.0949
Fine-tune epoch  56/200  train mse(z)=0.0387  val mse(z)=0.0937
Fine-tune epoch  57/200  train mse(z)=0.0381  val mse(z)=0.0937
Fine-tune epoch  58/200  train mse(z)=0.0386  val mse(z)=0.0950
Fine-tune epoch  59/200  train mse(z)=0.0380  val mse(z)=0.0952
Fine-tune epoch  60/200  train mse(z)=0.0378  val mse(z)=0.0941
Fine-tune epoch  61/200  train mse(z)=0.0375  val mse(z)=0.0951
Fine-tune epoch  62/200  train mse(z)=0.0377  val mse(z)=0.0943
Fine-tune epoch  63/200  train mse(z)=0.0370  val mse(z)=0.0957
Fine-tune epoch  64/200  train mse(z)=0.0377  val mse(z)=0.0948
Fine-tune epoch  65/200  train mse(z)=0.0371  val mse(z)=0.0957
Fine-tune epoch  66/200  train mse(z)=0.0366  val mse(z)=0.0935
Fine-tune epoch  67/200  train mse(z)=0.0369  val mse(z)=0.0938
Fine-tune epoch  68/200  train mse(z)=0.0367  val mse(z)=0.0950
Fine-tune epoch  69/200  train mse(z)=0.0364  val mse(z)=0.0951
Fine-tune epoch  70/200  train mse(z)=0.0362  val mse(z)=0.0953
Fine-tune epoch  71/200  train mse(z)=0.0365  val mse(z)=0.0955
Fine-tune epoch  72/200  train mse(z)=0.0366  val mse(z)=0.0967
Fine-tune epoch  73/200  train mse(z)=0.0359  val mse(z)=0.0949
Fine-tune epoch  74/200  train mse(z)=0.0359  val mse(z)=0.0959
Fine-tune epoch  75/200  train mse(z)=0.0356  val mse(z)=0.0976
Fine-tune epoch  76/200  train mse(z)=0.0356  val mse(z)=0.0974
Fine-tune epoch  77/200  train mse(z)=0.0361  val mse(z)=0.0957
Fine-tune epoch  78/200  train mse(z)=0.0356  val mse(z)=0.0963
Fine-tune epoch  79/200  train mse(z)=0.0354  val mse(z)=0.0964
Fine-tune epoch  80/200  train mse(z)=0.0354  val mse(z)=0.0948
Fine-tune epoch  81/200  train mse(z)=0.0350  val mse(z)=0.0958
Fine-tune epoch  82/200  train mse(z)=0.0354  val mse(z)=0.0974
Fine-tune epoch  83/200  train mse(z)=0.0351  val mse(z)=0.0975
Fine-tune epoch  84/200  train mse(z)=0.0351  val mse(z)=0.0969
Fine-tune epoch  85/200  train mse(z)=0.0351  val mse(z)=0.0968
Fine-tune epoch  86/200  train mse(z)=0.0344  val mse(z)=0.0959
Fine-tune epoch  87/200  train mse(z)=0.0344  val mse(z)=0.0960
Fine-tune epoch  88/200  train mse(z)=0.0341  val mse(z)=0.0955
Fine-tune epoch  89/200  train mse(z)=0.0341  val mse(z)=0.0978
Fine-tune epoch  90/200  train mse(z)=0.0344  val mse(z)=0.0973
Fine-tune epoch  91/200  train mse(z)=0.0338  val mse(z)=0.0979
Fine-tune epoch  92/200  train mse(z)=0.0342  val mse(z)=0.0996
Fine-tune epoch  93/200  train mse(z)=0.0342  val mse(z)=0.0976
Fine-tune epoch  94/200  train mse(z)=0.0340  val mse(z)=0.0980
Fine-tune epoch  95/200  train mse(z)=0.0341  val mse(z)=0.0979
Fine-tune epoch  96/200  train mse(z)=0.0342  val mse(z)=0.0987
Fine-tune epoch  97/200  train mse(z)=0.0339  val mse(z)=0.0983
Fine-tune epoch  98/200  train mse(z)=0.0336  val mse(z)=0.0981
Fine-tune epoch  99/200  train mse(z)=0.0336  val mse(z)=0.0976
Fine-tune epoch 100/200  train mse(z)=0.0335  val mse(z)=0.0986
Fine-tune epoch 101/200  train mse(z)=0.0335  val mse(z)=0.0971
Fine-tune epoch 102/200  train mse(z)=0.0334  val mse(z)=0.0972
Fine-tune epoch 103/200  train mse(z)=0.0330  val mse(z)=0.0987
Fine-tune epoch 104/200  train mse(z)=0.0330  val mse(z)=0.0997
Fine-tune epoch 105/200  train mse(z)=0.0331  val mse(z)=0.0975
Fine-tune epoch 106/200  train mse(z)=0.0327  val mse(z)=0.0993
Fine-tune epoch 107/200  train mse(z)=0.0333  val mse(z)=0.0998
Fine-tune epoch 108/200  train mse(z)=0.0334  val mse(z)=0.1018
Fine-tune epoch 109/200  train mse(z)=0.0330  val mse(z)=0.0994
Fine-tune epoch 110/200  train mse(z)=0.0326  val mse(z)=0.0998
Fine-tune epoch 111/200  train mse(z)=0.0333  val mse(z)=0.1005
Fine-tune epoch 112/200  train mse(z)=0.0329  val mse(z)=0.1001
Fine-tune epoch 113/200  train mse(z)=0.0326  val mse(z)=0.0994
Fine-tune epoch 114/200  train mse(z)=0.0323  val mse(z)=0.0979
Fine-tune epoch 115/200  train mse(z)=0.0329  val mse(z)=0.1007
Fine-tune epoch 116/200  train mse(z)=0.0322  val mse(z)=0.1002
Fine-tune epoch 117/200  train mse(z)=0.0324  val mse(z)=0.1011
Fine-tune epoch 118/200  train mse(z)=0.0322  val mse(z)=0.0983
Fine-tune epoch 119/200  train mse(z)=0.0319  val mse(z)=0.0998
Fine-tune epoch 120/200  train mse(z)=0.0322  val mse(z)=0.1033
Fine-tune epoch 121/200  train mse(z)=0.0320  val mse(z)=0.1006
Fine-tune epoch 122/200  train mse(z)=0.0322  val mse(z)=0.0990
Fine-tune epoch 123/200  train mse(z)=0.0319  val mse(z)=0.0998
Fine-tune epoch 124/200  train mse(z)=0.0320  val mse(z)=0.0999
Fine-tune epoch 125/200  train mse(z)=0.0321  val mse(z)=0.1016
Fine-tune epoch 126/200  train mse(z)=0.0325  val mse(z)=0.0997
Fine-tune epoch 127/200  train mse(z)=0.0322  val mse(z)=0.0997
Fine-tune epoch 128/200  train mse(z)=0.0322  val mse(z)=0.1012
Fine-tune epoch 129/200  train mse(z)=0.0320  val mse(z)=0.1015
Fine-tune epoch 130/200  train mse(z)=0.0318  val mse(z)=0.1009
Fine-tune epoch 131/200  train mse(z)=0.0314  val mse(z)=0.1029
Fine-tune epoch 132/200  train mse(z)=0.0314  val mse(z)=0.1013
Fine-tune epoch 133/200  train mse(z)=0.0317  val mse(z)=0.1012
Fine-tune epoch 134/200  train mse(z)=0.0314  val mse(z)=0.1015
Fine-tune epoch 135/200  train mse(z)=0.0315  val mse(z)=0.1028
Fine-tune epoch 136/200  train mse(z)=0.0314  val mse(z)=0.1026
Fine-tune epoch 137/200  train mse(z)=0.0313  val mse(z)=0.1010
Fine-tune epoch 138/200  train mse(z)=0.0308  val mse(z)=0.1011
Fine-tune epoch 139/200  train mse(z)=0.0314  val mse(z)=0.1032
Fine-tune epoch 140/200  train mse(z)=0.0316  val mse(z)=0.1008
Fine-tune epoch 141/200  train mse(z)=0.0316  val mse(z)=0.1012
Fine-tune epoch 142/200  train mse(z)=0.0315  val mse(z)=0.1028
Fine-tune epoch 143/200  train mse(z)=0.0312  val mse(z)=0.1018
Fine-tune epoch 144/200  train mse(z)=0.0312  val mse(z)=0.1022
Fine-tune epoch 145/200  train mse(z)=0.0310  val mse(z)=0.1028
Fine-tune epoch 146/200  train mse(z)=0.0308  val mse(z)=0.1013
Fine-tune epoch 147/200  train mse(z)=0.0304  val mse(z)=0.1015
Fine-tune epoch 148/200  train mse(z)=0.0313  val mse(z)=0.1014
Fine-tune epoch 149/200  train mse(z)=0.0309  val mse(z)=0.1040
Fine-tune epoch 150/200  train mse(z)=0.0304  val mse(z)=0.1043
Fine-tune epoch 151/200  train mse(z)=0.0309  val mse(z)=0.1036
Fine-tune epoch 152/200  train mse(z)=0.0310  val mse(z)=0.1035
Fine-tune epoch 153/200  train mse(z)=0.0311  val mse(z)=0.1057
Fine-tune epoch 154/200  train mse(z)=0.0313  val mse(z)=0.1044
Fine-tune epoch 155/200  train mse(z)=0.0314  val mse(z)=0.1034
Fine-tune epoch 156/200  train mse(z)=0.0310  val mse(z)=0.1024
Fine-tune epoch 157/200  train mse(z)=0.0309  val mse(z)=0.1022
Fine-tune epoch 158/200  train mse(z)=0.0304  val mse(z)=0.1018
Fine-tune epoch 159/200  train mse(z)=0.0310  val mse(z)=0.1052
Fine-tune epoch 160/200  train mse(z)=0.0306  val mse(z)=0.1035
Fine-tune epoch 161/200  train mse(z)=0.0304  val mse(z)=0.1039
Fine-tune epoch 162/200  train mse(z)=0.0305  val mse(z)=0.1036
Fine-tune epoch 163/200  train mse(z)=0.0303  val mse(z)=0.1035
Fine-tune epoch 164/200  train mse(z)=0.0305  val mse(z)=0.1027
Fine-tune epoch 165/200  train mse(z)=0.0300  val mse(z)=0.1033
Fine-tune epoch 166/200  train mse(z)=0.0306  val mse(z)=0.1025
Fine-tune epoch 167/200  train mse(z)=0.0301  val mse(z)=0.1032
Fine-tune epoch 168/200  train mse(z)=0.0302  val mse(z)=0.1018
Fine-tune epoch 169/200  train mse(z)=0.0305  val mse(z)=0.1042
Fine-tune epoch 170/200  train mse(z)=0.0306  val mse(z)=0.1025
Fine-tune epoch 171/200  train mse(z)=0.0309  val mse(z)=0.1036
Fine-tune epoch 172/200  train mse(z)=0.0303  val mse(z)=0.1032
Fine-tune epoch 173/200  train mse(z)=0.0305  val mse(z)=0.1031
Fine-tune epoch 174/200  train mse(z)=0.0297  val mse(z)=0.1028
Fine-tune epoch 175/200  train mse(z)=0.0297  val mse(z)=0.1031
Fine-tune epoch 176/200  train mse(z)=0.0301  val mse(z)=0.1037
Fine-tune epoch 177/200  train mse(z)=0.0299  val mse(z)=0.1039
Fine-tune epoch 178/200  train mse(z)=0.0300  val mse(z)=0.1044
Fine-tune epoch 179/200  train mse(z)=0.0299  val mse(z)=0.1058
Fine-tune epoch 180/200  train mse(z)=0.0295  val mse(z)=0.1048
Fine-tune epoch 181/200  train mse(z)=0.0296  val mse(z)=0.1047
Fine-tune epoch 182/200  train mse(z)=0.0298  val mse(z)=0.1045
Fine-tune epoch 183/200  train mse(z)=0.0298  val mse(z)=0.1039
Fine-tune epoch 184/200  train mse(z)=0.0298  val mse(z)=0.1033
Fine-tune epoch 185/200  train mse(z)=0.0295  val mse(z)=0.1054
Fine-tune epoch 186/200  train mse(z)=0.0296  val mse(z)=0.1024
Fine-tune epoch 187/200  train mse(z)=0.0301  val mse(z)=0.1046
Fine-tune epoch 188/200  train mse(z)=0.0302  val mse(z)=0.1050
Fine-tune epoch 189/200  train mse(z)=0.0297  val mse(z)=0.1058
Fine-tune epoch 190/200  train mse(z)=0.0295  val mse(z)=0.1056
Fine-tune epoch 191/200  train mse(z)=0.0292  val mse(z)=0.1049
Fine-tune epoch 192/200  train mse(z)=0.0295  val mse(z)=0.1060
Fine-tune epoch 193/200  train mse(z)=0.0296  val mse(z)=0.1046
Fine-tune epoch 194/200  train mse(z)=0.0294  val mse(z)=0.1052
Fine-tune epoch 195/200  train mse(z)=0.0293  val mse(z)=0.1055
Fine-tune epoch 196/200  train mse(z)=0.0291  val mse(z)=0.1046
Fine-tune epoch 197/200  train mse(z)=0.0293  val mse(z)=0.1062
Fine-tune epoch 198/200  train mse(z)=0.0291  val mse(z)=0.1062
Fine-tune epoch 199/200  train mse(z)=0.0295  val mse(z)=0.1062
Fine-tune epoch 200/200  train mse(z)=0.0294  val mse(z)=0.1078
Saved decoder loss curve: /home/omo26/Non-Rev-Owen/mcmaze/runs/20260730_180604_d128_h256_dep2_bs64_ep150_lr5e-04_lxp0.0_lbt0.0_lcca5.0_sig10.0_s2/outputs/velocity_prediction_finetune_100ms_hidden/finetuned_mlp_loss_curve.png
Saved decoder loss log: /home/omo26/Non-Rev-Owen/mcmaze/runs/20260730_180604_d128_h256_dep2_bs64_ep150_lr5e-04_lxp0.0_lbt0.0_lcca5.0_sig10.0_s2/outputs/velocity_prediction_finetune_100ms_hidden/finetuned_mlp_loss_curve.csv
Saved metrics: /home/omo26/Non-Rev-Owen/mcmaze/runs/20260730_180604_d128_h256_dep2_bs64_ep150_lr5e-04_lxp0.0_lbt0.0_lcca5.0_sig10.0_s2/outputs/velocity_prediction_finetune_100ms_hidden/metrics.csv
Saved plot: /home/omo26/Non-Rev-Owen/mcmaze/runs/20260730_180604_d128_h256_dep2_bs64_ep150_lr5e-04_lxp0.0_lbt0.0_lcca5.0_sig10.0_s2/outputs/velocity_prediction_finetune_100ms_hidden/prediction_scatter.png
Saved fine-tuned model: /home/omo26/Non-Rev-Owen/mcmaze/runs/20260730_180604_d128_h256_dep2_bs64_ep150_lr5e-04_lxp0.0_lbt0.0_lcca5.0_sig10.0_s2/outputs/velocity_prediction_finetune_100ms_hidden/finetuned_model.pt

Validation metrics:
  frozen_mlp         R2 mean=0.8883  RMSE mean=79.6867  corr x/y=0.952/0.934
  finetuned_mlp      R2 mean=0.9129  RMSE mean=70.3426  corr x/y=0.963/0.949
