Using run: /home/omo26/Non-Rev-Owen/mcmaze/runs/20260730_183626_d128_h256_dep2_bs64_ep150_lr5e-04_lxp0.0_lbt0.0_lcca20.0_sig10.0_s0
Using checkpoint: /home/omo26/Non-Rev-Owen/mcmaze/runs/20260730_183626_d128_h256_dep2_bs64_ep150_lr5e-04_lxp0.0_lbt0.0_lcca20.0_sig10.0_s0/checkpoints/best.pt
Embedder initialization: pretrained
Loaded checkpoint from epoch 146
Loading MC Maze data and computing neural windows...
Trials: train=1722 val=573  channels=137  input_window=150 bins  target_window=90 bins  context=30 bins/side
Loading hand velocity and building future targets...
Target: hand_vel +100 ms (10 bins), units=stored NWB values
Valid future samples: 206,550/206,550
Computing pretrained-init frozen hidden features on cuda for feature statistics...
Decoder samples: train=154,980 val=51,570  features=d512
Training pretrained-init frozen-embedding MLP baseline...
MLP epoch   1/200  train mse(z)=0.4460  val mse(z)=0.2465
MLP epoch   2/200  train mse(z)=0.2500  val mse(z)=0.2150
MLP epoch   3/200  train mse(z)=0.2224  val mse(z)=0.2006
MLP epoch   4/200  train mse(z)=0.2090  val mse(z)=0.1919
MLP epoch   5/200  train mse(z)=0.2009  val mse(z)=0.1872
MLP epoch   6/200  train mse(z)=0.1951  val mse(z)=0.1807
MLP epoch   7/200  train mse(z)=0.1888  val mse(z)=0.1780
MLP epoch   8/200  train mse(z)=0.1856  val mse(z)=0.1744
MLP epoch   9/200  train mse(z)=0.1823  val mse(z)=0.1736
MLP epoch  10/200  train mse(z)=0.1782  val mse(z)=0.1700
MLP epoch  11/200  train mse(z)=0.1765  val mse(z)=0.1681
MLP epoch  12/200  train mse(z)=0.1739  val mse(z)=0.1666
MLP epoch  13/200  train mse(z)=0.1722  val mse(z)=0.1640
MLP epoch  14/200  train mse(z)=0.1703  val mse(z)=0.1624
MLP epoch  15/200  train mse(z)=0.1689  val mse(z)=0.1620
MLP epoch  16/200  train mse(z)=0.1672  val mse(z)=0.1620
MLP epoch  17/200  train mse(z)=0.1655  val mse(z)=0.1578
MLP epoch  18/200  train mse(z)=0.1645  val mse(z)=0.1577
MLP epoch  19/200  train mse(z)=0.1623  val mse(z)=0.1588
MLP epoch  20/200  train mse(z)=0.1618  val mse(z)=0.1564
MLP epoch  21/200  train mse(z)=0.1599  val mse(z)=0.1557
MLP epoch  22/200  train mse(z)=0.1590  val mse(z)=0.1552
MLP epoch  23/200  train mse(z)=0.1586  val mse(z)=0.1556
MLP epoch  24/200  train mse(z)=0.1580  val mse(z)=0.1546
MLP epoch  25/200  train mse(z)=0.1571  val mse(z)=0.1551
MLP epoch  26/200  train mse(z)=0.1566  val mse(z)=0.1526
MLP epoch  27/200  train mse(z)=0.1551  val mse(z)=0.1530
MLP epoch  28/200  train mse(z)=0.1551  val mse(z)=0.1532
MLP epoch  29/200  train mse(z)=0.1542  val mse(z)=0.1521
MLP epoch  30/200  train mse(z)=0.1537  val mse(z)=0.1511
MLP epoch  31/200  train mse(z)=0.1522  val mse(z)=0.1511
MLP epoch  32/200  train mse(z)=0.1519  val mse(z)=0.1508
MLP epoch  33/200  train mse(z)=0.1509  val mse(z)=0.1498
MLP epoch  34/200  train mse(z)=0.1507  val mse(z)=0.1495
MLP epoch  35/200  train mse(z)=0.1502  val mse(z)=0.1501
MLP epoch  36/200  train mse(z)=0.1494  val mse(z)=0.1497
MLP epoch  37/200  train mse(z)=0.1491  val mse(z)=0.1510
MLP epoch  38/200  train mse(z)=0.1496  val mse(z)=0.1493
MLP epoch  39/200  train mse(z)=0.1481  val mse(z)=0.1497
MLP epoch  40/200  train mse(z)=0.1487  val mse(z)=0.1501
MLP epoch  41/200  train mse(z)=0.1473  val mse(z)=0.1504
MLP epoch  42/200  train mse(z)=0.1474  val mse(z)=0.1503
MLP epoch  43/200  train mse(z)=0.1469  val mse(z)=0.1491
MLP epoch  44/200  train mse(z)=0.1469  val mse(z)=0.1490
MLP epoch  45/200  train mse(z)=0.1462  val mse(z)=0.1483
MLP epoch  46/200  train mse(z)=0.1457  val mse(z)=0.1493
MLP epoch  47/200  train mse(z)=0.1451  val mse(z)=0.1490
MLP epoch  48/200  train mse(z)=0.1455  val mse(z)=0.1488
MLP epoch  49/200  train mse(z)=0.1451  val mse(z)=0.1489
MLP epoch  50/200  train mse(z)=0.1449  val mse(z)=0.1477
MLP epoch  51/200  train mse(z)=0.1439  val mse(z)=0.1487
MLP epoch  52/200  train mse(z)=0.1439  val mse(z)=0.1490
MLP epoch  53/200  train mse(z)=0.1435  val mse(z)=0.1481
MLP epoch  54/200  train mse(z)=0.1430  val mse(z)=0.1481
MLP epoch  55/200  train mse(z)=0.1427  val mse(z)=0.1486
MLP epoch  56/200  train mse(z)=0.1423  val mse(z)=0.1499
MLP epoch  57/200  train mse(z)=0.1432  val mse(z)=0.1472
MLP epoch  58/200  train mse(z)=0.1419  val mse(z)=0.1485
MLP epoch  59/200  train mse(z)=0.1417  val mse(z)=0.1467
MLP epoch  60/200  train mse(z)=0.1419  val mse(z)=0.1483
MLP epoch  61/200  train mse(z)=0.1420  val mse(z)=0.1481
MLP epoch  62/200  train mse(z)=0.1405  val mse(z)=0.1476
MLP epoch  63/200  train mse(z)=0.1412  val mse(z)=0.1476
MLP epoch  64/200  train mse(z)=0.1412  val mse(z)=0.1484
MLP epoch  65/200  train mse(z)=0.1402  val mse(z)=0.1489
MLP epoch  66/200  train mse(z)=0.1407  val mse(z)=0.1469
MLP epoch  67/200  train mse(z)=0.1403  val mse(z)=0.1476
MLP epoch  68/200  train mse(z)=0.1399  val mse(z)=0.1478
MLP epoch  69/200  train mse(z)=0.1397  val mse(z)=0.1483
MLP epoch  70/200  train mse(z)=0.1400  val mse(z)=0.1494
MLP epoch  71/200  train mse(z)=0.1392  val mse(z)=0.1482
MLP epoch  72/200  train mse(z)=0.1396  val mse(z)=0.1474
MLP epoch  73/200  train mse(z)=0.1390  val mse(z)=0.1483
MLP epoch  74/200  train mse(z)=0.1385  val mse(z)=0.1466
MLP epoch  75/200  train mse(z)=0.1392  val mse(z)=0.1472
MLP epoch  76/200  train mse(z)=0.1384  val mse(z)=0.1468
MLP epoch  77/200  train mse(z)=0.1380  val mse(z)=0.1478
MLP epoch  78/200  train mse(z)=0.1388  val mse(z)=0.1493
MLP epoch  79/200  train mse(z)=0.1387  val mse(z)=0.1468
MLP epoch  80/200  train mse(z)=0.1374  val mse(z)=0.1467
MLP epoch  81/200  train mse(z)=0.1383  val mse(z)=0.1470
MLP epoch  82/200  train mse(z)=0.1374  val mse(z)=0.1468
MLP epoch  83/200  train mse(z)=0.1369  val mse(z)=0.1491
MLP epoch  84/200  train mse(z)=0.1371  val mse(z)=0.1483
MLP epoch  85/200  train mse(z)=0.1369  val mse(z)=0.1488
MLP epoch  86/200  train mse(z)=0.1365  val mse(z)=0.1485
MLP epoch  87/200  train mse(z)=0.1367  val mse(z)=0.1490
MLP epoch  88/200  train mse(z)=0.1361  val mse(z)=0.1470
MLP epoch  89/200  train mse(z)=0.1362  val mse(z)=0.1468
MLP epoch  90/200  train mse(z)=0.1362  val mse(z)=0.1494
MLP epoch  91/200  train mse(z)=0.1366  val mse(z)=0.1473
MLP epoch  92/200  train mse(z)=0.1363  val mse(z)=0.1468
MLP epoch  93/200  train mse(z)=0.1352  val mse(z)=0.1473
MLP epoch  94/200  train mse(z)=0.1359  val mse(z)=0.1496
MLP epoch  95/200  train mse(z)=0.1354  val mse(z)=0.1470
MLP epoch  96/200  train mse(z)=0.1345  val mse(z)=0.1477
MLP epoch  97/200  train mse(z)=0.1350  val mse(z)=0.1477
MLP epoch  98/200  train mse(z)=0.1355  val mse(z)=0.1491
MLP epoch  99/200  train mse(z)=0.1354  val mse(z)=0.1481
MLP epoch 100/200  train mse(z)=0.1354  val mse(z)=0.1474
MLP epoch 101/200  train mse(z)=0.1347  val mse(z)=0.1495
MLP epoch 102/200  train mse(z)=0.1344  val mse(z)=0.1490
MLP epoch 103/200  train mse(z)=0.1346  val mse(z)=0.1481
MLP epoch 104/200  train mse(z)=0.1355  val mse(z)=0.1482
MLP epoch 105/200  train mse(z)=0.1344  val mse(z)=0.1476
MLP epoch 106/200  train mse(z)=0.1353  val mse(z)=0.1477
MLP epoch 107/200  train mse(z)=0.1337  val mse(z)=0.1473
MLP epoch 108/200  train mse(z)=0.1338  val mse(z)=0.1472
MLP epoch 109/200  train mse(z)=0.1353  val mse(z)=0.1488
MLP epoch 110/200  train mse(z)=0.1350  val mse(z)=0.1482
MLP epoch 111/200  train mse(z)=0.1336  val mse(z)=0.1486
MLP epoch 112/200  train mse(z)=0.1337  val mse(z)=0.1479
MLP epoch 113/200  train mse(z)=0.1332  val mse(z)=0.1486
MLP epoch 114/200  train mse(z)=0.1334  val mse(z)=0.1469
MLP epoch 115/200  train mse(z)=0.1340  val mse(z)=0.1480
MLP epoch 116/200  train mse(z)=0.1335  val mse(z)=0.1490
MLP epoch 117/200  train mse(z)=0.1339  val mse(z)=0.1486
MLP epoch 118/200  train mse(z)=0.1326  val mse(z)=0.1477
MLP epoch 119/200  train mse(z)=0.1333  val mse(z)=0.1482
MLP epoch 120/200  train mse(z)=0.1328  val mse(z)=0.1486
MLP epoch 121/200  train mse(z)=0.1335  val mse(z)=0.1477
MLP epoch 122/200  train mse(z)=0.1325  val mse(z)=0.1489
MLP epoch 123/200  train mse(z)=0.1332  val mse(z)=0.1481
MLP epoch 124/200  train mse(z)=0.1326  val mse(z)=0.1487
MLP epoch 125/200  train mse(z)=0.1327  val mse(z)=0.1480
MLP epoch 126/200  train mse(z)=0.1324  val mse(z)=0.1481
MLP epoch 127/200  train mse(z)=0.1319  val mse(z)=0.1489
MLP epoch 128/200  train mse(z)=0.1326  val mse(z)=0.1470
MLP epoch 129/200  train mse(z)=0.1324  val mse(z)=0.1480
MLP epoch 130/200  train mse(z)=0.1319  val mse(z)=0.1473
MLP epoch 131/200  train mse(z)=0.1322  val mse(z)=0.1480
MLP epoch 132/200  train mse(z)=0.1315  val mse(z)=0.1485
MLP epoch 133/200  train mse(z)=0.1318  val mse(z)=0.1488
MLP epoch 134/200  train mse(z)=0.1323  val mse(z)=0.1475
MLP epoch 135/200  train mse(z)=0.1322  val mse(z)=0.1480
MLP epoch 136/200  train mse(z)=0.1318  val mse(z)=0.1480
MLP epoch 137/200  train mse(z)=0.1323  val mse(z)=0.1483
MLP epoch 138/200  train mse(z)=0.1316  val mse(z)=0.1480
MLP epoch 139/200  train mse(z)=0.1315  val mse(z)=0.1475
MLP epoch 140/200  train mse(z)=0.1305  val mse(z)=0.1494
MLP epoch 141/200  train mse(z)=0.1307  val mse(z)=0.1494
MLP epoch 142/200  train mse(z)=0.1309  val mse(z)=0.1493
MLP epoch 143/200  train mse(z)=0.1310  val mse(z)=0.1473
MLP epoch 144/200  train mse(z)=0.1307  val mse(z)=0.1489
MLP epoch 145/200  train mse(z)=0.1311  val mse(z)=0.1499
MLP epoch 146/200  train mse(z)=0.1302  val mse(z)=0.1480
MLP epoch 147/200  train mse(z)=0.1306  val mse(z)=0.1503
MLP epoch 148/200  train mse(z)=0.1304  val mse(z)=0.1487
MLP epoch 149/200  train mse(z)=0.1307  val mse(z)=0.1496
MLP epoch 150/200  train mse(z)=0.1307  val mse(z)=0.1493
MLP epoch 151/200  train mse(z)=0.1306  val mse(z)=0.1489
MLP epoch 152/200  train mse(z)=0.1306  val mse(z)=0.1487
MLP epoch 153/200  train mse(z)=0.1307  val mse(z)=0.1493
MLP epoch 154/200  train mse(z)=0.1302  val mse(z)=0.1488
MLP epoch 155/200  train mse(z)=0.1304  val mse(z)=0.1494
MLP epoch 156/200  train mse(z)=0.1307  val mse(z)=0.1480
MLP epoch 157/200  train mse(z)=0.1297  val mse(z)=0.1486
MLP epoch 158/200  train mse(z)=0.1303  val mse(z)=0.1500
MLP epoch 159/200  train mse(z)=0.1301  val mse(z)=0.1496
MLP epoch 160/200  train mse(z)=0.1300  val mse(z)=0.1490
MLP epoch 161/200  train mse(z)=0.1304  val mse(z)=0.1495
MLP epoch 162/200  train mse(z)=0.1299  val mse(z)=0.1494
MLP epoch 163/200  train mse(z)=0.1293  val mse(z)=0.1479
MLP epoch 164/200  train mse(z)=0.1294  val mse(z)=0.1491
MLP epoch 165/200  train mse(z)=0.1299  val mse(z)=0.1501
MLP epoch 166/200  train mse(z)=0.1304  val mse(z)=0.1506
MLP epoch 167/200  train mse(z)=0.1296  val mse(z)=0.1478
MLP epoch 168/200  train mse(z)=0.1303  val mse(z)=0.1489
MLP epoch 169/200  train mse(z)=0.1291  val mse(z)=0.1492
MLP epoch 170/200  train mse(z)=0.1296  val mse(z)=0.1494
MLP epoch 171/200  train mse(z)=0.1294  val mse(z)=0.1495
MLP epoch 172/200  train mse(z)=0.1289  val mse(z)=0.1498
MLP epoch 173/200  train mse(z)=0.1296  val mse(z)=0.1505
MLP epoch 174/200  train mse(z)=0.1295  val mse(z)=0.1487
MLP epoch 175/200  train mse(z)=0.1296  val mse(z)=0.1503
MLP epoch 176/200  train mse(z)=0.1296  val mse(z)=0.1492
MLP epoch 177/200  train mse(z)=0.1291  val mse(z)=0.1504
MLP epoch 178/200  train mse(z)=0.1284  val mse(z)=0.1496
MLP epoch 179/200  train mse(z)=0.1295  val mse(z)=0.1504
MLP epoch 180/200  train mse(z)=0.1286  val mse(z)=0.1503
MLP epoch 181/200  train mse(z)=0.1292  val mse(z)=0.1503
MLP epoch 182/200  train mse(z)=0.1290  val mse(z)=0.1486
MLP epoch 183/200  train mse(z)=0.1296  val mse(z)=0.1493
MLP epoch 184/200  train mse(z)=0.1293  val mse(z)=0.1495
MLP epoch 185/200  train mse(z)=0.1283  val mse(z)=0.1507
MLP epoch 186/200  train mse(z)=0.1291  val mse(z)=0.1493
MLP epoch 187/200  train mse(z)=0.1279  val mse(z)=0.1500
MLP epoch 188/200  train mse(z)=0.1298  val mse(z)=0.1504
MLP epoch 189/200  train mse(z)=0.1286  val mse(z)=0.1493
MLP epoch 190/200  train mse(z)=0.1277  val mse(z)=0.1492
MLP epoch 191/200  train mse(z)=0.1285  val mse(z)=0.1509
MLP epoch 192/200  train mse(z)=0.1288  val mse(z)=0.1506
MLP epoch 193/200  train mse(z)=0.1286  val mse(z)=0.1492
MLP epoch 194/200  train mse(z)=0.1282  val mse(z)=0.1510
MLP epoch 195/200  train mse(z)=0.1284  val mse(z)=0.1506
MLP epoch 196/200  train mse(z)=0.1282  val mse(z)=0.1495
MLP epoch 197/200  train mse(z)=0.1276  val mse(z)=0.1515
MLP epoch 198/200  train mse(z)=0.1283  val mse(z)=0.1503
MLP epoch 199/200  train mse(z)=0.1276  val mse(z)=0.1496
MLP epoch 200/200  train mse(z)=0.1282  val mse(z)=0.1510
Saved decoder loss curve: /home/omo26/Non-Rev-Owen/mcmaze/runs/20260730_183626_d128_h256_dep2_bs64_ep150_lr5e-04_lxp0.0_lbt0.0_lcca20.0_sig10.0_s0/outputs/velocity_prediction_finetune_100ms_hidden/frozen_mlp_loss_curve.png
Saved decoder loss log: /home/omo26/Non-Rev-Owen/mcmaze/runs/20260730_183626_d128_h256_dep2_bs64_ep150_lr5e-04_lxp0.0_lbt0.0_lcca20.0_sig10.0_s0/outputs/velocity_prediction_finetune_100ms_hidden/frozen_mlp_loss_curve.csv
Fine-tuning pretrained-init embedder + MLP decoder...
Initialized fine-tune decoder from the trained frozen-embedding decoder.
Fine-tune epoch   1/200  train mse(z)=0.2276  val mse(z)=0.1434
Fine-tune epoch   2/200  train mse(z)=0.1636  val mse(z)=0.1235
Fine-tune epoch   3/200  train mse(z)=0.1389  val mse(z)=0.1095
Fine-tune epoch   4/200  train mse(z)=0.1241  val mse(z)=0.1043
Fine-tune epoch   5/200  train mse(z)=0.1139  val mse(z)=0.1012
Fine-tune epoch   6/200  train mse(z)=0.1071  val mse(z)=0.1008
Fine-tune epoch   7/200  train mse(z)=0.1004  val mse(z)=0.0978
Fine-tune epoch   8/200  train mse(z)=0.0957  val mse(z)=0.0950
Fine-tune epoch   9/200  train mse(z)=0.0919  val mse(z)=0.0949
Fine-tune epoch  10/200  train mse(z)=0.0871  val mse(z)=0.0943
Fine-tune epoch  11/200  train mse(z)=0.0840  val mse(z)=0.0933
Fine-tune epoch  12/200  train mse(z)=0.0810  val mse(z)=0.0971
Fine-tune epoch  13/200  train mse(z)=0.0781  val mse(z)=0.0941
Fine-tune epoch  14/200  train mse(z)=0.0765  val mse(z)=0.0933
Fine-tune epoch  15/200  train mse(z)=0.0742  val mse(z)=0.0966
Fine-tune epoch  16/200  train mse(z)=0.0717  val mse(z)=0.0945
Fine-tune epoch  17/200  train mse(z)=0.0695  val mse(z)=0.0948
Fine-tune epoch  18/200  train mse(z)=0.0675  val mse(z)=0.0934
Fine-tune epoch  19/200  train mse(z)=0.0669  val mse(z)=0.0952
Fine-tune epoch  20/200  train mse(z)=0.0650  val mse(z)=0.0947
Fine-tune epoch  21/200  train mse(z)=0.0638  val mse(z)=0.0982
Fine-tune epoch  22/200  train mse(z)=0.0623  val mse(z)=0.0949
Fine-tune epoch  23/200  train mse(z)=0.0601  val mse(z)=0.0931
Fine-tune epoch  24/200  train mse(z)=0.0594  val mse(z)=0.0946
Fine-tune epoch  25/200  train mse(z)=0.0591  val mse(z)=0.0988
Fine-tune epoch  26/200  train mse(z)=0.0574  val mse(z)=0.0963
Fine-tune epoch  27/200  train mse(z)=0.0568  val mse(z)=0.0965
Fine-tune epoch  28/200  train mse(z)=0.0562  val mse(z)=0.0955
Fine-tune epoch  29/200  train mse(z)=0.0550  val mse(z)=0.0937
Fine-tune epoch  30/200  train mse(z)=0.0542  val mse(z)=0.0944
Fine-tune epoch  31/200  train mse(z)=0.0539  val mse(z)=0.0970
Fine-tune epoch  32/200  train mse(z)=0.0531  val mse(z)=0.0966
Fine-tune epoch  33/200  train mse(z)=0.0516  val mse(z)=0.0950
Fine-tune epoch  34/200  train mse(z)=0.0518  val mse(z)=0.0968
Fine-tune epoch  35/200  train mse(z)=0.0512  val mse(z)=0.0980
Fine-tune epoch  36/200  train mse(z)=0.0505  val mse(z)=0.0975
Fine-tune epoch  37/200  train mse(z)=0.0500  val mse(z)=0.0970
Fine-tune epoch  38/200  train mse(z)=0.0493  val mse(z)=0.0970
Fine-tune epoch  39/200  train mse(z)=0.0492  val mse(z)=0.0949
Fine-tune epoch  40/200  train mse(z)=0.0488  val mse(z)=0.0959
Fine-tune epoch  41/200  train mse(z)=0.0480  val mse(z)=0.0981
Fine-tune epoch  42/200  train mse(z)=0.0474  val mse(z)=0.0969
Fine-tune epoch  43/200  train mse(z)=0.0471  val mse(z)=0.0965
Fine-tune epoch  44/200  train mse(z)=0.0466  val mse(z)=0.0984
Fine-tune epoch  45/200  train mse(z)=0.0463  val mse(z)=0.0955
Fine-tune epoch  46/200  train mse(z)=0.0460  val mse(z)=0.0972
Fine-tune epoch  47/200  train mse(z)=0.0453  val mse(z)=0.0975
Fine-tune epoch  48/200  train mse(z)=0.0456  val mse(z)=0.0986
Fine-tune epoch  49/200  train mse(z)=0.0452  val mse(z)=0.0972
Fine-tune epoch  50/200  train mse(z)=0.0455  val mse(z)=0.0969
Fine-tune epoch  51/200  train mse(z)=0.0440  val mse(z)=0.0972
Fine-tune epoch  52/200  train mse(z)=0.0440  val mse(z)=0.0991
Fine-tune epoch  53/200  train mse(z)=0.0439  val mse(z)=0.0956
Fine-tune epoch  54/200  train mse(z)=0.0431  val mse(z)=0.0965
Fine-tune epoch  55/200  train mse(z)=0.0430  val mse(z)=0.0986
Fine-tune epoch  56/200  train mse(z)=0.0424  val mse(z)=0.0975
Fine-tune epoch  57/200  train mse(z)=0.0425  val mse(z)=0.0975
Fine-tune epoch  58/200  train mse(z)=0.0423  val mse(z)=0.0977
Fine-tune epoch  59/200  train mse(z)=0.0417  val mse(z)=0.0989
Fine-tune epoch  60/200  train mse(z)=0.0417  val mse(z)=0.0972
Fine-tune epoch  61/200  train mse(z)=0.0414  val mse(z)=0.1006
Fine-tune epoch  62/200  train mse(z)=0.0410  val mse(z)=0.0996
Fine-tune epoch  63/200  train mse(z)=0.0417  val mse(z)=0.0993
Fine-tune epoch  64/200  train mse(z)=0.0404  val mse(z)=0.0992
Fine-tune epoch  65/200  train mse(z)=0.0409  val mse(z)=0.0999
Fine-tune epoch  66/200  train mse(z)=0.0406  val mse(z)=0.0986
Fine-tune epoch  67/200  train mse(z)=0.0402  val mse(z)=0.0974
Fine-tune epoch  68/200  train mse(z)=0.0400  val mse(z)=0.1004
Fine-tune epoch  69/200  train mse(z)=0.0396  val mse(z)=0.1000
Fine-tune epoch  70/200  train mse(z)=0.0395  val mse(z)=0.0984
Fine-tune epoch  71/200  train mse(z)=0.0389  val mse(z)=0.0991
Fine-tune epoch  72/200  train mse(z)=0.0395  val mse(z)=0.0993
Fine-tune epoch  73/200  train mse(z)=0.0388  val mse(z)=0.1004
Fine-tune epoch  74/200  train mse(z)=0.0389  val mse(z)=0.0987
Fine-tune epoch  75/200  train mse(z)=0.0389  val mse(z)=0.0993
Fine-tune epoch  76/200  train mse(z)=0.0391  val mse(z)=0.1005
Fine-tune epoch  77/200  train mse(z)=0.0384  val mse(z)=0.1003
Fine-tune epoch  78/200  train mse(z)=0.0378  val mse(z)=0.1003
Fine-tune epoch  79/200  train mse(z)=0.0377  val mse(z)=0.1025
Fine-tune epoch  80/200  train mse(z)=0.0387  val mse(z)=0.1006
Fine-tune epoch  81/200  train mse(z)=0.0380  val mse(z)=0.1005
Fine-tune epoch  82/200  train mse(z)=0.0374  val mse(z)=0.1025
Fine-tune epoch  83/200  train mse(z)=0.0374  val mse(z)=0.1014
Fine-tune epoch  84/200  train mse(z)=0.0371  val mse(z)=0.1001
Fine-tune epoch  85/200  train mse(z)=0.0372  val mse(z)=0.1010
Fine-tune epoch  86/200  train mse(z)=0.0376  val mse(z)=0.1014
Fine-tune epoch  87/200  train mse(z)=0.0370  val mse(z)=0.1020
Fine-tune epoch  88/200  train mse(z)=0.0369  val mse(z)=0.1005
Fine-tune epoch  89/200  train mse(z)=0.0367  val mse(z)=0.1026
Fine-tune epoch  90/200  train mse(z)=0.0368  val mse(z)=0.1014
Fine-tune epoch  91/200  train mse(z)=0.0370  val mse(z)=0.1007
Fine-tune epoch  92/200  train mse(z)=0.0372  val mse(z)=0.1013
Fine-tune epoch  93/200  train mse(z)=0.0365  val mse(z)=0.1033
Fine-tune epoch  94/200  train mse(z)=0.0362  val mse(z)=0.1022
Fine-tune epoch  95/200  train mse(z)=0.0362  val mse(z)=0.1028
Fine-tune epoch  96/200  train mse(z)=0.0359  val mse(z)=0.0996
Fine-tune epoch  97/200  train mse(z)=0.0357  val mse(z)=0.1033
Fine-tune epoch  98/200  train mse(z)=0.0360  val mse(z)=0.1036
Fine-tune epoch  99/200  train mse(z)=0.0358  val mse(z)=0.1052
Fine-tune epoch 100/200  train mse(z)=0.0358  val mse(z)=0.1040
Fine-tune epoch 101/200  train mse(z)=0.0350  val mse(z)=0.1022
Fine-tune epoch 102/200  train mse(z)=0.0353  val mse(z)=0.1040
Fine-tune epoch 103/200  train mse(z)=0.0354  val mse(z)=0.1034
Fine-tune epoch 104/200  train mse(z)=0.0351  val mse(z)=0.1035
Fine-tune epoch 105/200  train mse(z)=0.0349  val mse(z)=0.1029
Fine-tune epoch 106/200  train mse(z)=0.0350  val mse(z)=0.1044
Fine-tune epoch 107/200  train mse(z)=0.0349  val mse(z)=0.1030
Fine-tune epoch 108/200  train mse(z)=0.0354  val mse(z)=0.1060
Fine-tune epoch 109/200  train mse(z)=0.0347  val mse(z)=0.1038
Fine-tune epoch 110/200  train mse(z)=0.0349  val mse(z)=0.1034
Fine-tune epoch 111/200  train mse(z)=0.0348  val mse(z)=0.1038
Fine-tune epoch 112/200  train mse(z)=0.0345  val mse(z)=0.1052
Fine-tune epoch 113/200  train mse(z)=0.0342  val mse(z)=0.1039
Fine-tune epoch 114/200  train mse(z)=0.0343  val mse(z)=0.1052
Fine-tune epoch 115/200  train mse(z)=0.0337  val mse(z)=0.1039
Fine-tune epoch 116/200  train mse(z)=0.0339  val mse(z)=0.1045
Fine-tune epoch 117/200  train mse(z)=0.0344  val mse(z)=0.1050
Fine-tune epoch 118/200  train mse(z)=0.0334  val mse(z)=0.1058
Fine-tune epoch 119/200  train mse(z)=0.0341  val mse(z)=0.1043
Fine-tune epoch 120/200  train mse(z)=0.0336  val mse(z)=0.1060
Fine-tune epoch 121/200  train mse(z)=0.0334  val mse(z)=0.1066
Fine-tune epoch 122/200  train mse(z)=0.0330  val mse(z)=0.1062
Fine-tune epoch 123/200  train mse(z)=0.0332  val mse(z)=0.1044
Fine-tune epoch 124/200  train mse(z)=0.0331  val mse(z)=0.1066
Fine-tune epoch 125/200  train mse(z)=0.0335  val mse(z)=0.1050
Fine-tune epoch 126/200  train mse(z)=0.0334  val mse(z)=0.1073
Fine-tune epoch 127/200  train mse(z)=0.0330  val mse(z)=0.1055
Fine-tune epoch 128/200  train mse(z)=0.0329  val mse(z)=0.1071
Fine-tune epoch 129/200  train mse(z)=0.0334  val mse(z)=0.1061
Fine-tune epoch 130/200  train mse(z)=0.0333  val mse(z)=0.1070
Fine-tune epoch 131/200  train mse(z)=0.0330  val mse(z)=0.1076
Fine-tune epoch 132/200  train mse(z)=0.0330  val mse(z)=0.1075
Fine-tune epoch 133/200  train mse(z)=0.0330  val mse(z)=0.1082
Fine-tune epoch 134/200  train mse(z)=0.0329  val mse(z)=0.1077
Fine-tune epoch 135/200  train mse(z)=0.0328  val mse(z)=0.1076
Fine-tune epoch 136/200  train mse(z)=0.0328  val mse(z)=0.1061
Fine-tune epoch 137/200  train mse(z)=0.0321  val mse(z)=0.1070
Fine-tune epoch 138/200  train mse(z)=0.0323  val mse(z)=0.1106
Fine-tune epoch 139/200  train mse(z)=0.0321  val mse(z)=0.1044
Fine-tune epoch 140/200  train mse(z)=0.0323  val mse(z)=0.1062
Fine-tune epoch 141/200  train mse(z)=0.0317  val mse(z)=0.1093
Fine-tune epoch 142/200  train mse(z)=0.0321  val mse(z)=0.1060
Fine-tune epoch 143/200  train mse(z)=0.0319  val mse(z)=0.1075
Fine-tune epoch 144/200  train mse(z)=0.0319  val mse(z)=0.1082
Fine-tune epoch 145/200  train mse(z)=0.0321  val mse(z)=0.1054
Fine-tune epoch 146/200  train mse(z)=0.0320  val mse(z)=0.1064
Fine-tune epoch 147/200  train mse(z)=0.0312  val mse(z)=0.1063
Fine-tune epoch 148/200  train mse(z)=0.0318  val mse(z)=0.1071
Fine-tune epoch 149/200  train mse(z)=0.0319  val mse(z)=0.1068
Fine-tune epoch 150/200  train mse(z)=0.0318  val mse(z)=0.1072
Fine-tune epoch 151/200  train mse(z)=0.0320  val mse(z)=0.1060
Fine-tune epoch 152/200  train mse(z)=0.0318  val mse(z)=0.1099
Fine-tune epoch 153/200  train mse(z)=0.0316  val mse(z)=0.1069
Fine-tune epoch 154/200  train mse(z)=0.0314  val mse(z)=0.1090
Fine-tune epoch 155/200  train mse(z)=0.0315  val mse(z)=0.1087
Fine-tune epoch 156/200  train mse(z)=0.0312  val mse(z)=0.1080
Fine-tune epoch 157/200  train mse(z)=0.0313  val mse(z)=0.1078
Fine-tune epoch 158/200  train mse(z)=0.0316  val mse(z)=0.1094
Fine-tune epoch 159/200  train mse(z)=0.0314  val mse(z)=0.1080
Fine-tune epoch 160/200  train mse(z)=0.0312  val mse(z)=0.1093
Fine-tune epoch 161/200  train mse(z)=0.0310  val mse(z)=0.1087
Fine-tune epoch 162/200  train mse(z)=0.0313  val mse(z)=0.1083
Fine-tune epoch 163/200  train mse(z)=0.0310  val mse(z)=0.1107
Fine-tune epoch 164/200  train mse(z)=0.0309  val mse(z)=0.1091
Fine-tune epoch 165/200  train mse(z)=0.0308  val mse(z)=0.1118
Fine-tune epoch 166/200  train mse(z)=0.0313  val mse(z)=0.1122
Fine-tune epoch 167/200  train mse(z)=0.0308  val mse(z)=0.1079
Fine-tune epoch 168/200  train mse(z)=0.0308  val mse(z)=0.1094
Fine-tune epoch 169/200  train mse(z)=0.0314  val mse(z)=0.1103
Fine-tune epoch 170/200  train mse(z)=0.0306  val mse(z)=0.1097
Fine-tune epoch 171/200  train mse(z)=0.0302  val mse(z)=0.1094
Fine-tune epoch 172/200  train mse(z)=0.0303  val mse(z)=0.1117
Fine-tune epoch 173/200  train mse(z)=0.0304  val mse(z)=0.1100
Fine-tune epoch 174/200  train mse(z)=0.0309  val mse(z)=0.1115
Fine-tune epoch 175/200  train mse(z)=0.0304  val mse(z)=0.1112
Fine-tune epoch 176/200  train mse(z)=0.0316  val mse(z)=0.1117
Fine-tune epoch 177/200  train mse(z)=0.0312  val mse(z)=0.1123
Fine-tune epoch 178/200  train mse(z)=0.0308  val mse(z)=0.1110
Fine-tune epoch 179/200  train mse(z)=0.0303  val mse(z)=0.1120
Fine-tune epoch 180/200  train mse(z)=0.0305  val mse(z)=0.1124
Fine-tune epoch 181/200  train mse(z)=0.0304  val mse(z)=0.1118
Fine-tune epoch 182/200  train mse(z)=0.0303  val mse(z)=0.1107
Fine-tune epoch 183/200  train mse(z)=0.0301  val mse(z)=0.1111
Fine-tune epoch 184/200  train mse(z)=0.0300  val mse(z)=0.1100
Fine-tune epoch 185/200  train mse(z)=0.0300  val mse(z)=0.1134
Fine-tune epoch 186/200  train mse(z)=0.0301  val mse(z)=0.1102
Fine-tune epoch 187/200  train mse(z)=0.0298  val mse(z)=0.1130
Fine-tune epoch 188/200  train mse(z)=0.0302  val mse(z)=0.1115
Fine-tune epoch 189/200  train mse(z)=0.0306  val mse(z)=0.1141
Fine-tune epoch 190/200  train mse(z)=0.0303  val mse(z)=0.1110
Fine-tune epoch 191/200  train mse(z)=0.0299  val mse(z)=0.1137
Fine-tune epoch 192/200  train mse(z)=0.0301  val mse(z)=0.1110
Fine-tune epoch 193/200  train mse(z)=0.0301  val mse(z)=0.1128
Fine-tune epoch 194/200  train mse(z)=0.0302  val mse(z)=0.1119
Fine-tune epoch 195/200  train mse(z)=0.0298  val mse(z)=0.1130
Fine-tune epoch 196/200  train mse(z)=0.0299  val mse(z)=0.1146
Fine-tune epoch 197/200  train mse(z)=0.0296  val mse(z)=0.1114
Fine-tune epoch 198/200  train mse(z)=0.0294  val mse(z)=0.1127
Fine-tune epoch 199/200  train mse(z)=0.0291  val mse(z)=0.1131
Fine-tune epoch 200/200  train mse(z)=0.0300  val mse(z)=0.1142
Saved decoder loss curve: /home/omo26/Non-Rev-Owen/mcmaze/runs/20260730_183626_d128_h256_dep2_bs64_ep150_lr5e-04_lxp0.0_lbt0.0_lcca20.0_sig10.0_s0/outputs/velocity_prediction_finetune_100ms_hidden/finetuned_mlp_loss_curve.png
Saved decoder loss log: /home/omo26/Non-Rev-Owen/mcmaze/runs/20260730_183626_d128_h256_dep2_bs64_ep150_lr5e-04_lxp0.0_lbt0.0_lcca20.0_sig10.0_s0/outputs/velocity_prediction_finetune_100ms_hidden/finetuned_mlp_loss_curve.csv
Saved metrics: /home/omo26/Non-Rev-Owen/mcmaze/runs/20260730_183626_d128_h256_dep2_bs64_ep150_lr5e-04_lxp0.0_lbt0.0_lcca20.0_sig10.0_s0/outputs/velocity_prediction_finetune_100ms_hidden/metrics.csv
Saved plot: /home/omo26/Non-Rev-Owen/mcmaze/runs/20260730_183626_d128_h256_dep2_bs64_ep150_lr5e-04_lxp0.0_lbt0.0_lcca20.0_sig10.0_s0/outputs/velocity_prediction_finetune_100ms_hidden/prediction_scatter.png
Saved fine-tuned model: /home/omo26/Non-Rev-Owen/mcmaze/runs/20260730_183626_d128_h256_dep2_bs64_ep150_lr5e-04_lxp0.0_lbt0.0_lcca20.0_sig10.0_s0/outputs/velocity_prediction_finetune_100ms_hidden/finetuned_model.pt

Validation metrics:
  frozen_mlp         R2 mean=0.8559  RMSE mean=92.0845  corr x/y=0.937/0.914
  finetuned_mlp      R2 mean=0.9084  RMSE mean=73.2304  corr x/y=0.963/0.944
