Using run: /home/omo26/Non-Rev-Owen/mcmaze/runs/20260730_184826_d128_h256_dep2_bs64_ep150_lr5e-04_lxp0.0_lbt0.0_lcca20.0_sig10.0_s2
Using checkpoint: /home/omo26/Non-Rev-Owen/mcmaze/runs/20260730_184826_d128_h256_dep2_bs64_ep150_lr5e-04_lxp0.0_lbt0.0_lcca20.0_sig10.0_s2/checkpoints/best.pt
Embedder initialization: pretrained
Loaded checkpoint from epoch 117
Loading MC Maze data and computing neural windows...
Trials: train=1722 val=573  channels=137  input_window=150 bins  target_window=90 bins  context=30 bins/side
Loading hand velocity and building future targets...
Target: hand_vel +100 ms (10 bins), units=stored NWB values
Valid future samples: 206,550/206,550
Computing pretrained-init frozen hidden features on cuda for feature statistics...
Decoder samples: train=154,980 val=51,570  features=d512
Training pretrained-init frozen-embedding MLP baseline...
MLP epoch   1/200  train mse(z)=0.4797  val mse(z)=0.2749
MLP epoch   2/200  train mse(z)=0.2742  val mse(z)=0.2381
MLP epoch   3/200  train mse(z)=0.2457  val mse(z)=0.2228
MLP epoch   4/200  train mse(z)=0.2309  val mse(z)=0.2127
MLP epoch   5/200  train mse(z)=0.2198  val mse(z)=0.2043
MLP epoch   6/200  train mse(z)=0.2127  val mse(z)=0.1990
MLP epoch   7/200  train mse(z)=0.2062  val mse(z)=0.1932
MLP epoch   8/200  train mse(z)=0.2012  val mse(z)=0.1899
MLP epoch   9/200  train mse(z)=0.1965  val mse(z)=0.1854
MLP epoch  10/200  train mse(z)=0.1923  val mse(z)=0.1834
MLP epoch  11/200  train mse(z)=0.1901  val mse(z)=0.1802
MLP epoch  12/200  train mse(z)=0.1861  val mse(z)=0.1779
MLP epoch  13/200  train mse(z)=0.1847  val mse(z)=0.1752
MLP epoch  14/200  train mse(z)=0.1822  val mse(z)=0.1735
MLP epoch  15/200  train mse(z)=0.1800  val mse(z)=0.1730
MLP epoch  16/200  train mse(z)=0.1773  val mse(z)=0.1706
MLP epoch  17/200  train mse(z)=0.1760  val mse(z)=0.1705
MLP epoch  18/200  train mse(z)=0.1742  val mse(z)=0.1684
MLP epoch  19/200  train mse(z)=0.1724  val mse(z)=0.1694
MLP epoch  20/200  train mse(z)=0.1721  val mse(z)=0.1663
MLP epoch  21/200  train mse(z)=0.1700  val mse(z)=0.1663
MLP epoch  22/200  train mse(z)=0.1687  val mse(z)=0.1663
MLP epoch  23/200  train mse(z)=0.1681  val mse(z)=0.1652
MLP epoch  24/200  train mse(z)=0.1668  val mse(z)=0.1639
MLP epoch  25/200  train mse(z)=0.1659  val mse(z)=0.1636
MLP epoch  26/200  train mse(z)=0.1653  val mse(z)=0.1640
MLP epoch  27/200  train mse(z)=0.1645  val mse(z)=0.1636
MLP epoch  28/200  train mse(z)=0.1637  val mse(z)=0.1637
MLP epoch  29/200  train mse(z)=0.1630  val mse(z)=0.1626
MLP epoch  30/200  train mse(z)=0.1622  val mse(z)=0.1622
MLP epoch  31/200  train mse(z)=0.1616  val mse(z)=0.1607
MLP epoch  32/200  train mse(z)=0.1610  val mse(z)=0.1627
MLP epoch  33/200  train mse(z)=0.1598  val mse(z)=0.1618
MLP epoch  34/200  train mse(z)=0.1599  val mse(z)=0.1613
MLP epoch  35/200  train mse(z)=0.1596  val mse(z)=0.1614
MLP epoch  36/200  train mse(z)=0.1585  val mse(z)=0.1616
MLP epoch  37/200  train mse(z)=0.1578  val mse(z)=0.1612
MLP epoch  38/200  train mse(z)=0.1574  val mse(z)=0.1601
MLP epoch  39/200  train mse(z)=0.1571  val mse(z)=0.1605
MLP epoch  40/200  train mse(z)=0.1563  val mse(z)=0.1607
MLP epoch  41/200  train mse(z)=0.1556  val mse(z)=0.1599
MLP epoch  42/200  train mse(z)=0.1561  val mse(z)=0.1602
MLP epoch  43/200  train mse(z)=0.1558  val mse(z)=0.1596
MLP epoch  44/200  train mse(z)=0.1552  val mse(z)=0.1605
MLP epoch  45/200  train mse(z)=0.1546  val mse(z)=0.1596
MLP epoch  46/200  train mse(z)=0.1548  val mse(z)=0.1588
MLP epoch  47/200  train mse(z)=0.1538  val mse(z)=0.1584
MLP epoch  48/200  train mse(z)=0.1531  val mse(z)=0.1590
MLP epoch  49/200  train mse(z)=0.1536  val mse(z)=0.1593
MLP epoch  50/200  train mse(z)=0.1528  val mse(z)=0.1579
MLP epoch  51/200  train mse(z)=0.1525  val mse(z)=0.1595
MLP epoch  52/200  train mse(z)=0.1522  val mse(z)=0.1576
MLP epoch  53/200  train mse(z)=0.1515  val mse(z)=0.1583
MLP epoch  54/200  train mse(z)=0.1517  val mse(z)=0.1587
MLP epoch  55/200  train mse(z)=0.1507  val mse(z)=0.1580
MLP epoch  56/200  train mse(z)=0.1520  val mse(z)=0.1577
MLP epoch  57/200  train mse(z)=0.1508  val mse(z)=0.1595
MLP epoch  58/200  train mse(z)=0.1507  val mse(z)=0.1590
MLP epoch  59/200  train mse(z)=0.1503  val mse(z)=0.1579
MLP epoch  60/200  train mse(z)=0.1498  val mse(z)=0.1580
MLP epoch  61/200  train mse(z)=0.1488  val mse(z)=0.1577
MLP epoch  62/200  train mse(z)=0.1494  val mse(z)=0.1583
MLP epoch  63/200  train mse(z)=0.1492  val mse(z)=0.1584
MLP epoch  64/200  train mse(z)=0.1481  val mse(z)=0.1578
MLP epoch  65/200  train mse(z)=0.1482  val mse(z)=0.1583
MLP epoch  66/200  train mse(z)=0.1484  val mse(z)=0.1582
MLP epoch  67/200  train mse(z)=0.1483  val mse(z)=0.1583
MLP epoch  68/200  train mse(z)=0.1478  val mse(z)=0.1584
MLP epoch  69/200  train mse(z)=0.1475  val mse(z)=0.1571
MLP epoch  70/200  train mse(z)=0.1470  val mse(z)=0.1576
MLP epoch  71/200  train mse(z)=0.1470  val mse(z)=0.1581
MLP epoch  72/200  train mse(z)=0.1475  val mse(z)=0.1581
MLP epoch  73/200  train mse(z)=0.1467  val mse(z)=0.1569
MLP epoch  74/200  train mse(z)=0.1464  val mse(z)=0.1584
MLP epoch  75/200  train mse(z)=0.1463  val mse(z)=0.1580
MLP epoch  76/200  train mse(z)=0.1455  val mse(z)=0.1578
MLP epoch  77/200  train mse(z)=0.1459  val mse(z)=0.1593
MLP epoch  78/200  train mse(z)=0.1452  val mse(z)=0.1584
MLP epoch  79/200  train mse(z)=0.1455  val mse(z)=0.1579
MLP epoch  80/200  train mse(z)=0.1456  val mse(z)=0.1590
MLP epoch  81/200  train mse(z)=0.1456  val mse(z)=0.1577
MLP epoch  82/200  train mse(z)=0.1455  val mse(z)=0.1583
MLP epoch  83/200  train mse(z)=0.1455  val mse(z)=0.1567
MLP epoch  84/200  train mse(z)=0.1444  val mse(z)=0.1580
MLP epoch  85/200  train mse(z)=0.1448  val mse(z)=0.1578
MLP epoch  86/200  train mse(z)=0.1445  val mse(z)=0.1576
MLP epoch  87/200  train mse(z)=0.1436  val mse(z)=0.1579
MLP epoch  88/200  train mse(z)=0.1437  val mse(z)=0.1586
MLP epoch  89/200  train mse(z)=0.1442  val mse(z)=0.1573
MLP epoch  90/200  train mse(z)=0.1443  val mse(z)=0.1586
MLP epoch  91/200  train mse(z)=0.1431  val mse(z)=0.1573
MLP epoch  92/200  train mse(z)=0.1438  val mse(z)=0.1581
MLP epoch  93/200  train mse(z)=0.1433  val mse(z)=0.1585
MLP epoch  94/200  train mse(z)=0.1438  val mse(z)=0.1567
MLP epoch  95/200  train mse(z)=0.1435  val mse(z)=0.1579
MLP epoch  96/200  train mse(z)=0.1429  val mse(z)=0.1590
MLP epoch  97/200  train mse(z)=0.1442  val mse(z)=0.1579
MLP epoch  98/200  train mse(z)=0.1425  val mse(z)=0.1568
MLP epoch  99/200  train mse(z)=0.1423  val mse(z)=0.1573
MLP epoch 100/200  train mse(z)=0.1423  val mse(z)=0.1573
MLP epoch 101/200  train mse(z)=0.1431  val mse(z)=0.1574
MLP epoch 102/200  train mse(z)=0.1419  val mse(z)=0.1585
MLP epoch 103/200  train mse(z)=0.1427  val mse(z)=0.1580
MLP epoch 104/200  train mse(z)=0.1425  val mse(z)=0.1572
MLP epoch 105/200  train mse(z)=0.1414  val mse(z)=0.1571
MLP epoch 106/200  train mse(z)=0.1419  val mse(z)=0.1583
MLP epoch 107/200  train mse(z)=0.1411  val mse(z)=0.1583
MLP epoch 108/200  train mse(z)=0.1418  val mse(z)=0.1583
MLP epoch 109/200  train mse(z)=0.1414  val mse(z)=0.1587
MLP epoch 110/200  train mse(z)=0.1417  val mse(z)=0.1583
MLP epoch 111/200  train mse(z)=0.1416  val mse(z)=0.1579
MLP epoch 112/200  train mse(z)=0.1413  val mse(z)=0.1580
MLP epoch 113/200  train mse(z)=0.1409  val mse(z)=0.1598
MLP epoch 114/200  train mse(z)=0.1409  val mse(z)=0.1583
MLP epoch 115/200  train mse(z)=0.1410  val mse(z)=0.1584
MLP epoch 116/200  train mse(z)=0.1411  val mse(z)=0.1591
MLP epoch 117/200  train mse(z)=0.1400  val mse(z)=0.1573
MLP epoch 118/200  train mse(z)=0.1405  val mse(z)=0.1588
MLP epoch 119/200  train mse(z)=0.1403  val mse(z)=0.1583
MLP epoch 120/200  train mse(z)=0.1398  val mse(z)=0.1592
MLP epoch 121/200  train mse(z)=0.1401  val mse(z)=0.1593
MLP epoch 122/200  train mse(z)=0.1402  val mse(z)=0.1586
MLP epoch 123/200  train mse(z)=0.1405  val mse(z)=0.1599
MLP epoch 124/200  train mse(z)=0.1400  val mse(z)=0.1585
MLP epoch 125/200  train mse(z)=0.1400  val mse(z)=0.1584
MLP epoch 126/200  train mse(z)=0.1400  val mse(z)=0.1581
MLP epoch 127/200  train mse(z)=0.1407  val mse(z)=0.1592
MLP epoch 128/200  train mse(z)=0.1403  val mse(z)=0.1598
MLP epoch 129/200  train mse(z)=0.1398  val mse(z)=0.1593
MLP epoch 130/200  train mse(z)=0.1391  val mse(z)=0.1583
MLP epoch 131/200  train mse(z)=0.1392  val mse(z)=0.1591
MLP epoch 132/200  train mse(z)=0.1397  val mse(z)=0.1577
MLP epoch 133/200  train mse(z)=0.1389  val mse(z)=0.1586
MLP epoch 134/200  train mse(z)=0.1401  val mse(z)=0.1592
MLP epoch 135/200  train mse(z)=0.1388  val mse(z)=0.1578
MLP epoch 136/200  train mse(z)=0.1395  val mse(z)=0.1600
MLP epoch 137/200  train mse(z)=0.1395  val mse(z)=0.1596
MLP epoch 138/200  train mse(z)=0.1388  val mse(z)=0.1587
MLP epoch 139/200  train mse(z)=0.1390  val mse(z)=0.1595
MLP epoch 140/200  train mse(z)=0.1384  val mse(z)=0.1580
MLP epoch 141/200  train mse(z)=0.1391  val mse(z)=0.1591
MLP epoch 142/200  train mse(z)=0.1380  val mse(z)=0.1587
MLP epoch 143/200  train mse(z)=0.1394  val mse(z)=0.1595
MLP epoch 144/200  train mse(z)=0.1390  val mse(z)=0.1588
MLP epoch 145/200  train mse(z)=0.1388  val mse(z)=0.1601
MLP epoch 146/200  train mse(z)=0.1383  val mse(z)=0.1603
MLP epoch 147/200  train mse(z)=0.1380  val mse(z)=0.1593
MLP epoch 148/200  train mse(z)=0.1383  val mse(z)=0.1594
MLP epoch 149/200  train mse(z)=0.1384  val mse(z)=0.1592
MLP epoch 150/200  train mse(z)=0.1392  val mse(z)=0.1597
MLP epoch 151/200  train mse(z)=0.1389  val mse(z)=0.1588
MLP epoch 152/200  train mse(z)=0.1389  val mse(z)=0.1586
MLP epoch 153/200  train mse(z)=0.1377  val mse(z)=0.1596
MLP epoch 154/200  train mse(z)=0.1375  val mse(z)=0.1596
MLP epoch 155/200  train mse(z)=0.1376  val mse(z)=0.1597
MLP epoch 156/200  train mse(z)=0.1371  val mse(z)=0.1597
MLP epoch 157/200  train mse(z)=0.1371  val mse(z)=0.1601
MLP epoch 158/200  train mse(z)=0.1377  val mse(z)=0.1602
MLP epoch 159/200  train mse(z)=0.1371  val mse(z)=0.1588
MLP epoch 160/200  train mse(z)=0.1374  val mse(z)=0.1606
MLP epoch 161/200  train mse(z)=0.1384  val mse(z)=0.1588
MLP epoch 162/200  train mse(z)=0.1381  val mse(z)=0.1588
MLP epoch 163/200  train mse(z)=0.1367  val mse(z)=0.1602
MLP epoch 164/200  train mse(z)=0.1381  val mse(z)=0.1609
MLP epoch 165/200  train mse(z)=0.1376  val mse(z)=0.1599
MLP epoch 166/200  train mse(z)=0.1370  val mse(z)=0.1601
MLP epoch 167/200  train mse(z)=0.1371  val mse(z)=0.1601
MLP epoch 168/200  train mse(z)=0.1373  val mse(z)=0.1591
MLP epoch 169/200  train mse(z)=0.1368  val mse(z)=0.1595
MLP epoch 170/200  train mse(z)=0.1371  val mse(z)=0.1591
MLP epoch 171/200  train mse(z)=0.1368  val mse(z)=0.1596
MLP epoch 172/200  train mse(z)=0.1373  val mse(z)=0.1601
MLP epoch 173/200  train mse(z)=0.1370  val mse(z)=0.1601
MLP epoch 174/200  train mse(z)=0.1372  val mse(z)=0.1609
MLP epoch 175/200  train mse(z)=0.1369  val mse(z)=0.1594
MLP epoch 176/200  train mse(z)=0.1364  val mse(z)=0.1597
MLP epoch 177/200  train mse(z)=0.1370  val mse(z)=0.1609
MLP epoch 178/200  train mse(z)=0.1374  val mse(z)=0.1598
MLP epoch 179/200  train mse(z)=0.1366  val mse(z)=0.1609
MLP epoch 180/200  train mse(z)=0.1364  val mse(z)=0.1610
MLP epoch 181/200  train mse(z)=0.1370  val mse(z)=0.1614
MLP epoch 182/200  train mse(z)=0.1366  val mse(z)=0.1608
MLP epoch 183/200  train mse(z)=0.1367  val mse(z)=0.1601
MLP epoch 184/200  train mse(z)=0.1368  val mse(z)=0.1603
MLP epoch 185/200  train mse(z)=0.1381  val mse(z)=0.1604
MLP epoch 186/200  train mse(z)=0.1369  val mse(z)=0.1590
MLP epoch 187/200  train mse(z)=0.1355  val mse(z)=0.1621
MLP epoch 188/200  train mse(z)=0.1367  val mse(z)=0.1612
MLP epoch 189/200  train mse(z)=0.1365  val mse(z)=0.1603
MLP epoch 190/200  train mse(z)=0.1365  val mse(z)=0.1608
MLP epoch 191/200  train mse(z)=0.1364  val mse(z)=0.1602
MLP epoch 192/200  train mse(z)=0.1360  val mse(z)=0.1618
MLP epoch 193/200  train mse(z)=0.1361  val mse(z)=0.1601
MLP epoch 194/200  train mse(z)=0.1360  val mse(z)=0.1620
MLP epoch 195/200  train mse(z)=0.1367  val mse(z)=0.1610
MLP epoch 196/200  train mse(z)=0.1369  val mse(z)=0.1603
MLP epoch 197/200  train mse(z)=0.1361  val mse(z)=0.1595
MLP epoch 198/200  train mse(z)=0.1362  val mse(z)=0.1613
MLP epoch 199/200  train mse(z)=0.1362  val mse(z)=0.1603
MLP epoch 200/200  train mse(z)=0.1357  val mse(z)=0.1593
Saved decoder loss curve: /home/omo26/Non-Rev-Owen/mcmaze/runs/20260730_184826_d128_h256_dep2_bs64_ep150_lr5e-04_lxp0.0_lbt0.0_lcca20.0_sig10.0_s2/outputs/velocity_prediction_finetune_100ms_hidden/frozen_mlp_loss_curve.png
Saved decoder loss log: /home/omo26/Non-Rev-Owen/mcmaze/runs/20260730_184826_d128_h256_dep2_bs64_ep150_lr5e-04_lxp0.0_lbt0.0_lcca20.0_sig10.0_s2/outputs/velocity_prediction_finetune_100ms_hidden/frozen_mlp_loss_curve.csv
Fine-tuning pretrained-init embedder + MLP decoder...
Initialized fine-tune decoder from the trained frozen-embedding decoder.
Fine-tune epoch   1/200  train mse(z)=0.2435  val mse(z)=0.1362
Fine-tune epoch   2/200  train mse(z)=0.1735  val mse(z)=0.1179
Fine-tune epoch   3/200  train mse(z)=0.1460  val mse(z)=0.1129
Fine-tune epoch   4/200  train mse(z)=0.1315  val mse(z)=0.1065
Fine-tune epoch   5/200  train mse(z)=0.1206  val mse(z)=0.1010
Fine-tune epoch   6/200  train mse(z)=0.1133  val mse(z)=0.1104
Fine-tune epoch   7/200  train mse(z)=0.1066  val mse(z)=0.0986
Fine-tune epoch   8/200  train mse(z)=0.1007  val mse(z)=0.0981
Fine-tune epoch   9/200  train mse(z)=0.0954  val mse(z)=0.0954
Fine-tune epoch  10/200  train mse(z)=0.0930  val mse(z)=0.0980
Fine-tune epoch  11/200  train mse(z)=0.0889  val mse(z)=0.0961
Fine-tune epoch  12/200  train mse(z)=0.0861  val mse(z)=0.0957
Fine-tune epoch  13/200  train mse(z)=0.0829  val mse(z)=0.0951
Fine-tune epoch  14/200  train mse(z)=0.0800  val mse(z)=0.0917
Fine-tune epoch  15/200  train mse(z)=0.0779  val mse(z)=0.0942
Fine-tune epoch  16/200  train mse(z)=0.0756  val mse(z)=0.0921
Fine-tune epoch  17/200  train mse(z)=0.0739  val mse(z)=0.0932
Fine-tune epoch  18/200  train mse(z)=0.0718  val mse(z)=0.0922
Fine-tune epoch  19/200  train mse(z)=0.0699  val mse(z)=0.0927
Fine-tune epoch  20/200  train mse(z)=0.0687  val mse(z)=0.0931
Fine-tune epoch  21/200  train mse(z)=0.0670  val mse(z)=0.0914
Fine-tune epoch  22/200  train mse(z)=0.0659  val mse(z)=0.0943
Fine-tune epoch  23/200  train mse(z)=0.0641  val mse(z)=0.0925
Fine-tune epoch  24/200  train mse(z)=0.0631  val mse(z)=0.0940
Fine-tune epoch  25/200  train mse(z)=0.0622  val mse(z)=0.0948
Fine-tune epoch  26/200  train mse(z)=0.0606  val mse(z)=0.0922
Fine-tune epoch  27/200  train mse(z)=0.0600  val mse(z)=0.0944
Fine-tune epoch  28/200  train mse(z)=0.0588  val mse(z)=0.0941
Fine-tune epoch  29/200  train mse(z)=0.0581  val mse(z)=0.0926
Fine-tune epoch  30/200  train mse(z)=0.0571  val mse(z)=0.0931
Fine-tune epoch  31/200  train mse(z)=0.0559  val mse(z)=0.0945
Fine-tune epoch  32/200  train mse(z)=0.0561  val mse(z)=0.0943
Fine-tune epoch  33/200  train mse(z)=0.0546  val mse(z)=0.0948
Fine-tune epoch  34/200  train mse(z)=0.0539  val mse(z)=0.0930
Fine-tune epoch  35/200  train mse(z)=0.0539  val mse(z)=0.0936
Fine-tune epoch  36/200  train mse(z)=0.0531  val mse(z)=0.0947
Fine-tune epoch  37/200  train mse(z)=0.0520  val mse(z)=0.0929
Fine-tune epoch  38/200  train mse(z)=0.0517  val mse(z)=0.0964
Fine-tune epoch  39/200  train mse(z)=0.0517  val mse(z)=0.0946
Fine-tune epoch  40/200  train mse(z)=0.0513  val mse(z)=0.0928
Fine-tune epoch  41/200  train mse(z)=0.0508  val mse(z)=0.0936
Fine-tune epoch  42/200  train mse(z)=0.0503  val mse(z)=0.0967
Fine-tune epoch  43/200  train mse(z)=0.0499  val mse(z)=0.0944
Fine-tune epoch  44/200  train mse(z)=0.0493  val mse(z)=0.0950
Fine-tune epoch  45/200  train mse(z)=0.0487  val mse(z)=0.0957
Fine-tune epoch  46/200  train mse(z)=0.0482  val mse(z)=0.0982
Fine-tune epoch  47/200  train mse(z)=0.0483  val mse(z)=0.0947
Fine-tune epoch  48/200  train mse(z)=0.0480  val mse(z)=0.0959
Fine-tune epoch  49/200  train mse(z)=0.0474  val mse(z)=0.0946
Fine-tune epoch  50/200  train mse(z)=0.0470  val mse(z)=0.0959
Fine-tune epoch  51/200  train mse(z)=0.0469  val mse(z)=0.0948
Fine-tune epoch  52/200  train mse(z)=0.0461  val mse(z)=0.0957
Fine-tune epoch  53/200  train mse(z)=0.0461  val mse(z)=0.0962
Fine-tune epoch  54/200  train mse(z)=0.0454  val mse(z)=0.0952
Fine-tune epoch  55/200  train mse(z)=0.0447  val mse(z)=0.0961
Fine-tune epoch  56/200  train mse(z)=0.0449  val mse(z)=0.0960
Fine-tune epoch  57/200  train mse(z)=0.0447  val mse(z)=0.0948
Fine-tune epoch  58/200  train mse(z)=0.0447  val mse(z)=0.0960
Fine-tune epoch  59/200  train mse(z)=0.0443  val mse(z)=0.0947
Fine-tune epoch  60/200  train mse(z)=0.0442  val mse(z)=0.0964
Fine-tune epoch  61/200  train mse(z)=0.0439  val mse(z)=0.0976
Fine-tune epoch  62/200  train mse(z)=0.0438  val mse(z)=0.0958
Fine-tune epoch  63/200  train mse(z)=0.0436  val mse(z)=0.0961
Fine-tune epoch  64/200  train mse(z)=0.0438  val mse(z)=0.0961
Fine-tune epoch  65/200  train mse(z)=0.0437  val mse(z)=0.0963
Fine-tune epoch  66/200  train mse(z)=0.0425  val mse(z)=0.0967
Fine-tune epoch  67/200  train mse(z)=0.0427  val mse(z)=0.0956
Fine-tune epoch  68/200  train mse(z)=0.0425  val mse(z)=0.0977
Fine-tune epoch  69/200  train mse(z)=0.0424  val mse(z)=0.0993
Fine-tune epoch  70/200  train mse(z)=0.0421  val mse(z)=0.0970
Fine-tune epoch  71/200  train mse(z)=0.0421  val mse(z)=0.0977
Fine-tune epoch  72/200  train mse(z)=0.0420  val mse(z)=0.0977
Fine-tune epoch  73/200  train mse(z)=0.0409  val mse(z)=0.0972
Fine-tune epoch  74/200  train mse(z)=0.0405  val mse(z)=0.0998
Fine-tune epoch  75/200  train mse(z)=0.0402  val mse(z)=0.0975
Fine-tune epoch  76/200  train mse(z)=0.0402  val mse(z)=0.0996
Fine-tune epoch  77/200  train mse(z)=0.0408  val mse(z)=0.0978
Fine-tune epoch  78/200  train mse(z)=0.0400  val mse(z)=0.0972
Fine-tune epoch  79/200  train mse(z)=0.0400  val mse(z)=0.0988
Fine-tune epoch  80/200  train mse(z)=0.0401  val mse(z)=0.0976
Fine-tune epoch  81/200  train mse(z)=0.0402  val mse(z)=0.0985
Fine-tune epoch  82/200  train mse(z)=0.0399  val mse(z)=0.0982
Fine-tune epoch  83/200  train mse(z)=0.0391  val mse(z)=0.0981
Fine-tune epoch  84/200  train mse(z)=0.0388  val mse(z)=0.0992
Fine-tune epoch  85/200  train mse(z)=0.0392  val mse(z)=0.0988
Fine-tune epoch  86/200  train mse(z)=0.0383  val mse(z)=0.0991
Fine-tune epoch  87/200  train mse(z)=0.0385  val mse(z)=0.0978
Fine-tune epoch  88/200  train mse(z)=0.0381  val mse(z)=0.0988
Fine-tune epoch  89/200  train mse(z)=0.0381  val mse(z)=0.1001
Fine-tune epoch  90/200  train mse(z)=0.0379  val mse(z)=0.0990
Fine-tune epoch  91/200  train mse(z)=0.0378  val mse(z)=0.1012
Fine-tune epoch  92/200  train mse(z)=0.0384  val mse(z)=0.1005
Fine-tune epoch  93/200  train mse(z)=0.0380  val mse(z)=0.1017
Fine-tune epoch  94/200  train mse(z)=0.0384  val mse(z)=0.1026
Fine-tune epoch  95/200  train mse(z)=0.0380  val mse(z)=0.1019
Fine-tune epoch  96/200  train mse(z)=0.0379  val mse(z)=0.1005
Fine-tune epoch  97/200  train mse(z)=0.0377  val mse(z)=0.0995
Fine-tune epoch  98/200  train mse(z)=0.0370  val mse(z)=0.1003
Fine-tune epoch  99/200  train mse(z)=0.0371  val mse(z)=0.1015
Fine-tune epoch 100/200  train mse(z)=0.0374  val mse(z)=0.1021
Fine-tune epoch 101/200  train mse(z)=0.0372  val mse(z)=0.1016
Fine-tune epoch 102/200  train mse(z)=0.0374  val mse(z)=0.1004
Fine-tune epoch 103/200  train mse(z)=0.0370  val mse(z)=0.1008
Fine-tune epoch 104/200  train mse(z)=0.0363  val mse(z)=0.1007
Fine-tune epoch 105/200  train mse(z)=0.0363  val mse(z)=0.1003
Fine-tune epoch 106/200  train mse(z)=0.0361  val mse(z)=0.1016
Fine-tune epoch 107/200  train mse(z)=0.0369  val mse(z)=0.1023
Fine-tune epoch 108/200  train mse(z)=0.0363  val mse(z)=0.1024
Fine-tune epoch 109/200  train mse(z)=0.0362  val mse(z)=0.1033
Fine-tune epoch 110/200  train mse(z)=0.0359  val mse(z)=0.1020
Fine-tune epoch 111/200  train mse(z)=0.0364  val mse(z)=0.1027
Fine-tune epoch 112/200  train mse(z)=0.0362  val mse(z)=0.1032
Fine-tune epoch 113/200  train mse(z)=0.0360  val mse(z)=0.1029
Fine-tune epoch 114/200  train mse(z)=0.0359  val mse(z)=0.1017
Fine-tune epoch 115/200  train mse(z)=0.0361  val mse(z)=0.1013
Fine-tune epoch 116/200  train mse(z)=0.0354  val mse(z)=0.1019
Fine-tune epoch 117/200  train mse(z)=0.0354  val mse(z)=0.1012
Fine-tune epoch 118/200  train mse(z)=0.0354  val mse(z)=0.1027
Fine-tune epoch 119/200  train mse(z)=0.0354  val mse(z)=0.1019
Fine-tune epoch 120/200  train mse(z)=0.0354  val mse(z)=0.1058
Fine-tune epoch 121/200  train mse(z)=0.0348  val mse(z)=0.1039
Fine-tune epoch 122/200  train mse(z)=0.0348  val mse(z)=0.1029
Fine-tune epoch 123/200  train mse(z)=0.0345  val mse(z)=0.1027
Fine-tune epoch 124/200  train mse(z)=0.0349  val mse(z)=0.1028
Fine-tune epoch 125/200  train mse(z)=0.0351  val mse(z)=0.1034
Fine-tune epoch 126/200  train mse(z)=0.0351  val mse(z)=0.1040
Fine-tune epoch 127/200  train mse(z)=0.0350  val mse(z)=0.1033
Fine-tune epoch 128/200  train mse(z)=0.0348  val mse(z)=0.1035
Fine-tune epoch 129/200  train mse(z)=0.0345  val mse(z)=0.1032
Fine-tune epoch 130/200  train mse(z)=0.0343  val mse(z)=0.1035
Fine-tune epoch 131/200  train mse(z)=0.0346  val mse(z)=0.1035
Fine-tune epoch 132/200  train mse(z)=0.0340  val mse(z)=0.1027
Fine-tune epoch 133/200  train mse(z)=0.0346  val mse(z)=0.1033
Fine-tune epoch 134/200  train mse(z)=0.0341  val mse(z)=0.1051
Fine-tune epoch 135/200  train mse(z)=0.0341  val mse(z)=0.1046
Fine-tune epoch 136/200  train mse(z)=0.0338  val mse(z)=0.1040
Fine-tune epoch 137/200  train mse(z)=0.0338  val mse(z)=0.1051
Fine-tune epoch 138/200  train mse(z)=0.0332  val mse(z)=0.1035
Fine-tune epoch 139/200  train mse(z)=0.0334  val mse(z)=0.1048
Fine-tune epoch 140/200  train mse(z)=0.0336  val mse(z)=0.1044
Fine-tune epoch 141/200  train mse(z)=0.0338  val mse(z)=0.1046
Fine-tune epoch 142/200  train mse(z)=0.0334  val mse(z)=0.1063
Fine-tune epoch 143/200  train mse(z)=0.0337  val mse(z)=0.1053
Fine-tune epoch 144/200  train mse(z)=0.0335  val mse(z)=0.1044
Fine-tune epoch 145/200  train mse(z)=0.0335  val mse(z)=0.1038
Fine-tune epoch 146/200  train mse(z)=0.0330  val mse(z)=0.1062
Fine-tune epoch 147/200  train mse(z)=0.0329  val mse(z)=0.1045
Fine-tune epoch 148/200  train mse(z)=0.0339  val mse(z)=0.1045
Fine-tune epoch 149/200  train mse(z)=0.0333  val mse(z)=0.1090
Fine-tune epoch 150/200  train mse(z)=0.0324  val mse(z)=0.1059
Fine-tune epoch 151/200  train mse(z)=0.0329  val mse(z)=0.1054
Fine-tune epoch 152/200  train mse(z)=0.0330  val mse(z)=0.1056
Fine-tune epoch 153/200  train mse(z)=0.0330  val mse(z)=0.1080
Fine-tune epoch 154/200  train mse(z)=0.0331  val mse(z)=0.1063
Fine-tune epoch 155/200  train mse(z)=0.0327  val mse(z)=0.1064
Fine-tune epoch 156/200  train mse(z)=0.0330  val mse(z)=0.1067
Fine-tune epoch 157/200  train mse(z)=0.0332  val mse(z)=0.1045
Fine-tune epoch 158/200  train mse(z)=0.0328  val mse(z)=0.1053
Fine-tune epoch 159/200  train mse(z)=0.0328  val mse(z)=0.1068
Fine-tune epoch 160/200  train mse(z)=0.0329  val mse(z)=0.1057
Fine-tune epoch 161/200  train mse(z)=0.0327  val mse(z)=0.1072
Fine-tune epoch 162/200  train mse(z)=0.0324  val mse(z)=0.1066
Fine-tune epoch 163/200  train mse(z)=0.0321  val mse(z)=0.1071
Fine-tune epoch 164/200  train mse(z)=0.0324  val mse(z)=0.1069
Fine-tune epoch 165/200  train mse(z)=0.0320  val mse(z)=0.1101
Fine-tune epoch 166/200  train mse(z)=0.0327  val mse(z)=0.1052
Fine-tune epoch 167/200  train mse(z)=0.0319  val mse(z)=0.1068
Fine-tune epoch 168/200  train mse(z)=0.0319  val mse(z)=0.1063
Fine-tune epoch 169/200  train mse(z)=0.0321  val mse(z)=0.1062
Fine-tune epoch 170/200  train mse(z)=0.0330  val mse(z)=0.1072
Fine-tune epoch 171/200  train mse(z)=0.0327  val mse(z)=0.1089
Fine-tune epoch 172/200  train mse(z)=0.0320  val mse(z)=0.1068
Fine-tune epoch 173/200  train mse(z)=0.0323  val mse(z)=0.1080
Fine-tune epoch 174/200  train mse(z)=0.0320  val mse(z)=0.1069
Fine-tune epoch 175/200  train mse(z)=0.0331  val mse(z)=0.1118
Fine-tune epoch 176/200  train mse(z)=0.0321  val mse(z)=0.1053
Fine-tune epoch 177/200  train mse(z)=0.0316  val mse(z)=0.1073
Fine-tune epoch 178/200  train mse(z)=0.0315  val mse(z)=0.1064
Fine-tune epoch 179/200  train mse(z)=0.0318  val mse(z)=0.1085
Fine-tune epoch 180/200  train mse(z)=0.0317  val mse(z)=0.1072
Fine-tune epoch 181/200  train mse(z)=0.0319  val mse(z)=0.1069
Fine-tune epoch 182/200  train mse(z)=0.0318  val mse(z)=0.1068
Fine-tune epoch 183/200  train mse(z)=0.0315  val mse(z)=0.1083
Fine-tune epoch 184/200  train mse(z)=0.0315  val mse(z)=0.1087
Fine-tune epoch 185/200  train mse(z)=0.0311  val mse(z)=0.1073
Fine-tune epoch 186/200  train mse(z)=0.0312  val mse(z)=0.1067
Fine-tune epoch 187/200  train mse(z)=0.0315  val mse(z)=0.1093
Fine-tune epoch 188/200  train mse(z)=0.0314  val mse(z)=0.1080
Fine-tune epoch 189/200  train mse(z)=0.0316  val mse(z)=0.1101
Fine-tune epoch 190/200  train mse(z)=0.0312  val mse(z)=0.1086
Fine-tune epoch 191/200  train mse(z)=0.0309  val mse(z)=0.1096
Fine-tune epoch 192/200  train mse(z)=0.0314  val mse(z)=0.1073
Fine-tune epoch 193/200  train mse(z)=0.0313  val mse(z)=0.1082
Fine-tune epoch 194/200  train mse(z)=0.0311  val mse(z)=0.1101
Fine-tune epoch 195/200  train mse(z)=0.0311  val mse(z)=0.1110
Fine-tune epoch 196/200  train mse(z)=0.0310  val mse(z)=0.1086
Fine-tune epoch 197/200  train mse(z)=0.0316  val mse(z)=0.1124
Fine-tune epoch 198/200  train mse(z)=0.0314  val mse(z)=0.1094
Fine-tune epoch 199/200  train mse(z)=0.0311  val mse(z)=0.1100
Fine-tune epoch 200/200  train mse(z)=0.0313  val mse(z)=0.1118
Saved decoder loss curve: /home/omo26/Non-Rev-Owen/mcmaze/runs/20260730_184826_d128_h256_dep2_bs64_ep150_lr5e-04_lxp0.0_lbt0.0_lcca20.0_sig10.0_s2/outputs/velocity_prediction_finetune_100ms_hidden/finetuned_mlp_loss_curve.png
Saved decoder loss log: /home/omo26/Non-Rev-Owen/mcmaze/runs/20260730_184826_d128_h256_dep2_bs64_ep150_lr5e-04_lxp0.0_lbt0.0_lcca20.0_sig10.0_s2/outputs/velocity_prediction_finetune_100ms_hidden/finetuned_mlp_loss_curve.csv
Saved metrics: /home/omo26/Non-Rev-Owen/mcmaze/runs/20260730_184826_d128_h256_dep2_bs64_ep150_lr5e-04_lxp0.0_lbt0.0_lcca20.0_sig10.0_s2/outputs/velocity_prediction_finetune_100ms_hidden/metrics.csv
Saved plot: /home/omo26/Non-Rev-Owen/mcmaze/runs/20260730_184826_d128_h256_dep2_bs64_ep150_lr5e-04_lxp0.0_lbt0.0_lcca20.0_sig10.0_s2/outputs/velocity_prediction_finetune_100ms_hidden/prediction_scatter.png
Saved fine-tuned model: /home/omo26/Non-Rev-Owen/mcmaze/runs/20260730_184826_d128_h256_dep2_bs64_ep150_lr5e-04_lxp0.0_lbt0.0_lcca20.0_sig10.0_s2/outputs/velocity_prediction_finetune_100ms_hidden/finetuned_model.pt

Validation metrics:
  frozen_mlp         R2 mean=0.8389  RMSE mean=95.5062  corr x/y=0.932/0.899
  finetuned_mlp      R2 mean=0.9060  RMSE mean=72.9918  corr x/y=0.961/0.943
