Using run: /home/omo26/Non-Rev-Owen/mcmaze/runs/20260730_174843_d128_h256_dep2_bs64_ep150_lr5e-04_lxp0.0_lbt0.0_lcca2.0_sig10.0_s2
Using checkpoint: /home/omo26/Non-Rev-Owen/mcmaze/runs/20260730_174843_d128_h256_dep2_bs64_ep150_lr5e-04_lxp0.0_lbt0.0_lcca2.0_sig10.0_s2/checkpoints/best.pt
Embedder initialization: pretrained
Loaded checkpoint from epoch 104
Loading MC Maze data and computing neural windows...
Trials: train=1722 val=573  channels=137  input_window=150 bins  target_window=90 bins  context=30 bins/side
Loading hand velocity and building future targets...
Target: hand_vel +100 ms (10 bins), units=stored NWB values
Valid future samples: 206,550/206,550
Computing pretrained-init frozen hidden features on cuda for feature statistics...
Decoder samples: train=154,980 val=51,570  features=d512
Training pretrained-init frozen-embedding MLP baseline...
MLP epoch   1/200  train mse(z)=0.3160  val mse(z)=0.1447
MLP epoch   2/200  train mse(z)=0.1560  val mse(z)=0.1248
MLP epoch   3/200  train mse(z)=0.1368  val mse(z)=0.1182
MLP epoch   4/200  train mse(z)=0.1285  val mse(z)=0.1142
MLP epoch   5/200  train mse(z)=0.1227  val mse(z)=0.1120
MLP epoch   6/200  train mse(z)=0.1192  val mse(z)=0.1102
MLP epoch   7/200  train mse(z)=0.1166  val mse(z)=0.1084
MLP epoch   8/200  train mse(z)=0.1146  val mse(z)=0.1071
MLP epoch   9/200  train mse(z)=0.1120  val mse(z)=0.1065
MLP epoch  10/200  train mse(z)=0.1100  val mse(z)=0.1054
MLP epoch  11/200  train mse(z)=0.1092  val mse(z)=0.1043
MLP epoch  12/200  train mse(z)=0.1078  val mse(z)=0.1052
MLP epoch  13/200  train mse(z)=0.1070  val mse(z)=0.1041
MLP epoch  14/200  train mse(z)=0.1062  val mse(z)=0.1041
MLP epoch  15/200  train mse(z)=0.1049  val mse(z)=0.1040
MLP epoch  16/200  train mse(z)=0.1037  val mse(z)=0.1043
MLP epoch  17/200  train mse(z)=0.1029  val mse(z)=0.1039
MLP epoch  18/200  train mse(z)=0.1027  val mse(z)=0.1007
MLP epoch  19/200  train mse(z)=0.1013  val mse(z)=0.1023
MLP epoch  20/200  train mse(z)=0.1010  val mse(z)=0.1010
MLP epoch  21/200  train mse(z)=0.1001  val mse(z)=0.1012
MLP epoch  22/200  train mse(z)=0.0993  val mse(z)=0.1015
MLP epoch  23/200  train mse(z)=0.0982  val mse(z)=0.1017
MLP epoch  24/200  train mse(z)=0.0980  val mse(z)=0.1012
MLP epoch  25/200  train mse(z)=0.0975  val mse(z)=0.1002
MLP epoch  26/200  train mse(z)=0.0972  val mse(z)=0.1002
MLP epoch  27/200  train mse(z)=0.0970  val mse(z)=0.1014
MLP epoch  28/200  train mse(z)=0.0958  val mse(z)=0.1003
MLP epoch  29/200  train mse(z)=0.0957  val mse(z)=0.1000
MLP epoch  30/200  train mse(z)=0.0959  val mse(z)=0.1003
MLP epoch  31/200  train mse(z)=0.0952  val mse(z)=0.0996
MLP epoch  32/200  train mse(z)=0.0948  val mse(z)=0.1008
MLP epoch  33/200  train mse(z)=0.0944  val mse(z)=0.1010
MLP epoch  34/200  train mse(z)=0.0940  val mse(z)=0.0991
MLP epoch  35/200  train mse(z)=0.0937  val mse(z)=0.1003
MLP epoch  36/200  train mse(z)=0.0935  val mse(z)=0.1004
MLP epoch  37/200  train mse(z)=0.0931  val mse(z)=0.1005
MLP epoch  38/200  train mse(z)=0.0925  val mse(z)=0.1006
MLP epoch  39/200  train mse(z)=0.0923  val mse(z)=0.1026
MLP epoch  40/200  train mse(z)=0.0918  val mse(z)=0.1006
MLP epoch  41/200  train mse(z)=0.0913  val mse(z)=0.1013
MLP epoch  42/200  train mse(z)=0.0918  val mse(z)=0.0998
MLP epoch  43/200  train mse(z)=0.0914  val mse(z)=0.1010
MLP epoch  44/200  train mse(z)=0.0907  val mse(z)=0.1016
MLP epoch  45/200  train mse(z)=0.0909  val mse(z)=0.1013
MLP epoch  46/200  train mse(z)=0.0905  val mse(z)=0.0998
MLP epoch  47/200  train mse(z)=0.0894  val mse(z)=0.1009
MLP epoch  48/200  train mse(z)=0.0897  val mse(z)=0.1011
MLP epoch  49/200  train mse(z)=0.0896  val mse(z)=0.1006
MLP epoch  50/200  train mse(z)=0.0893  val mse(z)=0.0998
MLP epoch  51/200  train mse(z)=0.0898  val mse(z)=0.0997
MLP epoch  52/200  train mse(z)=0.0893  val mse(z)=0.1012
MLP epoch  53/200  train mse(z)=0.0891  val mse(z)=0.1016
MLP epoch  54/200  train mse(z)=0.0888  val mse(z)=0.1015
MLP epoch  55/200  train mse(z)=0.0878  val mse(z)=0.1015
MLP epoch  56/200  train mse(z)=0.0881  val mse(z)=0.1021
MLP epoch  57/200  train mse(z)=0.0880  val mse(z)=0.1019
MLP epoch  58/200  train mse(z)=0.0875  val mse(z)=0.1009
MLP epoch  59/200  train mse(z)=0.0883  val mse(z)=0.1004
MLP epoch  60/200  train mse(z)=0.0868  val mse(z)=0.1010
MLP epoch  61/200  train mse(z)=0.0869  val mse(z)=0.1035
MLP epoch  62/200  train mse(z)=0.0867  val mse(z)=0.0996
MLP epoch  63/200  train mse(z)=0.0869  val mse(z)=0.1016
MLP epoch  64/200  train mse(z)=0.0864  val mse(z)=0.1016
MLP epoch  65/200  train mse(z)=0.0866  val mse(z)=0.1008
MLP epoch  66/200  train mse(z)=0.0865  val mse(z)=0.1006
MLP epoch  67/200  train mse(z)=0.0864  val mse(z)=0.1021
MLP epoch  68/200  train mse(z)=0.0867  val mse(z)=0.1029
MLP epoch  69/200  train mse(z)=0.0860  val mse(z)=0.1037
MLP epoch  70/200  train mse(z)=0.0856  val mse(z)=0.1025
MLP epoch  71/200  train mse(z)=0.0856  val mse(z)=0.1022
MLP epoch  72/200  train mse(z)=0.0856  val mse(z)=0.1013
MLP epoch  73/200  train mse(z)=0.0854  val mse(z)=0.1009
MLP epoch  74/200  train mse(z)=0.0853  val mse(z)=0.1022
MLP epoch  75/200  train mse(z)=0.0851  val mse(z)=0.1017
MLP epoch  76/200  train mse(z)=0.0847  val mse(z)=0.1009
MLP epoch  77/200  train mse(z)=0.0849  val mse(z)=0.1029
MLP epoch  78/200  train mse(z)=0.0845  val mse(z)=0.1024
MLP epoch  79/200  train mse(z)=0.0844  val mse(z)=0.1025
MLP epoch  80/200  train mse(z)=0.0846  val mse(z)=0.1016
MLP epoch  81/200  train mse(z)=0.0846  val mse(z)=0.1010
MLP epoch  82/200  train mse(z)=0.0843  val mse(z)=0.1022
MLP epoch  83/200  train mse(z)=0.0837  val mse(z)=0.1013
MLP epoch  84/200  train mse(z)=0.0835  val mse(z)=0.1031
MLP epoch  85/200  train mse(z)=0.0839  val mse(z)=0.1027
MLP epoch  86/200  train mse(z)=0.0837  val mse(z)=0.1018
MLP epoch  87/200  train mse(z)=0.0831  val mse(z)=0.1014
MLP epoch  88/200  train mse(z)=0.0840  val mse(z)=0.1026
MLP epoch  89/200  train mse(z)=0.0833  val mse(z)=0.1017
MLP epoch  90/200  train mse(z)=0.0830  val mse(z)=0.1013
MLP epoch  91/200  train mse(z)=0.0829  val mse(z)=0.1013
MLP epoch  92/200  train mse(z)=0.0835  val mse(z)=0.1026
MLP epoch  93/200  train mse(z)=0.0820  val mse(z)=0.1024
MLP epoch  94/200  train mse(z)=0.0826  val mse(z)=0.1020
MLP epoch  95/200  train mse(z)=0.0828  val mse(z)=0.1042
MLP epoch  96/200  train mse(z)=0.0825  val mse(z)=0.1018
MLP epoch  97/200  train mse(z)=0.0826  val mse(z)=0.1019
MLP epoch  98/200  train mse(z)=0.0821  val mse(z)=0.1030
MLP epoch  99/200  train mse(z)=0.0822  val mse(z)=0.1023
MLP epoch 100/200  train mse(z)=0.0821  val mse(z)=0.1018
MLP epoch 101/200  train mse(z)=0.0820  val mse(z)=0.1036
MLP epoch 102/200  train mse(z)=0.0817  val mse(z)=0.1024
MLP epoch 103/200  train mse(z)=0.0815  val mse(z)=0.1033
MLP epoch 104/200  train mse(z)=0.0823  val mse(z)=0.1028
MLP epoch 105/200  train mse(z)=0.0817  val mse(z)=0.1022
MLP epoch 106/200  train mse(z)=0.0819  val mse(z)=0.1027
MLP epoch 107/200  train mse(z)=0.0814  val mse(z)=0.1023
MLP epoch 108/200  train mse(z)=0.0813  val mse(z)=0.1050
MLP epoch 109/200  train mse(z)=0.0807  val mse(z)=0.1043
MLP epoch 110/200  train mse(z)=0.0815  val mse(z)=0.1034
MLP epoch 111/200  train mse(z)=0.0812  val mse(z)=0.1036
MLP epoch 112/200  train mse(z)=0.0809  val mse(z)=0.1032
MLP epoch 113/200  train mse(z)=0.0808  val mse(z)=0.1038
MLP epoch 114/200  train mse(z)=0.0808  val mse(z)=0.1037
MLP epoch 115/200  train mse(z)=0.0808  val mse(z)=0.1026
MLP epoch 116/200  train mse(z)=0.0807  val mse(z)=0.1052
MLP epoch 117/200  train mse(z)=0.0810  val mse(z)=0.1039
MLP epoch 118/200  train mse(z)=0.0806  val mse(z)=0.1027
MLP epoch 119/200  train mse(z)=0.0804  val mse(z)=0.1032
MLP epoch 120/200  train mse(z)=0.0805  val mse(z)=0.1040
MLP epoch 121/200  train mse(z)=0.0801  val mse(z)=0.1042
MLP epoch 122/200  train mse(z)=0.0805  val mse(z)=0.1039
MLP epoch 123/200  train mse(z)=0.0813  val mse(z)=0.1054
MLP epoch 124/200  train mse(z)=0.0797  val mse(z)=0.1041
MLP epoch 125/200  train mse(z)=0.0799  val mse(z)=0.1029
MLP epoch 126/200  train mse(z)=0.0803  val mse(z)=0.1035
MLP epoch 127/200  train mse(z)=0.0800  val mse(z)=0.1050
MLP epoch 128/200  train mse(z)=0.0802  val mse(z)=0.1062
MLP epoch 129/200  train mse(z)=0.0802  val mse(z)=0.1036
MLP epoch 130/200  train mse(z)=0.0795  val mse(z)=0.1047
MLP epoch 131/200  train mse(z)=0.0794  val mse(z)=0.1042
MLP epoch 132/200  train mse(z)=0.0798  val mse(z)=0.1039
MLP epoch 133/200  train mse(z)=0.0789  val mse(z)=0.1031
MLP epoch 134/200  train mse(z)=0.0792  val mse(z)=0.1039
MLP epoch 135/200  train mse(z)=0.0796  val mse(z)=0.1021
MLP epoch 136/200  train mse(z)=0.0794  val mse(z)=0.1042
MLP epoch 137/200  train mse(z)=0.0791  val mse(z)=0.1046
MLP epoch 138/200  train mse(z)=0.0794  val mse(z)=0.1018
MLP epoch 139/200  train mse(z)=0.0793  val mse(z)=0.1057
MLP epoch 140/200  train mse(z)=0.0791  val mse(z)=0.1036
MLP epoch 141/200  train mse(z)=0.0785  val mse(z)=0.1030
MLP epoch 142/200  train mse(z)=0.0789  val mse(z)=0.1047
MLP epoch 143/200  train mse(z)=0.0789  val mse(z)=0.1063
MLP epoch 144/200  train mse(z)=0.0787  val mse(z)=0.1042
MLP epoch 145/200  train mse(z)=0.0793  val mse(z)=0.1034
MLP epoch 146/200  train mse(z)=0.0789  val mse(z)=0.1051
MLP epoch 147/200  train mse(z)=0.0783  val mse(z)=0.1039
MLP epoch 148/200  train mse(z)=0.0784  val mse(z)=0.1035
MLP epoch 149/200  train mse(z)=0.0782  val mse(z)=0.1045
MLP epoch 150/200  train mse(z)=0.0787  val mse(z)=0.1038
MLP epoch 151/200  train mse(z)=0.0785  val mse(z)=0.1048
MLP epoch 152/200  train mse(z)=0.0788  val mse(z)=0.1044
MLP epoch 153/200  train mse(z)=0.0787  val mse(z)=0.1036
MLP epoch 154/200  train mse(z)=0.0778  val mse(z)=0.1047
MLP epoch 155/200  train mse(z)=0.0780  val mse(z)=0.1037
MLP epoch 156/200  train mse(z)=0.0781  val mse(z)=0.1044
MLP epoch 157/200  train mse(z)=0.0781  val mse(z)=0.1053
MLP epoch 158/200  train mse(z)=0.0779  val mse(z)=0.1046
MLP epoch 159/200  train mse(z)=0.0773  val mse(z)=0.1046
MLP epoch 160/200  train mse(z)=0.0781  val mse(z)=0.1052
MLP epoch 161/200  train mse(z)=0.0780  val mse(z)=0.1052
MLP epoch 162/200  train mse(z)=0.0779  val mse(z)=0.1050
MLP epoch 163/200  train mse(z)=0.0773  val mse(z)=0.1048
MLP epoch 164/200  train mse(z)=0.0776  val mse(z)=0.1057
MLP epoch 165/200  train mse(z)=0.0778  val mse(z)=0.1068
MLP epoch 166/200  train mse(z)=0.0779  val mse(z)=0.1052
MLP epoch 167/200  train mse(z)=0.0777  val mse(z)=0.1064
MLP epoch 168/200  train mse(z)=0.0775  val mse(z)=0.1058
MLP epoch 169/200  train mse(z)=0.0782  val mse(z)=0.1090
MLP epoch 170/200  train mse(z)=0.0774  val mse(z)=0.1059
MLP epoch 171/200  train mse(z)=0.0774  val mse(z)=0.1048
MLP epoch 172/200  train mse(z)=0.0770  val mse(z)=0.1051
MLP epoch 173/200  train mse(z)=0.0773  val mse(z)=0.1060
MLP epoch 174/200  train mse(z)=0.0776  val mse(z)=0.1040
MLP epoch 175/200  train mse(z)=0.0772  val mse(z)=0.1063
MLP epoch 176/200  train mse(z)=0.0763  val mse(z)=0.1050
MLP epoch 177/200  train mse(z)=0.0773  val mse(z)=0.1053
MLP epoch 178/200  train mse(z)=0.0780  val mse(z)=0.1067
MLP epoch 179/200  train mse(z)=0.0767  val mse(z)=0.1065
MLP epoch 180/200  train mse(z)=0.0772  val mse(z)=0.1047
MLP epoch 181/200  train mse(z)=0.0765  val mse(z)=0.1059
MLP epoch 182/200  train mse(z)=0.0766  val mse(z)=0.1060
MLP epoch 183/200  train mse(z)=0.0774  val mse(z)=0.1062
MLP epoch 184/200  train mse(z)=0.0770  val mse(z)=0.1048
MLP epoch 185/200  train mse(z)=0.0771  val mse(z)=0.1078
MLP epoch 186/200  train mse(z)=0.0774  val mse(z)=0.1064
MLP epoch 187/200  train mse(z)=0.0765  val mse(z)=0.1061
MLP epoch 188/200  train mse(z)=0.0772  val mse(z)=0.1036
MLP epoch 189/200  train mse(z)=0.0768  val mse(z)=0.1063
MLP epoch 190/200  train mse(z)=0.0766  val mse(z)=0.1055
MLP epoch 191/200  train mse(z)=0.0768  val mse(z)=0.1052
MLP epoch 192/200  train mse(z)=0.0767  val mse(z)=0.1060
MLP epoch 193/200  train mse(z)=0.0765  val mse(z)=0.1054
MLP epoch 194/200  train mse(z)=0.0762  val mse(z)=0.1065
MLP epoch 195/200  train mse(z)=0.0766  val mse(z)=0.1060
MLP epoch 196/200  train mse(z)=0.0766  val mse(z)=0.1057
MLP epoch 197/200  train mse(z)=0.0762  val mse(z)=0.1065
MLP epoch 198/200  train mse(z)=0.0767  val mse(z)=0.1065
MLP epoch 199/200  train mse(z)=0.0760  val mse(z)=0.1062
MLP epoch 200/200  train mse(z)=0.0762  val mse(z)=0.1080
Saved decoder loss curve: /home/omo26/Non-Rev-Owen/mcmaze/runs/20260730_174843_d128_h256_dep2_bs64_ep150_lr5e-04_lxp0.0_lbt0.0_lcca2.0_sig10.0_s2/outputs/velocity_prediction_finetune_100ms_hidden/frozen_mlp_loss_curve.png
Saved decoder loss log: /home/omo26/Non-Rev-Owen/mcmaze/runs/20260730_174843_d128_h256_dep2_bs64_ep150_lr5e-04_lxp0.0_lbt0.0_lcca2.0_sig10.0_s2/outputs/velocity_prediction_finetune_100ms_hidden/frozen_mlp_loss_curve.csv
Fine-tuning pretrained-init embedder + MLP decoder...
Initialized fine-tune decoder from the trained frozen-embedding decoder.
Fine-tune epoch   1/200  train mse(z)=0.1418  val mse(z)=0.0967
Fine-tune epoch   2/200  train mse(z)=0.1083  val mse(z)=0.0885
Fine-tune epoch   3/200  train mse(z)=0.0957  val mse(z)=0.0861
Fine-tune epoch   4/200  train mse(z)=0.0886  val mse(z)=0.0860
Fine-tune epoch   5/200  train mse(z)=0.0827  val mse(z)=0.0841
Fine-tune epoch   6/200  train mse(z)=0.0772  val mse(z)=0.0857
Fine-tune epoch   7/200  train mse(z)=0.0738  val mse(z)=0.0839
Fine-tune epoch   8/200  train mse(z)=0.0698  val mse(z)=0.0843
Fine-tune epoch   9/200  train mse(z)=0.0668  val mse(z)=0.0829
Fine-tune epoch  10/200  train mse(z)=0.0653  val mse(z)=0.0869
Fine-tune epoch  11/200  train mse(z)=0.0618  val mse(z)=0.0855
Fine-tune epoch  12/200  train mse(z)=0.0599  val mse(z)=0.0841
Fine-tune epoch  13/200  train mse(z)=0.0575  val mse(z)=0.0851
Fine-tune epoch  14/200  train mse(z)=0.0565  val mse(z)=0.0850
Fine-tune epoch  15/200  train mse(z)=0.0552  val mse(z)=0.0847
Fine-tune epoch  16/200  train mse(z)=0.0533  val mse(z)=0.0871
Fine-tune epoch  17/200  train mse(z)=0.0526  val mse(z)=0.0857
Fine-tune epoch  18/200  train mse(z)=0.0514  val mse(z)=0.0873
Fine-tune epoch  19/200  train mse(z)=0.0509  val mse(z)=0.0865
Fine-tune epoch  20/200  train mse(z)=0.0509  val mse(z)=0.0857
Fine-tune epoch  21/200  train mse(z)=0.0491  val mse(z)=0.0879
Fine-tune epoch  22/200  train mse(z)=0.0482  val mse(z)=0.0859
Fine-tune epoch  23/200  train mse(z)=0.0474  val mse(z)=0.0868
Fine-tune epoch  24/200  train mse(z)=0.0469  val mse(z)=0.0880
Fine-tune epoch  25/200  train mse(z)=0.0461  val mse(z)=0.0894
Fine-tune epoch  26/200  train mse(z)=0.0451  val mse(z)=0.0879
Fine-tune epoch  27/200  train mse(z)=0.0446  val mse(z)=0.0868
Fine-tune epoch  28/200  train mse(z)=0.0444  val mse(z)=0.0882
Fine-tune epoch  29/200  train mse(z)=0.0440  val mse(z)=0.0888
Fine-tune epoch  30/200  train mse(z)=0.0434  val mse(z)=0.0877
Fine-tune epoch  31/200  train mse(z)=0.0430  val mse(z)=0.0892
Fine-tune epoch  32/200  train mse(z)=0.0426  val mse(z)=0.0902
Fine-tune epoch  33/200  train mse(z)=0.0424  val mse(z)=0.0907
Fine-tune epoch  34/200  train mse(z)=0.0421  val mse(z)=0.0886
Fine-tune epoch  35/200  train mse(z)=0.0416  val mse(z)=0.0875
Fine-tune epoch  36/200  train mse(z)=0.0414  val mse(z)=0.0879
Fine-tune epoch  37/200  train mse(z)=0.0406  val mse(z)=0.0893
Fine-tune epoch  38/200  train mse(z)=0.0403  val mse(z)=0.0901
Fine-tune epoch  39/200  train mse(z)=0.0407  val mse(z)=0.0898
Fine-tune epoch  40/200  train mse(z)=0.0405  val mse(z)=0.0892
Fine-tune epoch  41/200  train mse(z)=0.0402  val mse(z)=0.0891
Fine-tune epoch  42/200  train mse(z)=0.0401  val mse(z)=0.0913
Fine-tune epoch  43/200  train mse(z)=0.0401  val mse(z)=0.0896
Fine-tune epoch  44/200  train mse(z)=0.0397  val mse(z)=0.0897
Fine-tune epoch  45/200  train mse(z)=0.0388  val mse(z)=0.0916
Fine-tune epoch  46/200  train mse(z)=0.0390  val mse(z)=0.0926
Fine-tune epoch  47/200  train mse(z)=0.0386  val mse(z)=0.0894
Fine-tune epoch  48/200  train mse(z)=0.0393  val mse(z)=0.0923
Fine-tune epoch  49/200  train mse(z)=0.0388  val mse(z)=0.0913
Fine-tune epoch  50/200  train mse(z)=0.0378  val mse(z)=0.0910
Fine-tune epoch  51/200  train mse(z)=0.0379  val mse(z)=0.0904
Fine-tune epoch  52/200  train mse(z)=0.0373  val mse(z)=0.0923
Fine-tune epoch  53/200  train mse(z)=0.0374  val mse(z)=0.0924
Fine-tune epoch  54/200  train mse(z)=0.0373  val mse(z)=0.0913
Fine-tune epoch  55/200  train mse(z)=0.0370  val mse(z)=0.0915
Fine-tune epoch  56/200  train mse(z)=0.0366  val mse(z)=0.0909
Fine-tune epoch  57/200  train mse(z)=0.0364  val mse(z)=0.0909
Fine-tune epoch  58/200  train mse(z)=0.0367  val mse(z)=0.0917
Fine-tune epoch  59/200  train mse(z)=0.0366  val mse(z)=0.0923
Fine-tune epoch  60/200  train mse(z)=0.0362  val mse(z)=0.0919
Fine-tune epoch  61/200  train mse(z)=0.0362  val mse(z)=0.0931
Fine-tune epoch  62/200  train mse(z)=0.0362  val mse(z)=0.0911
Fine-tune epoch  63/200  train mse(z)=0.0359  val mse(z)=0.0921
Fine-tune epoch  64/200  train mse(z)=0.0364  val mse(z)=0.0912
Fine-tune epoch  65/200  train mse(z)=0.0363  val mse(z)=0.0916
Fine-tune epoch  66/200  train mse(z)=0.0354  val mse(z)=0.0922
Fine-tune epoch  67/200  train mse(z)=0.0359  val mse(z)=0.0911
Fine-tune epoch  68/200  train mse(z)=0.0357  val mse(z)=0.0937
Fine-tune epoch  69/200  train mse(z)=0.0359  val mse(z)=0.0939
Fine-tune epoch  70/200  train mse(z)=0.0354  val mse(z)=0.0925
Fine-tune epoch  71/200  train mse(z)=0.0351  val mse(z)=0.0938
Fine-tune epoch  72/200  train mse(z)=0.0353  val mse(z)=0.0947
Fine-tune epoch  73/200  train mse(z)=0.0349  val mse(z)=0.0953
Fine-tune epoch  74/200  train mse(z)=0.0344  val mse(z)=0.0950
Fine-tune epoch  75/200  train mse(z)=0.0348  val mse(z)=0.0952
Fine-tune epoch  76/200  train mse(z)=0.0344  val mse(z)=0.0938
Fine-tune epoch  77/200  train mse(z)=0.0343  val mse(z)=0.0925
Fine-tune epoch  78/200  train mse(z)=0.0342  val mse(z)=0.0944
Fine-tune epoch  79/200  train mse(z)=0.0341  val mse(z)=0.0934
Fine-tune epoch  80/200  train mse(z)=0.0343  val mse(z)=0.0932
Fine-tune epoch  81/200  train mse(z)=0.0344  val mse(z)=0.0945
Fine-tune epoch  82/200  train mse(z)=0.0345  val mse(z)=0.0945
Fine-tune epoch  83/200  train mse(z)=0.0338  val mse(z)=0.0948
Fine-tune epoch  84/200  train mse(z)=0.0339  val mse(z)=0.0947
Fine-tune epoch  85/200  train mse(z)=0.0341  val mse(z)=0.0958
Fine-tune epoch  86/200  train mse(z)=0.0337  val mse(z)=0.0942
Fine-tune epoch  87/200  train mse(z)=0.0335  val mse(z)=0.0947
Fine-tune epoch  88/200  train mse(z)=0.0330  val mse(z)=0.0941
Fine-tune epoch  89/200  train mse(z)=0.0331  val mse(z)=0.0963
Fine-tune epoch  90/200  train mse(z)=0.0332  val mse(z)=0.0959
Fine-tune epoch  91/200  train mse(z)=0.0329  val mse(z)=0.0969
Fine-tune epoch  92/200  train mse(z)=0.0331  val mse(z)=0.0958
Fine-tune epoch  93/200  train mse(z)=0.0328  val mse(z)=0.0969
Fine-tune epoch  94/200  train mse(z)=0.0328  val mse(z)=0.0975
Fine-tune epoch  95/200  train mse(z)=0.0332  val mse(z)=0.0945
Fine-tune epoch  96/200  train mse(z)=0.0332  val mse(z)=0.0961
Fine-tune epoch  97/200  train mse(z)=0.0329  val mse(z)=0.0959
Fine-tune epoch  98/200  train mse(z)=0.0328  val mse(z)=0.0954
Fine-tune epoch  99/200  train mse(z)=0.0324  val mse(z)=0.0958
Fine-tune epoch 100/200  train mse(z)=0.0324  val mse(z)=0.0965
Fine-tune epoch 101/200  train mse(z)=0.0330  val mse(z)=0.0974
Fine-tune epoch 102/200  train mse(z)=0.0327  val mse(z)=0.0945
Fine-tune epoch 103/200  train mse(z)=0.0324  val mse(z)=0.0947
Fine-tune epoch 104/200  train mse(z)=0.0322  val mse(z)=0.0959
Fine-tune epoch 105/200  train mse(z)=0.0323  val mse(z)=0.0957
Fine-tune epoch 106/200  train mse(z)=0.0318  val mse(z)=0.0968
Fine-tune epoch 107/200  train mse(z)=0.0323  val mse(z)=0.0974
Fine-tune epoch 108/200  train mse(z)=0.0323  val mse(z)=0.0986
Fine-tune epoch 109/200  train mse(z)=0.0323  val mse(z)=0.0992
Fine-tune epoch 110/200  train mse(z)=0.0321  val mse(z)=0.0979
Fine-tune epoch 111/200  train mse(z)=0.0321  val mse(z)=0.0970
Fine-tune epoch 112/200  train mse(z)=0.0318  val mse(z)=0.0979
Fine-tune epoch 113/200  train mse(z)=0.0318  val mse(z)=0.0962
Fine-tune epoch 114/200  train mse(z)=0.0314  val mse(z)=0.0970
Fine-tune epoch 115/200  train mse(z)=0.0314  val mse(z)=0.0966
Fine-tune epoch 116/200  train mse(z)=0.0312  val mse(z)=0.0984
Fine-tune epoch 117/200  train mse(z)=0.0316  val mse(z)=0.0974
Fine-tune epoch 118/200  train mse(z)=0.0315  val mse(z)=0.0962
Fine-tune epoch 119/200  train mse(z)=0.0317  val mse(z)=0.0980
Fine-tune epoch 120/200  train mse(z)=0.0313  val mse(z)=0.0992
Fine-tune epoch 121/200  train mse(z)=0.0310  val mse(z)=0.0987
Fine-tune epoch 122/200  train mse(z)=0.0310  val mse(z)=0.0973
Fine-tune epoch 123/200  train mse(z)=0.0308  val mse(z)=0.0959
Fine-tune epoch 124/200  train mse(z)=0.0311  val mse(z)=0.0979
Fine-tune epoch 125/200  train mse(z)=0.0311  val mse(z)=0.0969
Fine-tune epoch 126/200  train mse(z)=0.0311  val mse(z)=0.0970
Fine-tune epoch 127/200  train mse(z)=0.0310  val mse(z)=0.1002
Fine-tune epoch 128/200  train mse(z)=0.0315  val mse(z)=0.1009
Fine-tune epoch 129/200  train mse(z)=0.0316  val mse(z)=0.0994
Fine-tune epoch 130/200  train mse(z)=0.0310  val mse(z)=0.0998
Fine-tune epoch 131/200  train mse(z)=0.0310  val mse(z)=0.1011
Fine-tune epoch 132/200  train mse(z)=0.0306  val mse(z)=0.0981
Fine-tune epoch 133/200  train mse(z)=0.0310  val mse(z)=0.0984
Fine-tune epoch 134/200  train mse(z)=0.0308  val mse(z)=0.0997
Fine-tune epoch 135/200  train mse(z)=0.0306  val mse(z)=0.1003
Fine-tune epoch 136/200  train mse(z)=0.0303  val mse(z)=0.0983
Fine-tune epoch 137/200  train mse(z)=0.0306  val mse(z)=0.0994
Fine-tune epoch 138/200  train mse(z)=0.0302  val mse(z)=0.0990
Fine-tune epoch 139/200  train mse(z)=0.0312  val mse(z)=0.1012
Fine-tune epoch 140/200  train mse(z)=0.0310  val mse(z)=0.0994
Fine-tune epoch 141/200  train mse(z)=0.0309  val mse(z)=0.0999
Fine-tune epoch 142/200  train mse(z)=0.0304  val mse(z)=0.0988
Fine-tune epoch 143/200  train mse(z)=0.0303  val mse(z)=0.0985
Fine-tune epoch 144/200  train mse(z)=0.0302  val mse(z)=0.1002
Fine-tune epoch 145/200  train mse(z)=0.0300  val mse(z)=0.1003
Fine-tune epoch 146/200  train mse(z)=0.0299  val mse(z)=0.0990
Fine-tune epoch 147/200  train mse(z)=0.0297  val mse(z)=0.1013
Fine-tune epoch 148/200  train mse(z)=0.0304  val mse(z)=0.1003
Fine-tune epoch 149/200  train mse(z)=0.0300  val mse(z)=0.1009
Fine-tune epoch 150/200  train mse(z)=0.0297  val mse(z)=0.1006
Fine-tune epoch 151/200  train mse(z)=0.0295  val mse(z)=0.0998
Fine-tune epoch 152/200  train mse(z)=0.0297  val mse(z)=0.0996
Fine-tune epoch 153/200  train mse(z)=0.0299  val mse(z)=0.1018
Fine-tune epoch 154/200  train mse(z)=0.0301  val mse(z)=0.1002
Fine-tune epoch 155/200  train mse(z)=0.0299  val mse(z)=0.1002
Fine-tune epoch 156/200  train mse(z)=0.0300  val mse(z)=0.0997
Fine-tune epoch 157/200  train mse(z)=0.0298  val mse(z)=0.0999
Fine-tune epoch 158/200  train mse(z)=0.0298  val mse(z)=0.1008
Fine-tune epoch 159/200  train mse(z)=0.0298  val mse(z)=0.1026
Fine-tune epoch 160/200  train mse(z)=0.0305  val mse(z)=0.1008
Fine-tune epoch 161/200  train mse(z)=0.0296  val mse(z)=0.1002
Fine-tune epoch 162/200  train mse(z)=0.0297  val mse(z)=0.1010
Fine-tune epoch 163/200  train mse(z)=0.0294  val mse(z)=0.1008
Fine-tune epoch 164/200  train mse(z)=0.0292  val mse(z)=0.1007
Fine-tune epoch 165/200  train mse(z)=0.0294  val mse(z)=0.1043
Fine-tune epoch 166/200  train mse(z)=0.0296  val mse(z)=0.1016
Fine-tune epoch 167/200  train mse(z)=0.0293  val mse(z)=0.1007
Fine-tune epoch 168/200  train mse(z)=0.0296  val mse(z)=0.1002
Fine-tune epoch 169/200  train mse(z)=0.0293  val mse(z)=0.1009
Fine-tune epoch 170/200  train mse(z)=0.0295  val mse(z)=0.1006
Fine-tune epoch 171/200  train mse(z)=0.0298  val mse(z)=0.1041
Fine-tune epoch 172/200  train mse(z)=0.0296  val mse(z)=0.1011
Fine-tune epoch 173/200  train mse(z)=0.0298  val mse(z)=0.1039
Fine-tune epoch 174/200  train mse(z)=0.0295  val mse(z)=0.1005
Fine-tune epoch 175/200  train mse(z)=0.0298  val mse(z)=0.1049
Fine-tune epoch 176/200  train mse(z)=0.0297  val mse(z)=0.1005
Fine-tune epoch 177/200  train mse(z)=0.0293  val mse(z)=0.1035
Fine-tune epoch 178/200  train mse(z)=0.0291  val mse(z)=0.1012
Fine-tune epoch 179/200  train mse(z)=0.0290  val mse(z)=0.1021
Fine-tune epoch 180/200  train mse(z)=0.0286  val mse(z)=0.1003
Fine-tune epoch 181/200  train mse(z)=0.0289  val mse(z)=0.1019
Fine-tune epoch 182/200  train mse(z)=0.0289  val mse(z)=0.1019
Fine-tune epoch 183/200  train mse(z)=0.0289  val mse(z)=0.1025
Fine-tune epoch 184/200  train mse(z)=0.0292  val mse(z)=0.1018
Fine-tune epoch 185/200  train mse(z)=0.0294  val mse(z)=0.1049
Fine-tune epoch 186/200  train mse(z)=0.0290  val mse(z)=0.1009
Fine-tune epoch 187/200  train mse(z)=0.0294  val mse(z)=0.1025
Fine-tune epoch 188/200  train mse(z)=0.0291  val mse(z)=0.1029
Fine-tune epoch 189/200  train mse(z)=0.0289  val mse(z)=0.1032
Fine-tune epoch 190/200  train mse(z)=0.0289  val mse(z)=0.1016
Fine-tune epoch 191/200  train mse(z)=0.0287  val mse(z)=0.1022
Fine-tune epoch 192/200  train mse(z)=0.0287  val mse(z)=0.1021
Fine-tune epoch 193/200  train mse(z)=0.0287  val mse(z)=0.1032
Fine-tune epoch 194/200  train mse(z)=0.0285  val mse(z)=0.1020
Fine-tune epoch 195/200  train mse(z)=0.0285  val mse(z)=0.1031
Fine-tune epoch 196/200  train mse(z)=0.0282  val mse(z)=0.1045
Fine-tune epoch 197/200  train mse(z)=0.0283  val mse(z)=0.1036
Fine-tune epoch 198/200  train mse(z)=0.0282  val mse(z)=0.1023
Fine-tune epoch 199/200  train mse(z)=0.0286  val mse(z)=0.1034
Fine-tune epoch 200/200  train mse(z)=0.0284  val mse(z)=0.1061
Saved decoder loss curve: /home/omo26/Non-Rev-Owen/mcmaze/runs/20260730_174843_d128_h256_dep2_bs64_ep150_lr5e-04_lxp0.0_lbt0.0_lcca2.0_sig10.0_s2/outputs/velocity_prediction_finetune_100ms_hidden/finetuned_mlp_loss_curve.png
Saved decoder loss log: /home/omo26/Non-Rev-Owen/mcmaze/runs/20260730_174843_d128_h256_dep2_bs64_ep150_lr5e-04_lxp0.0_lbt0.0_lcca2.0_sig10.0_s2/outputs/velocity_prediction_finetune_100ms_hidden/finetuned_mlp_loss_curve.csv
Saved metrics: /home/omo26/Non-Rev-Owen/mcmaze/runs/20260730_174843_d128_h256_dep2_bs64_ep150_lr5e-04_lxp0.0_lbt0.0_lcca2.0_sig10.0_s2/outputs/velocity_prediction_finetune_100ms_hidden/metrics.csv
Saved plot: /home/omo26/Non-Rev-Owen/mcmaze/runs/20260730_174843_d128_h256_dep2_bs64_ep150_lr5e-04_lxp0.0_lbt0.0_lcca2.0_sig10.0_s2/outputs/velocity_prediction_finetune_100ms_hidden/prediction_scatter.png
Saved fine-tuned model: /home/omo26/Non-Rev-Owen/mcmaze/runs/20260730_174843_d128_h256_dep2_bs64_ep150_lr5e-04_lxp0.0_lbt0.0_lcca2.0_sig10.0_s2/outputs/velocity_prediction_finetune_100ms_hidden/finetuned_model.pt

Validation metrics:
  frozen_mlp         R2 mean=0.8981  RMSE mean=75.9608  corr x/y=0.958/0.938
  finetuned_mlp      R2 mean=0.9148  RMSE mean=69.5355  corr x/y=0.964/0.949
