Using run: /home/omo26/Non-Rev-Owen/mcmaze/runs/20260730_222848_d64_h256_dep2_bs64_ep150_lr5e-04_lxp0.0_lbt0.0_lcca10.0_sig10.0_s0
Using checkpoint: /home/omo26/Non-Rev-Owen/mcmaze/runs/20260730_222848_d64_h256_dep2_bs64_ep150_lr5e-04_lxp0.0_lbt0.0_lcca10.0_sig10.0_s0/checkpoints/best.pt
Embedder initialization: pretrained
Loaded checkpoint from epoch 85
Loading MC Maze data and computing neural windows...
Trials: train=1722 val=573  channels=137  input_window=150 bins  target_window=90 bins  context=30 bins/side
Loading hand velocity and building future targets...
Target: hand_vel +100 ms (10 bins), units=stored NWB values
Valid future samples: 206,550/206,550
Computing pretrained-init frozen hidden features on cuda for feature statistics...
Decoder samples: train=154,980 val=51,570  features=d512
Training pretrained-init frozen-embedding MLP baseline...
MLP epoch   1/200  train mse(z)=0.3426  val mse(z)=0.1631
MLP epoch   2/200  train mse(z)=0.1708  val mse(z)=0.1386
MLP epoch   3/200  train mse(z)=0.1493  val mse(z)=0.1313
MLP epoch   4/200  train mse(z)=0.1403  val mse(z)=0.1258
MLP epoch   5/200  train mse(z)=0.1356  val mse(z)=0.1248
MLP epoch   6/200  train mse(z)=0.1314  val mse(z)=0.1219
MLP epoch   7/200  train mse(z)=0.1277  val mse(z)=0.1210
MLP epoch   8/200  train mse(z)=0.1250  val mse(z)=0.1194
MLP epoch   9/200  train mse(z)=0.1229  val mse(z)=0.1192
MLP epoch  10/200  train mse(z)=0.1204  val mse(z)=0.1183
MLP epoch  11/200  train mse(z)=0.1188  val mse(z)=0.1174
MLP epoch  12/200  train mse(z)=0.1174  val mse(z)=0.1163
MLP epoch  13/200  train mse(z)=0.1167  val mse(z)=0.1165
MLP epoch  14/200  train mse(z)=0.1153  val mse(z)=0.1165
MLP epoch  15/200  train mse(z)=0.1139  val mse(z)=0.1154
MLP epoch  16/200  train mse(z)=0.1127  val mse(z)=0.1152
MLP epoch  17/200  train mse(z)=0.1117  val mse(z)=0.1147
MLP epoch  18/200  train mse(z)=0.1112  val mse(z)=0.1133
MLP epoch  19/200  train mse(z)=0.1088  val mse(z)=0.1150
MLP epoch  20/200  train mse(z)=0.1094  val mse(z)=0.1147
MLP epoch  21/200  train mse(z)=0.1076  val mse(z)=0.1135
MLP epoch  22/200  train mse(z)=0.1075  val mse(z)=0.1143
MLP epoch  23/200  train mse(z)=0.1066  val mse(z)=0.1143
MLP epoch  24/200  train mse(z)=0.1063  val mse(z)=0.1133
MLP epoch  25/200  train mse(z)=0.1056  val mse(z)=0.1141
MLP epoch  26/200  train mse(z)=0.1050  val mse(z)=0.1144
MLP epoch  27/200  train mse(z)=0.1045  val mse(z)=0.1142
MLP epoch  28/200  train mse(z)=0.1039  val mse(z)=0.1139
MLP epoch  29/200  train mse(z)=0.1037  val mse(z)=0.1149
MLP epoch  30/200  train mse(z)=0.1025  val mse(z)=0.1141
MLP epoch  31/200  train mse(z)=0.1023  val mse(z)=0.1135
MLP epoch  32/200  train mse(z)=0.1021  val mse(z)=0.1131
MLP epoch  33/200  train mse(z)=0.1018  val mse(z)=0.1134
MLP epoch  34/200  train mse(z)=0.1015  val mse(z)=0.1133
MLP epoch  35/200  train mse(z)=0.1010  val mse(z)=0.1143
MLP epoch  36/200  train mse(z)=0.1003  val mse(z)=0.1135
MLP epoch  37/200  train mse(z)=0.1004  val mse(z)=0.1146
MLP epoch  38/200  train mse(z)=0.1000  val mse(z)=0.1137
MLP epoch  39/200  train mse(z)=0.0991  val mse(z)=0.1148
MLP epoch  40/200  train mse(z)=0.0992  val mse(z)=0.1142
MLP epoch  41/200  train mse(z)=0.0984  val mse(z)=0.1154
MLP epoch  42/200  train mse(z)=0.0986  val mse(z)=0.1148
MLP epoch  43/200  train mse(z)=0.0986  val mse(z)=0.1145
MLP epoch  44/200  train mse(z)=0.0980  val mse(z)=0.1146
MLP epoch  45/200  train mse(z)=0.0973  val mse(z)=0.1148
MLP epoch  46/200  train mse(z)=0.0973  val mse(z)=0.1155
MLP epoch  47/200  train mse(z)=0.0969  val mse(z)=0.1149
MLP epoch  48/200  train mse(z)=0.0970  val mse(z)=0.1151
MLP epoch  49/200  train mse(z)=0.0967  val mse(z)=0.1150
MLP epoch  50/200  train mse(z)=0.0967  val mse(z)=0.1154
MLP epoch  51/200  train mse(z)=0.0967  val mse(z)=0.1152
MLP epoch  52/200  train mse(z)=0.0960  val mse(z)=0.1150
MLP epoch  53/200  train mse(z)=0.0959  val mse(z)=0.1156
MLP epoch  54/200  train mse(z)=0.0956  val mse(z)=0.1151
MLP epoch  55/200  train mse(z)=0.0960  val mse(z)=0.1154
MLP epoch  56/200  train mse(z)=0.0954  val mse(z)=0.1162
MLP epoch  57/200  train mse(z)=0.0955  val mse(z)=0.1144
MLP epoch  58/200  train mse(z)=0.0947  val mse(z)=0.1167
MLP epoch  59/200  train mse(z)=0.0956  val mse(z)=0.1144
MLP epoch  60/200  train mse(z)=0.0948  val mse(z)=0.1159
MLP epoch  61/200  train mse(z)=0.0942  val mse(z)=0.1162
MLP epoch  62/200  train mse(z)=0.0938  val mse(z)=0.1148
MLP epoch  63/200  train mse(z)=0.0945  val mse(z)=0.1159
MLP epoch  64/200  train mse(z)=0.0936  val mse(z)=0.1157
MLP epoch  65/200  train mse(z)=0.0933  val mse(z)=0.1176
MLP epoch  66/200  train mse(z)=0.0939  val mse(z)=0.1159
MLP epoch  67/200  train mse(z)=0.0937  val mse(z)=0.1167
MLP epoch  68/200  train mse(z)=0.0929  val mse(z)=0.1171
MLP epoch  69/200  train mse(z)=0.0932  val mse(z)=0.1174
MLP epoch  70/200  train mse(z)=0.0933  val mse(z)=0.1177
MLP epoch  71/200  train mse(z)=0.0926  val mse(z)=0.1165
MLP epoch  72/200  train mse(z)=0.0931  val mse(z)=0.1170
MLP epoch  73/200  train mse(z)=0.0924  val mse(z)=0.1163
MLP epoch  74/200  train mse(z)=0.0929  val mse(z)=0.1170
MLP epoch  75/200  train mse(z)=0.0923  val mse(z)=0.1173
MLP epoch  76/200  train mse(z)=0.0926  val mse(z)=0.1173
MLP epoch  77/200  train mse(z)=0.0919  val mse(z)=0.1163
MLP epoch  78/200  train mse(z)=0.0923  val mse(z)=0.1176
MLP epoch  79/200  train mse(z)=0.0915  val mse(z)=0.1179
MLP epoch  80/200  train mse(z)=0.0914  val mse(z)=0.1167
MLP epoch  81/200  train mse(z)=0.0920  val mse(z)=0.1160
MLP epoch  82/200  train mse(z)=0.0913  val mse(z)=0.1173
MLP epoch  83/200  train mse(z)=0.0911  val mse(z)=0.1188
MLP epoch  84/200  train mse(z)=0.0904  val mse(z)=0.1172
MLP epoch  85/200  train mse(z)=0.0915  val mse(z)=0.1187
MLP epoch  86/200  train mse(z)=0.0914  val mse(z)=0.1188
MLP epoch  87/200  train mse(z)=0.0912  val mse(z)=0.1175
MLP epoch  88/200  train mse(z)=0.0910  val mse(z)=0.1185
MLP epoch  89/200  train mse(z)=0.0906  val mse(z)=0.1178
MLP epoch  90/200  train mse(z)=0.0907  val mse(z)=0.1196
MLP epoch  91/200  train mse(z)=0.0905  val mse(z)=0.1176
MLP epoch  92/200  train mse(z)=0.0909  val mse(z)=0.1178
MLP epoch  93/200  train mse(z)=0.0906  val mse(z)=0.1188
MLP epoch  94/200  train mse(z)=0.0902  val mse(z)=0.1183
MLP epoch  95/200  train mse(z)=0.0897  val mse(z)=0.1184
MLP epoch  96/200  train mse(z)=0.0899  val mse(z)=0.1184
MLP epoch  97/200  train mse(z)=0.0901  val mse(z)=0.1189
MLP epoch  98/200  train mse(z)=0.0897  val mse(z)=0.1187
MLP epoch  99/200  train mse(z)=0.0898  val mse(z)=0.1187
MLP epoch 100/200  train mse(z)=0.0891  val mse(z)=0.1177
MLP epoch 101/200  train mse(z)=0.0894  val mse(z)=0.1182
MLP epoch 102/200  train mse(z)=0.0901  val mse(z)=0.1203
MLP epoch 103/200  train mse(z)=0.0888  val mse(z)=0.1189
MLP epoch 104/200  train mse(z)=0.0899  val mse(z)=0.1188
MLP epoch 105/200  train mse(z)=0.0888  val mse(z)=0.1196
MLP epoch 106/200  train mse(z)=0.0900  val mse(z)=0.1194
MLP epoch 107/200  train mse(z)=0.0887  val mse(z)=0.1176
MLP epoch 108/200  train mse(z)=0.0882  val mse(z)=0.1185
MLP epoch 109/200  train mse(z)=0.0886  val mse(z)=0.1186
MLP epoch 110/200  train mse(z)=0.0887  val mse(z)=0.1185
MLP epoch 111/200  train mse(z)=0.0886  val mse(z)=0.1184
MLP epoch 112/200  train mse(z)=0.0889  val mse(z)=0.1197
MLP epoch 113/200  train mse(z)=0.0880  val mse(z)=0.1194
MLP epoch 114/200  train mse(z)=0.0885  val mse(z)=0.1189
MLP epoch 115/200  train mse(z)=0.0884  val mse(z)=0.1191
MLP epoch 116/200  train mse(z)=0.0883  val mse(z)=0.1211
MLP epoch 117/200  train mse(z)=0.0884  val mse(z)=0.1191
MLP epoch 118/200  train mse(z)=0.0888  val mse(z)=0.1197
MLP epoch 119/200  train mse(z)=0.0884  val mse(z)=0.1194
MLP epoch 120/200  train mse(z)=0.0879  val mse(z)=0.1200
MLP epoch 121/200  train mse(z)=0.0877  val mse(z)=0.1198
MLP epoch 122/200  train mse(z)=0.0877  val mse(z)=0.1208
MLP epoch 123/200  train mse(z)=0.0879  val mse(z)=0.1202
MLP epoch 124/200  train mse(z)=0.0879  val mse(z)=0.1207
MLP epoch 125/200  train mse(z)=0.0878  val mse(z)=0.1191
MLP epoch 126/200  train mse(z)=0.0878  val mse(z)=0.1190
MLP epoch 127/200  train mse(z)=0.0873  val mse(z)=0.1210
MLP epoch 128/200  train mse(z)=0.0874  val mse(z)=0.1203
MLP epoch 129/200  train mse(z)=0.0874  val mse(z)=0.1200
MLP epoch 130/200  train mse(z)=0.0871  val mse(z)=0.1196
MLP epoch 131/200  train mse(z)=0.0871  val mse(z)=0.1206
MLP epoch 132/200  train mse(z)=0.0871  val mse(z)=0.1195
MLP epoch 133/200  train mse(z)=0.0874  val mse(z)=0.1220
MLP epoch 134/200  train mse(z)=0.0877  val mse(z)=0.1200
MLP epoch 135/200  train mse(z)=0.0878  val mse(z)=0.1203
MLP epoch 136/200  train mse(z)=0.0879  val mse(z)=0.1192
MLP epoch 137/200  train mse(z)=0.0870  val mse(z)=0.1206
MLP epoch 138/200  train mse(z)=0.0869  val mse(z)=0.1217
MLP epoch 139/200  train mse(z)=0.0873  val mse(z)=0.1208
MLP epoch 140/200  train mse(z)=0.0865  val mse(z)=0.1221
MLP epoch 141/200  train mse(z)=0.0861  val mse(z)=0.1215
MLP epoch 142/200  train mse(z)=0.0864  val mse(z)=0.1208
MLP epoch 143/200  train mse(z)=0.0861  val mse(z)=0.1205
MLP epoch 144/200  train mse(z)=0.0867  val mse(z)=0.1194
MLP epoch 145/200  train mse(z)=0.0870  val mse(z)=0.1226
MLP epoch 146/200  train mse(z)=0.0865  val mse(z)=0.1214
MLP epoch 147/200  train mse(z)=0.0869  val mse(z)=0.1212
MLP epoch 148/200  train mse(z)=0.0868  val mse(z)=0.1211
MLP epoch 149/200  train mse(z)=0.0870  val mse(z)=0.1210
MLP epoch 150/200  train mse(z)=0.0868  val mse(z)=0.1205
MLP epoch 151/200  train mse(z)=0.0858  val mse(z)=0.1206
MLP epoch 152/200  train mse(z)=0.0876  val mse(z)=0.1205
MLP epoch 153/200  train mse(z)=0.0862  val mse(z)=0.1217
MLP epoch 154/200  train mse(z)=0.0863  val mse(z)=0.1209
MLP epoch 155/200  train mse(z)=0.0865  val mse(z)=0.1209
MLP epoch 156/200  train mse(z)=0.0868  val mse(z)=0.1203
MLP epoch 157/200  train mse(z)=0.0861  val mse(z)=0.1208
MLP epoch 158/200  train mse(z)=0.0858  val mse(z)=0.1217
MLP epoch 159/200  train mse(z)=0.0855  val mse(z)=0.1223
MLP epoch 160/200  train mse(z)=0.0861  val mse(z)=0.1215
MLP epoch 161/200  train mse(z)=0.0859  val mse(z)=0.1214
MLP epoch 162/200  train mse(z)=0.0864  val mse(z)=0.1213
MLP epoch 163/200  train mse(z)=0.0859  val mse(z)=0.1203
MLP epoch 164/200  train mse(z)=0.0860  val mse(z)=0.1210
MLP epoch 165/200  train mse(z)=0.0859  val mse(z)=0.1217
MLP epoch 166/200  train mse(z)=0.0855  val mse(z)=0.1206
MLP epoch 167/200  train mse(z)=0.0862  val mse(z)=0.1221
MLP epoch 168/200  train mse(z)=0.0860  val mse(z)=0.1214
MLP epoch 169/200  train mse(z)=0.0856  val mse(z)=0.1227
MLP epoch 170/200  train mse(z)=0.0853  val mse(z)=0.1210
MLP epoch 171/200  train mse(z)=0.0854  val mse(z)=0.1214
MLP epoch 172/200  train mse(z)=0.0853  val mse(z)=0.1227
MLP epoch 173/200  train mse(z)=0.0854  val mse(z)=0.1217
MLP epoch 174/200  train mse(z)=0.0856  val mse(z)=0.1234
MLP epoch 175/200  train mse(z)=0.0860  val mse(z)=0.1225
MLP epoch 176/200  train mse(z)=0.0853  val mse(z)=0.1208
MLP epoch 177/200  train mse(z)=0.0856  val mse(z)=0.1224
MLP epoch 178/200  train mse(z)=0.0852  val mse(z)=0.1212
MLP epoch 179/200  train mse(z)=0.0850  val mse(z)=0.1221
MLP epoch 180/200  train mse(z)=0.0855  val mse(z)=0.1231
MLP epoch 181/200  train mse(z)=0.0850  val mse(z)=0.1235
MLP epoch 182/200  train mse(z)=0.0850  val mse(z)=0.1226
MLP epoch 183/200  train mse(z)=0.0856  val mse(z)=0.1214
MLP epoch 184/200  train mse(z)=0.0851  val mse(z)=0.1211
MLP epoch 185/200  train mse(z)=0.0851  val mse(z)=0.1219
MLP epoch 186/200  train mse(z)=0.0848  val mse(z)=0.1222
MLP epoch 187/200  train mse(z)=0.0847  val mse(z)=0.1226
MLP epoch 188/200  train mse(z)=0.0856  val mse(z)=0.1223
MLP epoch 189/200  train mse(z)=0.0850  val mse(z)=0.1217
MLP epoch 190/200  train mse(z)=0.0851  val mse(z)=0.1228
MLP epoch 191/200  train mse(z)=0.0850  val mse(z)=0.1230
MLP epoch 192/200  train mse(z)=0.0855  val mse(z)=0.1240
MLP epoch 193/200  train mse(z)=0.0845  val mse(z)=0.1215
MLP epoch 194/200  train mse(z)=0.0853  val mse(z)=0.1231
MLP epoch 195/200  train mse(z)=0.0846  val mse(z)=0.1231
MLP epoch 196/200  train mse(z)=0.0844  val mse(z)=0.1224
MLP epoch 197/200  train mse(z)=0.0842  val mse(z)=0.1233
MLP epoch 198/200  train mse(z)=0.0845  val mse(z)=0.1228
MLP epoch 199/200  train mse(z)=0.0845  val mse(z)=0.1226
MLP epoch 200/200  train mse(z)=0.0847  val mse(z)=0.1234
Saved decoder loss curve: /home/omo26/Non-Rev-Owen/mcmaze/runs/20260730_222848_d64_h256_dep2_bs64_ep150_lr5e-04_lxp0.0_lbt0.0_lcca10.0_sig10.0_s0/outputs/velocity_prediction_finetune_100ms_hidden/frozen_mlp_loss_curve.png
Saved decoder loss log: /home/omo26/Non-Rev-Owen/mcmaze/runs/20260730_222848_d64_h256_dep2_bs64_ep150_lr5e-04_lxp0.0_lbt0.0_lcca10.0_sig10.0_s0/outputs/velocity_prediction_finetune_100ms_hidden/frozen_mlp_loss_curve.csv
Fine-tuning pretrained-init embedder + MLP decoder...
Initialized fine-tune decoder from the trained frozen-embedding decoder.
Fine-tune epoch   1/200  train mse(z)=0.1562  val mse(z)=0.1082
Fine-tune epoch   2/200  train mse(z)=0.1188  val mse(z)=0.0986
Fine-tune epoch   3/200  train mse(z)=0.1018  val mse(z)=0.0998
Fine-tune epoch   4/200  train mse(z)=0.0933  val mse(z)=0.0947
Fine-tune epoch   5/200  train mse(z)=0.0875  val mse(z)=0.0956
Fine-tune epoch   6/200  train mse(z)=0.0821  val mse(z)=0.0941
Fine-tune epoch   7/200  train mse(z)=0.0779  val mse(z)=0.0958
Fine-tune epoch   8/200  train mse(z)=0.0738  val mse(z)=0.0957
Fine-tune epoch   9/200  train mse(z)=0.0709  val mse(z)=0.0926
Fine-tune epoch  10/200  train mse(z)=0.0678  val mse(z)=0.0950
Fine-tune epoch  11/200  train mse(z)=0.0656  val mse(z)=0.0942
Fine-tune epoch  12/200  train mse(z)=0.0634  val mse(z)=0.0953
Fine-tune epoch  13/200  train mse(z)=0.0612  val mse(z)=0.0958
Fine-tune epoch  14/200  train mse(z)=0.0592  val mse(z)=0.0957
Fine-tune epoch  15/200  train mse(z)=0.0580  val mse(z)=0.0958
Fine-tune epoch  16/200  train mse(z)=0.0564  val mse(z)=0.0977
Fine-tune epoch  17/200  train mse(z)=0.0550  val mse(z)=0.0960
Fine-tune epoch  18/200  train mse(z)=0.0538  val mse(z)=0.0943
Fine-tune epoch  19/200  train mse(z)=0.0532  val mse(z)=0.0965
Fine-tune epoch  20/200  train mse(z)=0.0527  val mse(z)=0.0958
Fine-tune epoch  21/200  train mse(z)=0.0524  val mse(z)=0.0939
Fine-tune epoch  22/200  train mse(z)=0.0514  val mse(z)=0.0978
Fine-tune epoch  23/200  train mse(z)=0.0498  val mse(z)=0.0967
Fine-tune epoch  24/200  train mse(z)=0.0495  val mse(z)=0.0952
Fine-tune epoch  25/200  train mse(z)=0.0483  val mse(z)=0.0940
Fine-tune epoch  26/200  train mse(z)=0.0481  val mse(z)=0.0978
Fine-tune epoch  27/200  train mse(z)=0.0475  val mse(z)=0.0971
Fine-tune epoch  28/200  train mse(z)=0.0463  val mse(z)=0.0964
Fine-tune epoch  29/200  train mse(z)=0.0463  val mse(z)=0.0973
Fine-tune epoch  30/200  train mse(z)=0.0458  val mse(z)=0.0959
Fine-tune epoch  31/200  train mse(z)=0.0452  val mse(z)=0.0973
Fine-tune epoch  32/200  train mse(z)=0.0450  val mse(z)=0.0973
Fine-tune epoch  33/200  train mse(z)=0.0443  val mse(z)=0.0983
Fine-tune epoch  34/200  train mse(z)=0.0440  val mse(z)=0.0981
Fine-tune epoch  35/200  train mse(z)=0.0440  val mse(z)=0.0974
Fine-tune epoch  36/200  train mse(z)=0.0437  val mse(z)=0.0980
Fine-tune epoch  37/200  train mse(z)=0.0434  val mse(z)=0.0974
Fine-tune epoch  38/200  train mse(z)=0.0425  val mse(z)=0.0985
Fine-tune epoch  39/200  train mse(z)=0.0424  val mse(z)=0.0970
Fine-tune epoch  40/200  train mse(z)=0.0419  val mse(z)=0.0978
Fine-tune epoch  41/200  train mse(z)=0.0423  val mse(z)=0.0966
Fine-tune epoch  42/200  train mse(z)=0.0419  val mse(z)=0.0976
Fine-tune epoch  43/200  train mse(z)=0.0411  val mse(z)=0.0994
Fine-tune epoch  44/200  train mse(z)=0.0409  val mse(z)=0.0978
Fine-tune epoch  45/200  train mse(z)=0.0408  val mse(z)=0.0980
Fine-tune epoch  46/200  train mse(z)=0.0413  val mse(z)=0.0994
Fine-tune epoch  47/200  train mse(z)=0.0407  val mse(z)=0.0985
Fine-tune epoch  48/200  train mse(z)=0.0402  val mse(z)=0.0995
Fine-tune epoch  49/200  train mse(z)=0.0399  val mse(z)=0.0974
Fine-tune epoch  50/200  train mse(z)=0.0397  val mse(z)=0.0972
Fine-tune epoch  51/200  train mse(z)=0.0395  val mse(z)=0.0981
Fine-tune epoch  52/200  train mse(z)=0.0398  val mse(z)=0.0997
Fine-tune epoch  53/200  train mse(z)=0.0392  val mse(z)=0.0973
Fine-tune epoch  54/200  train mse(z)=0.0393  val mse(z)=0.0986
Fine-tune epoch  55/200  train mse(z)=0.0389  val mse(z)=0.1000
Fine-tune epoch  56/200  train mse(z)=0.0390  val mse(z)=0.0988
Fine-tune epoch  57/200  train mse(z)=0.0389  val mse(z)=0.1014
Fine-tune epoch  58/200  train mse(z)=0.0388  val mse(z)=0.0970
Fine-tune epoch  59/200  train mse(z)=0.0384  val mse(z)=0.0982
Fine-tune epoch  60/200  train mse(z)=0.0384  val mse(z)=0.0985
Fine-tune epoch  61/200  train mse(z)=0.0381  val mse(z)=0.0990
Fine-tune epoch  62/200  train mse(z)=0.0381  val mse(z)=0.1011
Fine-tune epoch  63/200  train mse(z)=0.0382  val mse(z)=0.0985
Fine-tune epoch  64/200  train mse(z)=0.0383  val mse(z)=0.0999
Fine-tune epoch  65/200  train mse(z)=0.0377  val mse(z)=0.1000
Fine-tune epoch  66/200  train mse(z)=0.0375  val mse(z)=0.0984
Fine-tune epoch  67/200  train mse(z)=0.0373  val mse(z)=0.0985
Fine-tune epoch  68/200  train mse(z)=0.0374  val mse(z)=0.0989
Fine-tune epoch  69/200  train mse(z)=0.0368  val mse(z)=0.0990
Fine-tune epoch  70/200  train mse(z)=0.0369  val mse(z)=0.0985
Fine-tune epoch  71/200  train mse(z)=0.0370  val mse(z)=0.0987
Fine-tune epoch  72/200  train mse(z)=0.0366  val mse(z)=0.0980
Fine-tune epoch  73/200  train mse(z)=0.0362  val mse(z)=0.0983
Fine-tune epoch  74/200  train mse(z)=0.0364  val mse(z)=0.1012
Fine-tune epoch  75/200  train mse(z)=0.0365  val mse(z)=0.0998
Fine-tune epoch  76/200  train mse(z)=0.0366  val mse(z)=0.0988
Fine-tune epoch  77/200  train mse(z)=0.0366  val mse(z)=0.1013
Fine-tune epoch  78/200  train mse(z)=0.0355  val mse(z)=0.1009
Fine-tune epoch  79/200  train mse(z)=0.0360  val mse(z)=0.0991
Fine-tune epoch  80/200  train mse(z)=0.0354  val mse(z)=0.1007
Fine-tune epoch  81/200  train mse(z)=0.0356  val mse(z)=0.1030
Fine-tune epoch  82/200  train mse(z)=0.0358  val mse(z)=0.1007
Fine-tune epoch  83/200  train mse(z)=0.0353  val mse(z)=0.0992
Fine-tune epoch  84/200  train mse(z)=0.0355  val mse(z)=0.1002
Fine-tune epoch  85/200  train mse(z)=0.0349  val mse(z)=0.0991
Fine-tune epoch  86/200  train mse(z)=0.0350  val mse(z)=0.0989
Fine-tune epoch  87/200  train mse(z)=0.0350  val mse(z)=0.0991
Fine-tune epoch  88/200  train mse(z)=0.0355  val mse(z)=0.1009
Fine-tune epoch  89/200  train mse(z)=0.0350  val mse(z)=0.1013
Fine-tune epoch  90/200  train mse(z)=0.0351  val mse(z)=0.1000
Fine-tune epoch  91/200  train mse(z)=0.0347  val mse(z)=0.1004
Fine-tune epoch  92/200  train mse(z)=0.0348  val mse(z)=0.1005
Fine-tune epoch  93/200  train mse(z)=0.0347  val mse(z)=0.1007
Fine-tune epoch  94/200  train mse(z)=0.0349  val mse(z)=0.1009
Fine-tune epoch  95/200  train mse(z)=0.0347  val mse(z)=0.0998
Fine-tune epoch  96/200  train mse(z)=0.0344  val mse(z)=0.1023
Fine-tune epoch  97/200  train mse(z)=0.0343  val mse(z)=0.1014
Fine-tune epoch  98/200  train mse(z)=0.0343  val mse(z)=0.1017
Fine-tune epoch  99/200  train mse(z)=0.0340  val mse(z)=0.1023
Fine-tune epoch 100/200  train mse(z)=0.0340  val mse(z)=0.1019
Fine-tune epoch 101/200  train mse(z)=0.0338  val mse(z)=0.1005
Fine-tune epoch 102/200  train mse(z)=0.0345  val mse(z)=0.1036
Fine-tune epoch 103/200  train mse(z)=0.0340  val mse(z)=0.1013
Fine-tune epoch 104/200  train mse(z)=0.0337  val mse(z)=0.1011
Fine-tune epoch 105/200  train mse(z)=0.0336  val mse(z)=0.1028
Fine-tune epoch 106/200  train mse(z)=0.0339  val mse(z)=0.1028
Fine-tune epoch 107/200  train mse(z)=0.0341  val mse(z)=0.1038
Fine-tune epoch 108/200  train mse(z)=0.0345  val mse(z)=0.1026
Fine-tune epoch 109/200  train mse(z)=0.0338  val mse(z)=0.1028
Fine-tune epoch 110/200  train mse(z)=0.0342  val mse(z)=0.1021
Fine-tune epoch 111/200  train mse(z)=0.0341  val mse(z)=0.1029
Fine-tune epoch 112/200  train mse(z)=0.0334  val mse(z)=0.1017
Fine-tune epoch 113/200  train mse(z)=0.0333  val mse(z)=0.1023
Fine-tune epoch 114/200  train mse(z)=0.0335  val mse(z)=0.1024
Fine-tune epoch 115/200  train mse(z)=0.0338  val mse(z)=0.1034
Fine-tune epoch 116/200  train mse(z)=0.0340  val mse(z)=0.1009
Fine-tune epoch 117/200  train mse(z)=0.0333  val mse(z)=0.1024
Fine-tune epoch 118/200  train mse(z)=0.0330  val mse(z)=0.1031
Fine-tune epoch 119/200  train mse(z)=0.0327  val mse(z)=0.1029
Fine-tune epoch 120/200  train mse(z)=0.0328  val mse(z)=0.1017
Fine-tune epoch 121/200  train mse(z)=0.0334  val mse(z)=0.1020
Fine-tune epoch 122/200  train mse(z)=0.0328  val mse(z)=0.1039
Fine-tune epoch 123/200  train mse(z)=0.0326  val mse(z)=0.1030
Fine-tune epoch 124/200  train mse(z)=0.0323  val mse(z)=0.1042
Fine-tune epoch 125/200  train mse(z)=0.0328  val mse(z)=0.1041
Fine-tune epoch 126/200  train mse(z)=0.0326  val mse(z)=0.1016
Fine-tune epoch 127/200  train mse(z)=0.0325  val mse(z)=0.1036
Fine-tune epoch 128/200  train mse(z)=0.0325  val mse(z)=0.1006
Fine-tune epoch 129/200  train mse(z)=0.0324  val mse(z)=0.1030
Fine-tune epoch 130/200  train mse(z)=0.0323  val mse(z)=0.1035
Fine-tune epoch 131/200  train mse(z)=0.0320  val mse(z)=0.1013
Fine-tune epoch 132/200  train mse(z)=0.0322  val mse(z)=0.1042
Fine-tune epoch 133/200  train mse(z)=0.0321  val mse(z)=0.1026
Fine-tune epoch 134/200  train mse(z)=0.0319  val mse(z)=0.1051
Fine-tune epoch 135/200  train mse(z)=0.0318  val mse(z)=0.1035
Fine-tune epoch 136/200  train mse(z)=0.0320  val mse(z)=0.1046
Fine-tune epoch 137/200  train mse(z)=0.0323  val mse(z)=0.1018
Fine-tune epoch 138/200  train mse(z)=0.0317  val mse(z)=0.1067
Fine-tune epoch 139/200  train mse(z)=0.0320  val mse(z)=0.1056
Fine-tune epoch 140/200  train mse(z)=0.0322  val mse(z)=0.1053
Fine-tune epoch 141/200  train mse(z)=0.0325  val mse(z)=0.1082
Fine-tune epoch 142/200  train mse(z)=0.0322  val mse(z)=0.1039
Fine-tune epoch 143/200  train mse(z)=0.0325  val mse(z)=0.1057
Fine-tune epoch 144/200  train mse(z)=0.0316  val mse(z)=0.1029
Fine-tune epoch 145/200  train mse(z)=0.0319  val mse(z)=0.1025
Fine-tune epoch 146/200  train mse(z)=0.0313  val mse(z)=0.1025
Fine-tune epoch 147/200  train mse(z)=0.0318  val mse(z)=0.1034
Fine-tune epoch 148/200  train mse(z)=0.0318  val mse(z)=0.1030
Fine-tune epoch 149/200  train mse(z)=0.0315  val mse(z)=0.1044
Fine-tune epoch 150/200  train mse(z)=0.0313  val mse(z)=0.1040
Fine-tune epoch 151/200  train mse(z)=0.0312  val mse(z)=0.1039
Fine-tune epoch 152/200  train mse(z)=0.0309  val mse(z)=0.1040
Fine-tune epoch 153/200  train mse(z)=0.0316  val mse(z)=0.1043
Fine-tune epoch 154/200  train mse(z)=0.0316  val mse(z)=0.1056
Fine-tune epoch 155/200  train mse(z)=0.0315  val mse(z)=0.1042
Fine-tune epoch 156/200  train mse(z)=0.0316  val mse(z)=0.1043
Fine-tune epoch 157/200  train mse(z)=0.0315  val mse(z)=0.1065
Fine-tune epoch 158/200  train mse(z)=0.0313  val mse(z)=0.1054
Fine-tune epoch 159/200  train mse(z)=0.0310  val mse(z)=0.1052
Fine-tune epoch 160/200  train mse(z)=0.0314  val mse(z)=0.1043
Fine-tune epoch 161/200  train mse(z)=0.0314  val mse(z)=0.1052
Fine-tune epoch 162/200  train mse(z)=0.0309  val mse(z)=0.1047
Fine-tune epoch 163/200  train mse(z)=0.0310  val mse(z)=0.1063
Fine-tune epoch 164/200  train mse(z)=0.0312  val mse(z)=0.1057
Fine-tune epoch 165/200  train mse(z)=0.0312  val mse(z)=0.1058
Fine-tune epoch 166/200  train mse(z)=0.0313  val mse(z)=0.1048
Fine-tune epoch 167/200  train mse(z)=0.0312  val mse(z)=0.1057
Fine-tune epoch 168/200  train mse(z)=0.0310  val mse(z)=0.1054
Fine-tune epoch 169/200  train mse(z)=0.0309  val mse(z)=0.1028
Fine-tune epoch 170/200  train mse(z)=0.0311  val mse(z)=0.1060
Fine-tune epoch 171/200  train mse(z)=0.0307  val mse(z)=0.1079
Fine-tune epoch 172/200  train mse(z)=0.0305  val mse(z)=0.1077
Fine-tune epoch 173/200  train mse(z)=0.0310  val mse(z)=0.1054
Fine-tune epoch 174/200  train mse(z)=0.0306  val mse(z)=0.1059
Fine-tune epoch 175/200  train mse(z)=0.0306  val mse(z)=0.1077
Fine-tune epoch 176/200  train mse(z)=0.0304  val mse(z)=0.1053
Fine-tune epoch 177/200  train mse(z)=0.0309  val mse(z)=0.1041
Fine-tune epoch 178/200  train mse(z)=0.0306  val mse(z)=0.1050
Fine-tune epoch 179/200  train mse(z)=0.0313  val mse(z)=0.1067
Fine-tune epoch 180/200  train mse(z)=0.0312  val mse(z)=0.1080
Fine-tune epoch 181/200  train mse(z)=0.0309  val mse(z)=0.1070
Fine-tune epoch 182/200  train mse(z)=0.0306  val mse(z)=0.1061
Fine-tune epoch 183/200  train mse(z)=0.0303  val mse(z)=0.1060
Fine-tune epoch 184/200  train mse(z)=0.0307  val mse(z)=0.1053
Fine-tune epoch 185/200  train mse(z)=0.0304  val mse(z)=0.1049
Fine-tune epoch 186/200  train mse(z)=0.0303  val mse(z)=0.1052
Fine-tune epoch 187/200  train mse(z)=0.0305  val mse(z)=0.1064
Fine-tune epoch 188/200  train mse(z)=0.0304  val mse(z)=0.1072
Fine-tune epoch 189/200  train mse(z)=0.0302  val mse(z)=0.1045
Fine-tune epoch 190/200  train mse(z)=0.0303  val mse(z)=0.1077
Fine-tune epoch 191/200  train mse(z)=0.0303  val mse(z)=0.1071
Fine-tune epoch 192/200  train mse(z)=0.0312  val mse(z)=0.1077
Fine-tune epoch 193/200  train mse(z)=0.0305  val mse(z)=0.1087
Fine-tune epoch 194/200  train mse(z)=0.0307  val mse(z)=0.1081
Fine-tune epoch 195/200  train mse(z)=0.0299  val mse(z)=0.1061
Fine-tune epoch 196/200  train mse(z)=0.0297  val mse(z)=0.1082
Fine-tune epoch 197/200  train mse(z)=0.0298  val mse(z)=0.1079
Fine-tune epoch 198/200  train mse(z)=0.0300  val mse(z)=0.1082
Fine-tune epoch 199/200  train mse(z)=0.0298  val mse(z)=0.1067
Fine-tune epoch 200/200  train mse(z)=0.0295  val mse(z)=0.1056
Saved decoder loss curve: /home/omo26/Non-Rev-Owen/mcmaze/runs/20260730_222848_d64_h256_dep2_bs64_ep150_lr5e-04_lxp0.0_lbt0.0_lcca10.0_sig10.0_s0/outputs/velocity_prediction_finetune_100ms_hidden/finetuned_mlp_loss_curve.png
Saved decoder loss log: /home/omo26/Non-Rev-Owen/mcmaze/runs/20260730_222848_d64_h256_dep2_bs64_ep150_lr5e-04_lxp0.0_lbt0.0_lcca10.0_sig10.0_s0/outputs/velocity_prediction_finetune_100ms_hidden/finetuned_mlp_loss_curve.csv
Saved metrics: /home/omo26/Non-Rev-Owen/mcmaze/runs/20260730_222848_d64_h256_dep2_bs64_ep150_lr5e-04_lxp0.0_lbt0.0_lcca10.0_sig10.0_s0/outputs/velocity_prediction_finetune_100ms_hidden/metrics.csv
Saved plot: /home/omo26/Non-Rev-Owen/mcmaze/runs/20260730_222848_d64_h256_dep2_bs64_ep150_lr5e-04_lxp0.0_lbt0.0_lcca10.0_sig10.0_s0/outputs/velocity_prediction_finetune_100ms_hidden/prediction_scatter.png
Saved fine-tuned model: /home/omo26/Non-Rev-Owen/mcmaze/runs/20260730_222848_d64_h256_dep2_bs64_ep150_lr5e-04_lxp0.0_lbt0.0_lcca10.0_sig10.0_s0/outputs/velocity_prediction_finetune_100ms_hidden/finetuned_model.pt

Validation metrics:
  frozen_mlp         R2 mean=0.8888  RMSE mean=80.9075  corr x/y=0.952/0.935
  finetuned_mlp      R2 mean=0.9090  RMSE mean=73.0414  corr x/y=0.963/0.945
